Microchip MPLAB XC8 Compiler V2.32

Linker command line:

--edf=C:\Program Files\Microchip\xc8\v2.32\pic\dat\en_msgs.txt -cn \
  -h+dist/default/production\PongV1.X.production.sym \
  --cmf=dist/default/production\PongV1.X.production.cmf -z -Q18LF25K22 \
  -oC:\Users\SEBAST~1.MET\AppData\Local\Temp\xcAs97k.4 \
  --defsym=__MPLAB_BUILD=1 \
  -Mdist/default/production/PongV1.X.production.map -E1 -ver=XC8 Compiler \
  --acfsm=1493 -ASTACK=01D8h-05FFh -pstack=STACK -ACODE=00h-07FFFh \
  -ACONST=00h-07FFFh -ASMALLCONST=0600h-06FFhx122 \
  -AMEDIUMCONST=0600h-07FFFh -ACOMRAM=01h-05Fh -AABS1=00h-05FFh \
  -ABIGRAM=01h-05FFh -ARAM=060h-0FFh,0100h-01FFhx5 -ABANK0=060h-0FFh \
  -ABANK1=0100h-01FFh -ABANK2=0200h-02FFh -ABANK3=0300h-03FFh \
  -ABANK4=0400h-04FFh -ABANK5=0500h-05FFh -ASFR=0F38h-0F5Fh,0F60h-0FFFh \
  -ACONFIG=0300000h-030000Dh -AIDLOC=0200000h-0200007h \
  -AEEDATA=0F00000h-0F000FFh -peeprom_data=EEDATA \
  -preset_vec=00h,intcode=08h,intcodelo,powerup,init -pramtop=0600h \
  -psmallconst=SMALLCONST -pmediumconst=MEDIUMCONST -pconst=CONST \
  -AFARRAM=00h-00h \
  -prdata=COMRAM,nvrram=COMRAM,nvbit=COMRAM,rbss=COMRAM,rbit=COMRAM \
  -pfarbss=FARRAM,fardata=FARRAM,nvFARRAM=FARRAM \
  -pintsave_regs=BIGRAM,bigbss=BIGRAM,bigdata=BIGRAM -pbss=RAM \
  -pidata=CODE,irdata=CODE,ibigdata=CODE,ifardata=CODE -prparam=COMRAM \
  C:\Users\SEBAST~1.MET\AppData\Local\Temp\xcAs97k.o \
  dist/default/production\PongV1.X.production.o 

Object code version is 3.11

Machine type is 18LF25K22



                Name                               Link     Load   Length Selector   Space Scale
C:\Users\SEBAST~1.MET\AppData\Local\Temp\xcAs97k.o
                idloc                            200000   200000        8        0       5
                config                           300000   300000        E        0       4
                init                                 6E       6E        4        4       0
                reset_vec                             0        0        4        0       0
dist/default/production\PongV1.X.production.o
                intcode                               8        8       66        4       0
                idloc                            200000   200000        8        0       5
                config                           300000   300000        E        0       4
                temp                                 4E       4E        1        1       1
                mediumconst                        7836     7836      7CA     3C1B       0
                text91                             58DC     58DC        C        4       0
                text90                             58D0     58D0        C        4       0
                text89                             5132     5132       70        4       0
                text88                             5358     5358       52        4       0
                text87                             55F6     55F6       34        4       0
                text86                             4C22     4C22       94        4       0
                text84                             58C4     58C4        C        4       0
                text83                             58B8     58B8        C        4       0
                text82                             50C2     50C2       70        4       0
                text81                             53AA     53AA       4E        4       0
                text80                             24FA     24FA      2D2        4       0
                text79                             339C     339C      156        4       0
                text78                             4798     4798       AE        4       0
                text77                             3A08     3A08      132        4       0
                text76                             4E56     4E56       84        4       0
                text75                             57C4     57C4       26        4       0
                text74                             550C     550C       42        4       0
                text73                             1706     1706      3CA        4       0
                text72                             3642     3642      148        4       0
                text71                             3B3A     3B3A      124        4       0
                text70                             56C0     56C0       32        4       0
                text69                             58F2     58F2        2        4       0
                text68                             4CB6     4CB6       90        4       0
                text67                             56F2     56F2       30        4       0
                text66                             4F5C     4F5C       80        4       0
                text65                             2F5E     2F5E      22E        4       0
                text64                             34F2     34F2      150        4       0
                text63                             5440     5440       48        4       0
                text62                             54CA     54CA       42        4       0
                text61                             4310     4310       CC        4       0
                text60                             4DD2     4DD2       84        4       0
                text59                             46DE     46DE       BA        4       0
                text58                             5306     5306       52        4       0
                text57                             5488     5488       42        4       0
                text56                              91C      91C      532        4       0
                text55                             38CA     38CA      13E        4       0
                text54                             318C     318C      210        4       0
                text53                              E4E      E4E      4B6        4       0
                text52                             4AE6     4AE6       A0        4       0
                text51                             1304     1304      402        4       0
                text50                             3D78     3D78      10E        4       0
                text49                             3C5E     3C5E      11A        4       0
                text48                             5050     5050       72        4       0
                text47                             406E     406E       EE        4       0
                text46                             4B86     4B86       9C        4       0
                text45                             51A2     51A2       62        4       0
                text44                             3E86     3E86       FA        4       0
                text43                             3F80     3F80       EE        4       0
                text42                             4A42     4A42       A4        4       0
                text41                             579E     579E       26        4       0
                text40                             1E64     1E64      382        4       0
                text39                             499A     499A       A8        4       0
                text38                             48F2     48F2       A8        4       0
                text37                             52B4     52B4       52        4       0
                text36                             558A     558A       38        4       0
                text35                             1AD0     1AD0      394        4       0
                text34                             58A2     58A2       16        4       0
                text33                             43DC     43DC       CA        4       0
                text32                             4EDA     4EDA       82        4       0
                text31                             5262     5262       52        4       0
                text30                               72       72      8AA        4       0
                text29                             568E     568E       32        4       0
                text28                             574E     574E       2A        4       0
                text27                             44A6     44A6       C2        4       0
                text26                             4846     4846       AC        4       0
                text25                             415C     415C       E8        4       0
                text24                             21E6     21E6      314        4       0
                text23                             4244     4244       CC        4       0
                text22                             57EA     57EA       22        4       0
                text21                             582C     582C       1E        4       0
                text20                             5722     5722       2C        4       0
                text19                             565C     565C       32        4       0
                text18                             588C     588C       16        4       0
                text17                             5876     5876       16        4       0
                text16                             55C2     55C2       34        4       0
                text15                             2A6A     2A6A      288        4       0
                text14                             4624     4624       BA        4       0
                text13                             378A     378A      140        4       0
                text12                             554E     554E       3C        4       0
                text11                             2CF2     2CF2      26C        4       0
                text10                             5204     5204       5E        4       0
                text9                              53F8     53F8       48        4       0
                text8                              4D46     4D46       8C        4       0
                text7                              27CC     27CC      29E        4       0
                text6                              4FDC     4FDC       74        4       0
                text5                              5860     5860       16        4       0
                text4                              584A     584A       16        4       0
                text3                              580C     580C       20        4       0
                text2                              5778     5778       26        4       0
                text1                              4568     4568       BC        4       0
                text0                              58E8     58E8        A        4       0
                cstackCOMRAM                          1        1       46        1       1
                cstackBANK0                          60       60       50       60       1
                bssBANK1                            100      100       D8      100       1
                bssBANK0                             B0       B0       4B       60       1
                bssCOMRAM                            47       47        7        1       1
                cinit                              562A     562A       32        4       0

TOTAL           Name                               Link     Load   Length     Space
        CLASS   STACK          

        CLASS   CODE           
                intcode                               8        8       66         0
                init                                 6E       6E        4         0
                reset_vec                             0        0        4         0
                text91                             58DC     58DC        C         0
                text90                             58D0     58D0        C         0
                text89                             5132     5132       70         0
                text88                             5358     5358       52         0
                text87                             55F6     55F6       34         0
                text86                             4C22     4C22       94         0
                text84                             58C4     58C4        C         0
                text83                             58B8     58B8        C         0
                text82                             50C2     50C2       70         0
                text81                             53AA     53AA       4E         0
                text80                             24FA     24FA      2D2         0
                text79                             339C     339C      156         0
                text78                             4798     4798       AE         0
                text77                             3A08     3A08      132         0
                text76                             4E56     4E56       84         0
                text75                             57C4     57C4       26         0
                text74                             550C     550C       42         0
                text73                             1706     1706      3CA         0
                text72                             3642     3642      148         0
                text71                             3B3A     3B3A      124         0
                text70                             56C0     56C0       32         0
                text69                             58F2     58F2        2         0
                text68                             4CB6     4CB6       90         0
                text67                             56F2     56F2       30         0
                text66                             4F5C     4F5C       80         0
                text65                             2F5E     2F5E      22E         0
                text64                             34F2     34F2      150         0
                text63                             5440     5440       48         0
                text62                             54CA     54CA       42         0
                text61                             4310     4310       CC         0
                text60                             4DD2     4DD2       84         0
                text59                             46DE     46DE       BA         0
                text58                             5306     5306       52         0
                text57                             5488     5488       42         0
                text56                              91C      91C      532         0
                text55                             38CA     38CA      13E         0
                text54                             318C     318C      210         0
                text53                              E4E      E4E      4B6         0
                text52                             4AE6     4AE6       A0         0
                text51                             1304     1304      402         0
                text50                             3D78     3D78      10E         0
                text49                             3C5E     3C5E      11A         0
                text48                             5050     5050       72         0
                text47                             406E     406E       EE         0
                text46                             4B86     4B86       9C         0
                text45                             51A2     51A2       62         0
                text44                             3E86     3E86       FA         0
                text43                             3F80     3F80       EE         0
                text42                             4A42     4A42       A4         0
                text41                             579E     579E       26         0
                text40                             1E64     1E64      382         0
                text39                             499A     499A       A8         0
                text38                             48F2     48F2       A8         0
                text37                             52B4     52B4       52         0
                text36                             558A     558A       38         0
                text35                             1AD0     1AD0      394         0
                text34                             58A2     58A2       16         0
                text33                             43DC     43DC       CA         0
                text32                             4EDA     4EDA       82         0
                text31                             5262     5262       52         0
                text30                               72       72      8AA         0
                text29                             568E     568E       32         0
                text28                             574E     574E       2A         0
                text27                             44A6     44A6       C2         0
                text26                             4846     4846       AC         0
                text25                             415C     415C       E8         0
                text24                             21E6     21E6      314         0
                text23                             4244     4244       CC         0
                text22                             57EA     57EA       22         0
                text21                             582C     582C       1E         0
                text20                             5722     5722       2C         0
                text19                             565C     565C       32         0
                text18                             588C     588C       16         0
                text17                             5876     5876       16         0
                text16                             55C2     55C2       34         0
                text15                             2A6A     2A6A      288         0
                text14                             4624     4624       BA         0
                text13                             378A     378A      140         0
                text12                             554E     554E       3C         0
                text11                             2CF2     2CF2      26C         0
                text10                             5204     5204       5E         0
                text9                              53F8     53F8       48         0
                text8                              4D46     4D46       8C         0
                text7                              27CC     27CC      29E         0
                text6                              4FDC     4FDC       74         0
                text5                              5860     5860       16         0
                text4                              584A     584A       16         0
                text3                              580C     580C       20         0
                text2                              5778     5778       26         0
                text1                              4568     4568       BC         0
                text0                              58E8     58E8        A         0
                cinit                              562A     562A       32         0

        CLASS   CONST          

        CLASS   SMALLCONST     

        CLASS   MEDIUMCONST    
                mediumconst                        7836     7836      7CA         0

        CLASS   COMRAM         
                temp                                 4E       4E        1         1
                cstackCOMRAM                          1        1       46         1
                bssCOMRAM                            47       47        7         1

        CLASS   ABS1           

        CLASS   BIGRAM         

        CLASS   RAM            

        CLASS   BANK0          
                cstackBANK0                          60       60       50         1
                bssBANK0                             B0       B0       4B         1

        CLASS   BANK1          
                bssBANK1                            100      100       D8         1

        CLASS   BANK2          

        CLASS   BANK3          

        CLASS   BANK4          

        CLASS   BANK5          

        CLASS   SFR            

        CLASS   CONFIG         
                config                           300000   300000        E         4

        CLASS   IDLOC          
                idloc                            200000   200000        8         5

        CLASS   EEDATA         

        CLASS   FARRAM         



SEGMENTS        Name                           Load    Length   Top    Selector   Space  Class

                reset_vec                      000000  000004  000004         0       0  CODE    
                cstackCOMRAM                   000001  00004E  00004F         1       1  COMRAM  
                intcode                        000008  0058EC  0058F4         4       0  CODE    
                cstackBANK0                    000060  00009B  0000FB        60       1  BANK0   
                bssBANK1                       000100  0000D8  0001D8       100       1  BANK1   
                mediumconst                    007836  0007CA  008000      3C1B       0  MEDIUMCO


UNUSED ADDRESS RANGES

        Name                Unused          Largest block    Delta
        BANK0            0000FB-0000FF                5
        BANK1            0001D8-0001FF               28
        BANK2            000200-0002FF              100
        BANK3            000300-0003FF              100
        BANK4            000400-0004FF              100
        BANK5            000500-0005FF              100
        BIGRAM           00004F-00005F               11
                         0000FB-0000FF                5
                         0001D8-0005FF              428
        CODE             000004-000007                4
                         0058F4-007835             1F42
        COMRAM           00004F-00005F               11
        CONST            000004-000007                4
                         0058F4-007835             1F42
        EEDATA           F00000-F000FF              100
        MEDIUMCONST      0058F4-007835             1F42
        RAM              0000FB-0000FF                5
                         0001D8-0005FF              100
        SFR              000F38-000FFF               28
        SMALLCONST       0058F4-007835              100
        STACK            0001D8-0005FF              428

                                  Symbol Table

?_LCD_Read                            cstackCOMRAM 000012
?_RGB2LCD                             cstackCOMRAM 000012
?___aodiv                             cstackCOMRAM 000012
?___aomod                             cstackCOMRAM 000012
?___awdiv                             cstackCOMRAM 000012
?___awmod                             cstackCOMRAM 000012
?___fldiv                             cstackCOMRAM 000020
?___fltol                             cstackCOMRAM 000039
?___lwdiv                             cstackCOMRAM 000020
?___lwmod                             cstackCOMRAM 000012
?___wmul                              cstackCOMRAM 00001A
?___xxtofl                            cstackCOMRAM 000012
?_abs                                 cstackCOMRAM 000024
?_dtoa                                cstackCOMRAM 00002C
?_pad                                 cstackCOMRAM 00001F
?_sprintf                             cstackBANK0  00007E
?_strlen                              cstackCOMRAM 000012
?_vfpfcnvrt                           cstackCOMRAM 00003D
?_vfprintf                            cstackBANK0  00007A
?i2___awmod                           cstackCOMRAM 000001
Ball_Update@b                         cstackCOMRAM 000012
Ball_draw@b                           cstackCOMRAM 000025
Ball_init@b                           cstackCOMRAM 000012
ENTERCRITICAL@inISR                   cstackCOMRAM 000012
Factory_exec@ev                       cstackBANK0  0000AF
GameParameters_init@s                 cstackCOMRAM 00002B
GameParameters_resetPos@s             cstackCOMRAM 000012
GameParameters_setBackLight@s         cstackCOMRAM 000012
GameParameters_setBackLight@value     cstackCOMRAM 000014
GameParameters_setLevel@s             cstackCOMRAM 000012
GameParameters_setLevel@value         cstackCOMRAM 000014
GameParameters_setX@s                 cstackCOMRAM 000012
GameParameters_setX@value             cstackCOMRAM 000014
GameParameters_setY@s                 cstackCOMRAM 000012
GameParameters_setY@value             cstackCOMRAM 000014
LCD_Bitmap@bfOffBits                  cstackBANK0  000060
LCD_Bitmap@biHeight                   cstackBANK0  00006B
LCD_Bitmap@biWidth                    cstackBANK0  000076
LCD_Bitmap@bmpPtr                     cstackCOMRAM 000027
LCD_Bitmap@color                      cstackBANK0  00006F
LCD_Bitmap@colorTablePtr              cstackBANK0  000069
LCD_Bitmap@curXPos                    cstackBANK0  00006D
LCD_Bitmap@curYPos                    cstackBANK0  000067
LCD_Bitmap@endOfImage                 cstackBANK0  000064
LCD_Bitmap@i                          cstackBANK0  00007A
LCD_Bitmap@jumpColor                  cstackBANK0  000078
LCD_Bitmap@jumpCount                  cstackBANK0  000065
LCD_Bitmap@newY                       cstackBANK0  000074
LCD_Bitmap@pixelCount                 cstackBANK0  000073
LCD_Bitmap@posX                       cstackCOMRAM 000029
LCD_Bitmap@posY                       cstackCOMRAM 00002B
LCD_Bitmap@strPtr                     cstackBANK0  000071
LCD_ButtonCreate@bgColor              cstackCOMRAM 00001C
LCD_ButtonCreate@button               cstackCOMRAM 000028
LCD_ButtonCreate@font                 cstackCOMRAM 000020
LCD_ButtonCreate@fpOut                cstackCOMRAM 000026
LCD_ButtonCreate@fpPress              cstackCOMRAM 000022
LCD_ButtonCreate@fpReleased           cstackCOMRAM 000024
LCD_ButtonCreate@height               cstackCOMRAM 000018
LCD_ButtonCreate@index                cstackCOMRAM 00002A
LCD_ButtonCreate@posX                 cstackCOMRAM 000012
LCD_ButtonCreate@posY                 cstackCOMRAM 000014
LCD_ButtonCreate@textOrBmp            cstackCOMRAM 00001E
LCD_ButtonCreate@txtColor             cstackCOMRAM 00001A
LCD_ButtonCreate@width                cstackCOMRAM 000016
LCD_ButtonDraw@bmpPtr                 cstackBANK0  000098
LCD_ButtonDraw@button                 cstackCOMRAM 000042
LCD_ButtonDraw@i                      cstackBANK0  000097
LCD_ButtonDraw@tempChar               cstackBANK0  000088
LCD_ButtonDraw@width                  cstackBANK0  000089
LCD_ButtonDraw@x1                     cstackBANK0  00008B
LCD_ButtonDraw@x2                     cstackBANK0  00008D
LCD_ButtonDraw@xText                  cstackBANK0  000093
LCD_ButtonDraw@y1                     cstackBANK0  00008F
LCD_ButtonDraw@y2                     cstackBANK0  000091
LCD_ButtonDraw@yText                  cstackBANK0  000095
LCD_ButtonUpdate@button               cstackCOMRAM 000025
LCD_ButtonUpdate@colorIn              cstackCOMRAM 00002D
LCD_ButtonUpdate@colorOut             cstackCOMRAM 00002B
LCD_ButtonUpdate@x1                   cstackCOMRAM 000033
LCD_ButtonUpdate@x2                   cstackCOMRAM 00002F
LCD_ButtonUpdate@y1                   cstackCOMRAM 000031
LCD_ButtonUpdate@y2                   cstackCOMRAM 000035
LCD_DrawRect@color                    cstackCOMRAM 00001B
LCD_DrawRect@colorH                   cstackCOMRAM 000021
LCD_DrawRect@colorL                   cstackCOMRAM 000022
LCD_DrawRect@fill                     cstackCOMRAM 00001A
LCD_DrawRect@i                        cstackCOMRAM 000023
LCD_DrawRect@j                        cstackCOMRAM 00001D
LCD_DrawRect@posX1                    cstackCOMRAM 000012
LCD_DrawRect@posX2                    cstackCOMRAM 000016
LCD_DrawRect@posY1                    cstackCOMRAM 000014
LCD_DrawRect@posY2                    cstackCOMRAM 000018
LCD_DrawRect@temp                     cstackCOMRAM 00001F
LCD_DrawText@align                    cstackCOMRAM 000024
LCD_DrawText@bg_color                 cstackCOMRAM 00002B
LCD_DrawText@color                    cstackCOMRAM 000029
LCD_DrawText@font                     cstackCOMRAM 000022
LCD_DrawText@fontByte                 cstackCOMRAM 000037
LCD_DrawText@fontPixel                cstackCOMRAM 000038
LCD_DrawText@i                        cstackCOMRAM 00003E
LCD_DrawText@msg                      cstackCOMRAM 000020
LCD_DrawText@offset                   cstackCOMRAM 000033
LCD_DrawText@posX                     cstackCOMRAM 000025
LCD_DrawText@posXEnd                  cstackCOMRAM 00003B
LCD_DrawText@posY                     cstackCOMRAM 000027
LCD_DrawText@posYEnd                  cstackCOMRAM 000039
LCD_DrawText@tempChar                 cstackCOMRAM 00003F
LCD_DrawText@width                    cstackCOMRAM 000041
LCD_DrawText@x                        cstackCOMRAM 000040
LCD_DrawText@y                        cstackCOMRAM 00003D
LCD_DrawText@yOffset                  cstackCOMRAM 000035
LCD_Fill@color                        cstackCOMRAM 000012
LCD_Fill@colorH                       cstackCOMRAM 000014
LCD_Fill@colorL                       cstackCOMRAM 000015
LCD_Fill@column                       cstackCOMRAM 000016
LCD_Fill@page                         cstackCOMRAM 000018
LCD_InButton@button                   cstackCOMRAM 000012
LCD_InButton@posX                     cstackCOMRAM 000014
LCD_InButton@posY                     cstackCOMRAM 000016
LCD_InSlider@posX                     cstackCOMRAM 000014
LCD_InSlider@posY                     cstackCOMRAM 000016
LCD_InSlider@slider                   cstackCOMRAM 000012
LCD_Init@i                            cstackCOMRAM 000018
LCD_Lowlevel_Init@i                   cstackCOMRAM 000013
LCD_Read@color                        cstackCOMRAM 000018
LCD_Read@posX                         cstackCOMRAM 000012
LCD_Read@posY                         cstackCOMRAM 000014
LCD_Read@temp16                       cstackCOMRAM 00001A
LCD_SliderCreate@bgColor              cstackCOMRAM 00001C
LCD_SliderCreate@borderColor          cstackCOMRAM 00001E
LCD_SliderCreate@cursorWidth          cstackCOMRAM 000020
LCD_SliderCreate@fpPress              cstackCOMRAM 000024
LCD_SliderCreate@height               cstackCOMRAM 000018
LCD_SliderCreate@posX                 cstackCOMRAM 000012
LCD_SliderCreate@posY                 cstackCOMRAM 000014
LCD_SliderCreate@sldColor             cstackCOMRAM 00001A
LCD_SliderCreate@slider               cstackCOMRAM 000026
LCD_SliderCreate@steps                cstackCOMRAM 000022
LCD_SliderCreate@width                cstackCOMRAM 000016
LCD_SliderDraw@slider                 cstackCOMRAM 000037
LCD_SliderDraw@x1                     cstackCOMRAM 00003D
LCD_SliderDraw@x2                     cstackCOMRAM 00003F
LCD_SliderDraw@y1                     cstackCOMRAM 000041
LCD_SliderDraw@y2                     cstackCOMRAM 000043
LCD_SliderUpdate@slider               cstackCOMRAM 000027
LCD_SliderUpdate@x1                   cstackCOMRAM 000035
LCD_SliderUpdate@x2                   cstackCOMRAM 00002F
LCD_SliderUpdate@y1                   cstackCOMRAM 000031
LCD_SliderUpdate@y2                   cstackCOMRAM 000033
LEAVECRITICAL@inISR                   cstackCOMRAM 000012
Menu_endGame@g                        cstackCOMRAM 000044
Menu_inGameDraw@g                     cstackBANK0  00008D
Menu_parametersDraw@g                 cstackCOMRAM 000045
Menu_welcomeDraw@g                    cstackCOMRAM 000044
Paddle_addX@add                       cstackCOMRAM 000016
Paddle_addX@p                         cstackCOMRAM 000012
Paddle_addX@value                     cstackCOMRAM 000014
Paddle_draw@p                         cstackCOMRAM 000025
Paddle_init@p                         cstackCOMRAM 000012
Paddle_init@team                      cstackCOMRAM 000014
RGB2LCD@blue                          cstackCOMRAM 00001C
RGB2LCD@color                         cstackCOMRAM 00001E
RGB2LCD@colorTableEntry               cstackCOMRAM 000012
RGB2LCD@green                         cstackCOMRAM 00001A
RGB2LCD@red                           cstackCOMRAM 000018
Score_draw@s                          cstackBANK0  00008B
Score_init@s                          cstackCOMRAM 000012
XF_decrementAndQueueTimers@i          cstackCOMRAM 00000C
XF_init@i                             cstackCOMRAM 000012
XF_popEvent@ev                        cstackCOMRAM 000018
XF_popEvent@inISR                     cstackCOMRAM 000019
XF_pushEvent@ev                       cstackCOMRAM 000019
XF_pushEvent@inISR                    cstackCOMRAM 000018
XF_pushEvent@temp                     cstackCOMRAM 00001A
XF_scheduleTimer@ev                   cstackCOMRAM 000015
XF_scheduleTimer@i                    cstackCOMRAM 000017
XF_scheduleTimer@inISR                cstackCOMRAM 000016
XF_scheduleTimer@tm                   cstackCOMRAM 000013
XF_unscheduleTimer@id                 cstackCOMRAM 000014
XF_unscheduleTimer@inISR              cstackCOMRAM 000013
_ADCON0                               (abs)        000FC2
_ADCON2                               (abs)        000FC0
_ADRESH                               (abs)        000FC4
_ADRESL                               (abs)        000FC3
_ANSB1                                (abs)        0079C9
_ANSB2                                (abs)        0079CA
_Ball_Update                          text32       004EDA
_Ball_draw                            text79       00339C
_Ball_init                            text45       0051A2
_CCP2CONbits                          (abs)        000F66
_CCPR2L                               (abs)        000F67
_ENTERCRITICAL                        text84       0058C4
_Factory_exec                         text9        0053F8
_Factory_init                         text1        004568
_GIE                                  (abs)        007F97
_GameParameters_init                  text40       001E64
_GameParameters_resetPos              text28       00574E
_GameParameters_setBackLight          text36       00558A
_GameParameters_setLevel              text34       0058A2
_GameParameters_setX                  text18       00588C
_GameParameters_setY                  text17       005876
_INT1IE                               (abs)        007F83
_INT1IF                               (abs)        007F80
_INTEDG1                              (abs)        007F8D
_LATA                                 (abs)        000F89
_LATB1                                (abs)        007C51
_LATB2                                (abs)        007C52
_LATB3                                (abs)        007C53
_LATB4                                (abs)        007C54
_LATC0                                (abs)        007C58
_LATC2                                (abs)        007C5A
_LATC3                                (abs)        007C5B
_LATC4                                (abs)        007C5C
_LATC5                                (abs)        007C5D
_LCD_Bitmap                           text56       00091C
_LCD_ButtonCreate                     text44       003E86
_LCD_ButtonDraw                       text53       000E4E
_LCD_ButtonUpdate                     text54       00318C
_LCD_DrawRect                         text80       0024FA
_LCD_DrawText                         text73       001706
_LCD_Fill                             text78       004798
_LCD_InButton                         text39       00499A
_LCD_InSlider                         text38       0048F2
_LCD_Init                             text7        0027CC
_LCD_Lowlevel_Init                    text8        004D46
_LCD_Read                             text55       0038CA
_LCD_SliderCreate                     text43       003F80
_LCD_SliderDraw                       text50       003D78
_LCD_SliderUpdate                     text51       001304
_LEAVECRITICAL                        text83       0058B8
_Menu_endGame                         text52       004AE6
_Menu_inGameDraw                      text60       004DD2
_Menu_parametersDraw                  text49       003C5E
_Menu_welcomeDraw                     text48       005050
_OSCCON                               (abs)        000FD3
_PLLEN                                (abs)        007CDE
_PORTA                                (abs)        000F80
_PORTBbits                            (abs)        000F81
_PR2                                  (abs)        000FBB
_Paddle_addX                          text27       0044A6
_Paddle_draw                          text77       003A08
_Paddle_init                          text42       004A42
_RBPU                                 (abs)        007F8F
_RGB2LCD                              text59       0046DE
_Score_draw                           text61       004310
_Score_init                           text41       00579E
_T0CON                                (abs)        000FD5
_T2CONbits                            (abs)        000FBA
_TMR0H                                (abs)        000FD7
_TMR0IE                               (abs)        007F95
_TMR0IF                               (abs)        007F92
_TMR0L                                (abs)        000FD6
_TMR2IF                               (abs)        007CF1
_TRISA                                (abs)        000F92
_TRISB1                               (abs)        007C99
_TRISB2                               (abs)        007C9A
_TRISB3                               (abs)        007C9B
_TRISB4                               (abs)        007C9C
_TRISC                                (abs)        000F94
_TRISC0                               (abs)        007CA0
_TRISC1                               (abs)        007CA1
_TRISC2                               (abs)        007CA2
_TRISC3                               (abs)        007CA3
_TRISC4                               (abs)        007CA4
_TRISC5                               (abs)        007CA5
_WPUB                                 (abs)        000F61
_XF_decrementAndQueueTimers           text86       004C22
_XF_init                              text6        004FDC
_XF_popEvent                          text81       0053AA
_XF_pushEvent                         text31       005262
_XF_scheduleTimer                     text37       0052B4
_XF_unscheduleTimer                   text16       0055C2
__HRAM                                (abs)        000000
__Habs1                               abs1         000000
__Hbank0                              bank0        000000
__Hbank1                              bank1        000000
__Hbank2                              bank2        000000
__Hbank3                              bank3        000000
__Hbank4                              bank4        000000
__Hbank5                              bank5        000000
__Hbigbss                             bigbss       000000
__Hbigdata                            bigdata      000000
__Hbigram                             bigram       000000
__Hbss                                bss          000000
__HbssBANK0                           bssBANK0     000000
__HbssBANK1                           bssBANK1     000000
__HbssCOMRAM                          bssCOMRAM    000000
__Hcinit                              cinit        000000
__Hclrtext                            clrtext      000000
__Hcomram                             comram       000000
__Hconfig                             config       30000E
__Hconst                              const        000000
__HcstackBANK0                        cstackBANK0  000000
__HcstackCOMRAM                       cstackCOMRAM 000000
__Hdata                               data         000000
__Heeprom_data                        eeprom_data  000000
__Hfarbss                             farbss       000000
__Hfardata                            fardata      000000
__Hibigdata                           ibigdata     000000
__Hidata                              idata        000000
__Hidloc                              idloc        200008
__Hifardata                           ifardata     000000
__Hinit                               init         000072
__Hintcode                            intcode      00006E
__Hintcode_body                       intcode_body 000000
__Hintcodelo                          intcodelo    00006E
__Hintentry                           intentry     000000
__Hintret                             intret       000000
__Hintsave_regs                       intsave_regs 000000
__Hirdata                             irdata       000000
__Hmediumconst                        mediumconst  008000
__HnvFARRAM                           nvFARRAM     000000
__Hnvbit                              nvbit        000000
__Hnvrram                             nvrram       000000
__Hparam                              rparam       000000
__Hpowerup                            powerup      00006E
__Hram                                ram          000000
__Hramtop                             ramtop       000600
__Hrbit                               rbit         000000
__Hrbss                               rbss         000000
__Hrdata                              rdata        000000
__Hreset_vec                          reset_vec    000004
__Hrparam                             rparam       000000
__Hsfr                                sfr          000000
__Hsmallconst                         smallconst   000000
__Hspace_0                            (abs)        008000
__Hspace_1                            (abs)        0001D8
__Hspace_2                            (abs)        000000
__Hspace_4                            (abs)        60000E
__Hstack                              stack        000000
__Hstruct                             struct       000000
__Htemp                               temp         00004F
__Htext                               text         000000
__Htext0                              text0        000000
__Htext1                              text1        000000
__Htext10                             text10       000000
__Htext11                             text11       000000
__Htext12                             text12       000000
__Htext13                             text13       000000
__Htext14                             text14       000000
__Htext15                             text15       000000
__Htext16                             text16       000000
__Htext17                             text17       000000
__Htext18                             text18       000000
__Htext19                             text19       000000
__Htext2                              text2        000000
__Htext20                             text20       000000
__Htext21                             text21       000000
__Htext22                             text22       000000
__Htext23                             text23       000000
__Htext24                             text24       000000
__Htext25                             text25       000000
__Htext26                             text26       000000
__Htext27                             text27       000000
__Htext28                             text28       000000
__Htext29                             text29       000000
__Htext3                              text3        000000
__Htext30                             text30       000000
__Htext31                             text31       000000
__Htext32                             text32       000000
__Htext33                             text33       000000
__Htext34                             text34       000000
__Htext35                             text35       000000
__Htext36                             text36       000000
__Htext37                             text37       000000
__Htext38                             text38       000000
__Htext39                             text39       000000
__Htext4                              text4        000000
__Htext40                             text40       000000
__Htext41                             text41       000000
__Htext42                             text42       000000
__Htext43                             text43       000000
__Htext44                             text44       000000
__Htext45                             text45       000000
__Htext46                             text46       000000
__Htext47                             text47       000000
__Htext48                             text48       000000
__Htext49                             text49       000000
__Htext5                              text5        000000
__Htext50                             text50       000000
__Htext51                             text51       000000
__Htext52                             text52       000000
__Htext53                             text53       000000
__Htext54                             text54       000000
__Htext55                             text55       000000
__Htext56                             text56       000000
__Htext57                             text57       000000
__Htext58                             text58       000000
__Htext59                             text59       000000
__Htext6                              text6        000000
__Htext60                             text60       000000
__Htext61                             text61       000000
__Htext62                             text62       000000
__Htext63                             text63       000000
__Htext64                             text64       000000
__Htext65                             text65       000000
__Htext66                             text66       000000
__Htext67                             text67       000000
__Htext68                             text68       000000
__Htext69                             text69       000000
__Htext7                              text7        000000
__Htext70                             text70       000000
__Htext71                             text71       000000
__Htext72                             text72       000000
__Htext73                             text73       000000
__Htext74                             text74       000000
__Htext75                             text75       000000
__Htext76                             text76       000000
__Htext77                             text77       000000
__Htext78                             text78       000000
__Htext79                             text79       000000
__Htext8                              text8        000000
__Htext80                             text80       000000
__Htext81                             text81       000000
__Htext82                             text82       000000
__Htext83                             text83       000000
__Htext84                             text84       000000
__Htext86                             text86       000000
__Htext87                             text87       000000
__Htext88                             text88       000000
__Htext89                             text89       000000
__Htext9                              text9        000000
__Htext90                             text90       000000
__Htext91                             text91       000000
__LRAM                                (abs)        000001
__Labs1                               abs1         000000
__Lbank0                              bank0        000000
__Lbank1                              bank1        000000
__Lbank2                              bank2        000000
__Lbank3                              bank3        000000
__Lbank4                              bank4        000000
__Lbank5                              bank5        000000
__Lbigbss                             bigbss       000000
__Lbigdata                            bigdata      000000
__Lbigram                             bigram       000000
__Lbss                                bss          000000
__LbssBANK0                           bssBANK0     000000
__LbssBANK1                           bssBANK1     000000
__LbssCOMRAM                          bssCOMRAM    000000
__Lcinit                              cinit        000000
__Lclrtext                            clrtext      000000
__Lcomram                             comram       000000
__Lconfig                             config       000000
__Lconst                              const        000000
__LcstackBANK0                        cstackBANK0  000000
__LcstackCOMRAM                       cstackCOMRAM 000000
__Ldata                               data         000000
__Leeprom_data                        eeprom_data  000000
__Lfarbss                             farbss       000000
__Lfardata                            fardata      000000
__Libigdata                           ibigdata     000000
__Lidata                              idata        000000
__Lidloc                              idloc        000000
__Lifardata                           ifardata     000000
__Linit                               init         00006E
__Lintcode                            intcode      000008
__Lintcode_body                       intcode_body 000000
__Lintcodelo                          intcodelo    00006E
__Lintentry                           intentry     000000
__Lintret                             intret       000000
__Lintsave_regs                       intsave_regs 000000
__Lirdata                             irdata       000000
__Lmediumconst                        mediumconst  007836
__LnvFARRAM                           nvFARRAM     000000
__Lnvbit                              nvbit        000000
__Lnvrram                             nvrram       000000
__Lparam                              rparam       000000
__Lpowerup                            powerup      00006E
__Lram                                ram          000000
__Lramtop                             ramtop       000600
__Lrbit                               rbit         000000
__Lrbss                               rbss         000000
__Lrdata                              rdata        000000
__Lreset_vec                          reset_vec    000000
__Lrparam                             rparam       000000
__Lsfr                                sfr          000000
__Lsmallconst                         smallconst   000000
__Lspace_0                            (abs)        000000
__Lspace_1                            (abs)        000000
__Lspace_2                            (abs)        000000
__Lspace_4                            (abs)        000000
__Lstack                              stack        000000
__Lstruct                             struct       000000
__Ltemp                               temp         00004E
__Ltext                               text         000000
__Ltext0                              text0        000000
__Ltext1                              text1        000000
__Ltext10                             text10       000000
__Ltext11                             text11       000000
__Ltext12                             text12       000000
__Ltext13                             text13       000000
__Ltext14                             text14       000000
__Ltext15                             text15       000000
__Ltext16                             text16       000000
__Ltext17                             text17       000000
__Ltext18                             text18       000000
__Ltext19                             text19       000000
__Ltext2                              text2        000000
__Ltext20                             text20       000000
__Ltext21                             text21       000000
__Ltext22                             text22       000000
__Ltext23                             text23       000000
__Ltext24                             text24       000000
__Ltext25                             text25       000000
__Ltext26                             text26       000000
__Ltext27                             text27       000000
__Ltext28                             text28       000000
__Ltext29                             text29       000000
__Ltext3                              text3        000000
__Ltext30                             text30       000000
__Ltext31                             text31       000000
__Ltext32                             text32       000000
__Ltext33                             text33       000000
__Ltext34                             text34       000000
__Ltext35                             text35       000000
__Ltext36                             text36       000000
__Ltext37                             text37       000000
__Ltext38                             text38       000000
__Ltext39                             text39       000000
__Ltext4                              text4        000000
__Ltext40                             text40       000000
__Ltext41                             text41       000000
__Ltext42                             text42       000000
__Ltext43                             text43       000000
__Ltext44                             text44       000000
__Ltext45                             text45       000000
__Ltext46                             text46       000000
__Ltext47                             text47       000000
__Ltext48                             text48       000000
__Ltext49                             text49       000000
__Ltext5                              text5        000000
__Ltext50                             text50       000000
__Ltext51                             text51       000000
__Ltext52                             text52       000000
__Ltext53                             text53       000000
__Ltext54                             text54       000000
__Ltext55                             text55       000000
__Ltext56                             text56       000000
__Ltext57                             text57       000000
__Ltext58                             text58       000000
__Ltext59                             text59       000000
__Ltext6                              text6        000000
__Ltext60                             text60       000000
__Ltext61                             text61       000000
__Ltext62                             text62       000000
__Ltext63                             text63       000000
__Ltext64                             text64       000000
__Ltext65                             text65       000000
__Ltext66                             text66       000000
__Ltext67                             text67       000000
__Ltext68                             text68       000000
__Ltext69                             text69       000000
__Ltext7                              text7        000000
__Ltext70                             text70       000000
__Ltext71                             text71       000000
__Ltext72                             text72       000000
__Ltext73                             text73       000000
__Ltext74                             text74       000000
__Ltext75                             text75       000000
__Ltext76                             text76       000000
__Ltext77                             text77       000000
__Ltext78                             text78       000000
__Ltext79                             text79       000000
__Ltext8                              text8        000000
__Ltext80                             text80       000000
__Ltext81                             text81       000000
__Ltext82                             text82       000000
__Ltext83                             text83       000000
__Ltext84                             text84       000000
__Ltext86                             text86       000000
__Ltext87                             text87       000000
__Ltext88                             text88       000000
__Ltext89                             text89       000000
__Ltext9                              text9        000000
__Ltext90                             text90       000000
__Ltext91                             text91       000000
__S0                                  (abs)        008000
__S1                                  (abs)        0001D8
__S2                                  (abs)        000000
__S4                                  (abs)        000000
__S5                                  (abs)        000000
___aodiv                              text72       003642
___aodiv@counter                      cstackCOMRAM 000022
___aodiv@dividend                     cstackCOMRAM 000012
___aodiv@divisor                      cstackCOMRAM 00001A
___aodiv@quotient                     cstackCOMRAM 000024
___aodiv@sign                         cstackCOMRAM 000023
___aomod                              text71       003B3A
___aomod@counter                      cstackCOMRAM 000022
___aomod@dividend                     cstackCOMRAM 000012
___aomod@divisor                      cstackCOMRAM 00001A
___aomod@sign                         cstackCOMRAM 000023
___awdiv                              text76       004E56
___awdiv@counter                      cstackCOMRAM 000016
___awdiv@dividend                     cstackCOMRAM 000012
___awdiv@divisor                      cstackCOMRAM 000014
___awdiv@quotient                     cstackCOMRAM 000018
___awdiv@sign                         cstackCOMRAM 000017
___awmod                              text82       0050C2
___awmod@counter                      cstackCOMRAM 000016
___awmod@dividend                     cstackCOMRAM 000012
___awmod@divisor                      cstackCOMRAM 000014
___awmod@sign                         cstackCOMRAM 000017
___fldiv                              text15       002A6A
___fldiv@a                            cstackCOMRAM 000024
___fldiv@aexp                         cstackCOMRAM 000038
___fldiv@b                            cstackCOMRAM 000020
___fldiv@bexp                         cstackCOMRAM 000037
___fldiv@grs                          cstackCOMRAM 000033
___fldiv@new_exp                      cstackCOMRAM 000031
___fldiv@rem                          cstackCOMRAM 00002C
___fldiv@sign                         cstackCOMRAM 000030
___fltol                              text14       004624
___fltol@exp1                         cstackCOMRAM 000042
___fltol@f1                           cstackCOMRAM 000039
___fltol@sign1                        cstackCOMRAM 000041
___inthi_sp                           stack        000000
___intlo_sp                           stack        000000
___lwdiv                              text58       005306
___lwdiv@counter                      cstackCOMRAM 000026
___lwdiv@dividend                     cstackCOMRAM 000020
___lwdiv@divisor                      cstackCOMRAM 000022
___lwdiv@quotient                     cstackCOMRAM 000024
___lwmod                              text57       005488
___lwmod@counter                      cstackCOMRAM 000016
___lwmod@dividend                     cstackCOMRAM 000012
___lwmod@divisor                      cstackCOMRAM 000014
___param_bank                         (abs)        000000
___rparam_used                        (abs)        000001
___sp                                 stack        000000
___wmul                               text75       0057C4
___wmul@multiplicand                  cstackCOMRAM 00001C
___wmul@multiplier                    cstackCOMRAM 00001A
___wmul@product                       cstackCOMRAM 00001E
___xxtofl                             text13       00378A
___xxtofl@arg                         cstackCOMRAM 00001C
___xxtofl@exp                         cstackCOMRAM 00001B
___xxtofl@sign                        cstackCOMRAM 00001A
___xxtofl@val                         cstackCOMRAM 000012
__accesstop                           (abs)        000060
__activetblptr                        (abs)        000002
__end_of_Ball_Update                  text32       004F5C
__end_of_Ball_draw                    text79       0034F2
__end_of_Ball_init                    text45       005204
__end_of_ENTERCRITICAL                text84       0058D0
__end_of_Factory_exec                 text9        005440
__end_of_Factory_init                 text1        004624
__end_of_GameParameters_init          text40       0021E6
__end_of_GameParameters_resetPos      text28       005778
__end_of_GameParameters_setBackLight  text36       0055C2
__end_of_GameParameters_setLevel      text34       0058B8
__end_of_GameParameters_setX          text18       0058A2
__end_of_GameParameters_setY          text17       00588C
__end_of_LCD_Bitmap                   text56       000E4E
__end_of_LCD_ButtonCreate             text44       003F80
__end_of_LCD_ButtonDraw               text53       001304
__end_of_LCD_ButtonUpdate             text54       00339C
__end_of_LCD_DrawRect                 text80       0027CC
__end_of_LCD_DrawText                 text73       001AD0
__end_of_LCD_Fill                     text78       004846
__end_of_LCD_InButton                 text39       004A42
__end_of_LCD_InSlider                 text38       00499A
__end_of_LCD_Init                     text7        002A6A
__end_of_LCD_Lowlevel_Init            text8        004DD2
__end_of_LCD_Read                     text55       003A08
__end_of_LCD_SliderCreate             text43       00406E
__end_of_LCD_SliderDraw               text50       003E86
__end_of_LCD_SliderUpdate             text51       001706
__end_of_LEAVECRITICAL                text83       0058C4
__end_of_Menu_endGame                 text52       004B86
__end_of_Menu_inGameDraw              text60       004E56
__end_of_Menu_parametersDraw          text49       003D78
__end_of_Menu_welcomeDraw             text48       0050C2
__end_of_Paddle_addX                  text27       004568
__end_of_Paddle_draw                  text77       003B3A
__end_of_Paddle_init                  text42       004AE6
__end_of_RGB2LCD                      text59       004798
__end_of_Score_draw                   text61       0043DC
__end_of_Score_init                   text41       0057C4
__end_of_XF_decrementAndQueueTimers   text86       004CB6
__end_of_XF_init                      text6        005050
__end_of_XF_popEvent                  text81       0053F8
__end_of_XF_pushEvent                 text31       0052B4
__end_of_XF_scheduleTimer             text37       005306
__end_of_XF_unscheduleTimer           text16       0055F6
__end_of___aodiv                      text72       00378A
__end_of___aomod                      text71       003C5E
__end_of___awdiv                      text76       004EDA
__end_of___awmod                      text82       005132
__end_of___fldiv                      text15       002CF2
__end_of___fltol                      text14       0046DE
__end_of___lwdiv                      text58       005358
__end_of___lwmod                      text57       0054CA
__end_of___wmul                       text75       0057EA
__end_of___xxtofl                     text13       0038CA
__end_of__initialization              cinit        00564E
__end_of_abs                          text70       0056F2
__end_of_arialNarrow_12ptBitmaps      mediumconst  007E5E
__end_of_arialNarrow_12ptDescriptors  mediumconst  007F7B
__end_of_arialNarrow_12ptFontInfo     mediumconst  007F82
__end_of_backlightController          text35       001E64
__end_of_checkCollision               text30       00091C
__end_of_configMeasure                text12       00558A
__end_of_configPinSleep               text21       00584A
__end_of_configTouch                  text22       00580C
__end_of_displayController            text47       00415C
__end_of_displayInit                  text5        005876
__end_of_displaySM                    text46       004C22
__end_of_dtoa                         text65       00318C
__end_of_fputc                        text68       004D46
__end_of_fputs                        text67       005722
__end_of_gameControllerController     text24       0024FA
__end_of_gameControllerInit           text4        005860
__end_of_gameControllerSM             text23       004310
__end_of_isr                          intcode      00006E
__end_of_levelController              text33       0044A6
__end_of_main                         text0        0058F2
__end_of_mooveBall                    text29       0056C0
__end_of_moovePaddle1                 text26       0048F2
__end_of_moovePaddle2                 text25       004244
__end_of_pad                          text66       004FDC
__end_of_putch                        text69       0058F4
__end_of_sleepController              text20       00574E
__end_of_sleepInit                    text2        00579E
__end_of_sleepSM                      text19       00568E
__end_of_sprintf                      text62       00550C
__end_of_strlen                       text74       00554E
__end_of_touchScreenController        text11       002F5E
__end_of_touchScreenInit              text3        00582C
__end_of_touchScreenSM                text10       005262
__end_of_vfpfcnvrt                    text64       003642
__end_of_vfprintf                     text63       005488
__end_ofi2_ENTERCRITICAL              text91       0058E8
__end_ofi2_LEAVECRITICAL              text90       0058DC
__end_ofi2_XF_pushEvent               text88       0053AA
__end_ofi2_XF_unscheduleTimer         text87       00562A
__end_ofi2___awmod                    text89       0051A2
__initialization                      cinit        00562A
__mediumconst                         mediumconst  007836
__pbssBANK0                           bssBANK0     0000B0
__pbssBANK1                           bssBANK1     000100
__pbssCOMRAM                          bssCOMRAM    000047
__pcinit                              cinit        00562A
__pcstackBANK0                        cstackBANK0  000060
__pcstackCOMRAM                       cstackCOMRAM 000001
__pintcode                            intcode      000008
__pmediumconst                        mediumconst  007836
__ptext0                              text0        0058E8
__ptext1                              text1        004568
__ptext10                             text10       005204
__ptext11                             text11       002CF2
__ptext12                             text12       00554E
__ptext13                             text13       00378A
__ptext14                             text14       004624
__ptext15                             text15       002A6A
__ptext16                             text16       0055C2
__ptext17                             text17       005876
__ptext18                             text18       00588C
__ptext19                             text19       00565C
__ptext2                              text2        005778
__ptext20                             text20       005722
__ptext21                             text21       00582C
__ptext22                             text22       0057EA
__ptext23                             text23       004244
__ptext24                             text24       0021E6
__ptext25                             text25       00415C
__ptext26                             text26       004846
__ptext27                             text27       0044A6
__ptext28                             text28       00574E
__ptext29                             text29       00568E
__ptext3                              text3        00580C
__ptext30                             text30       000072
__ptext31                             text31       005262
__ptext32                             text32       004EDA
__ptext33                             text33       0043DC
__ptext34                             text34       0058A2
__ptext35                             text35       001AD0
__ptext36                             text36       00558A
__ptext37                             text37       0052B4
__ptext38                             text38       0048F2
__ptext39                             text39       00499A
__ptext4                              text4        00584A
__ptext40                             text40       001E64
__ptext41                             text41       00579E
__ptext42                             text42       004A42
__ptext43                             text43       003F80
__ptext44                             text44       003E86
__ptext45                             text45       0051A2
__ptext46                             text46       004B86
__ptext47                             text47       00406E
__ptext48                             text48       005050
__ptext49                             text49       003C5E
__ptext5                              text5        005860
__ptext50                             text50       003D78
__ptext51                             text51       001304
__ptext52                             text52       004AE6
__ptext53                             text53       000E4E
__ptext54                             text54       00318C
__ptext55                             text55       0038CA
__ptext56                             text56       00091C
__ptext57                             text57       005488
__ptext58                             text58       005306
__ptext59                             text59       0046DE
__ptext6                              text6        004FDC
__ptext60                             text60       004DD2
__ptext61                             text61       004310
__ptext62                             text62       0054CA
__ptext63                             text63       005440
__ptext64                             text64       0034F2
__ptext65                             text65       002F5E
__ptext66                             text66       004F5C
__ptext67                             text67       0056F2
__ptext68                             text68       004CB6
__ptext69                             text69       0058F2
__ptext7                              text7        0027CC
__ptext70                             text70       0056C0
__ptext71                             text71       003B3A
__ptext72                             text72       003642
__ptext73                             text73       001706
__ptext74                             text74       00550C
__ptext75                             text75       0057C4
__ptext76                             text76       004E56
__ptext77                             text77       003A08
__ptext78                             text78       004798
__ptext79                             text79       00339C
__ptext8                              text8        004D46
__ptext80                             text80       0024FA
__ptext81                             text81       0053AA
__ptext82                             text82       0050C2
__ptext83                             text83       0058B8
__ptext84                             text84       0058C4
__ptext86                             text86       004C22
__ptext87                             text87       0055F6
__ptext88                             text88       005358
__ptext89                             text89       005132
__ptext9                              text9        0053F8
__ptext90                             text90       0058D0
__ptext91                             text91       0058DC
__ramtop                              ramtop       000600
__size_of_Ball_Update                 (abs)        000000
__size_of_Ball_draw                   (abs)        000000
__size_of_Ball_init                   (abs)        000000
__size_of_ENTERCRITICAL               (abs)        000000
__size_of_Factory_exec                (abs)        000000
__size_of_Factory_init                (abs)        000000
__size_of_GameParameters_init         (abs)        000000
__size_of_GameParameters_resetPos     (abs)        000000
__size_of_GameParameters_setBackLight (abs)        000000
__size_of_GameParameters_setLevel     (abs)        000000
__size_of_GameParameters_setX         (abs)        000000
__size_of_GameParameters_setY         (abs)        000000
__size_of_LCD_Bitmap                  (abs)        000000
__size_of_LCD_ButtonCreate            (abs)        000000
__size_of_LCD_ButtonDraw              (abs)        000000
__size_of_LCD_ButtonUpdate            (abs)        000000
__size_of_LCD_DrawRect                (abs)        000000
__size_of_LCD_DrawText                (abs)        000000
__size_of_LCD_Fill                    (abs)        000000
__size_of_LCD_InButton                (abs)        000000
__size_of_LCD_InSlider                (abs)        000000
__size_of_LCD_Init                    (abs)        000000
__size_of_LCD_Lowlevel_Init           (abs)        000000
__size_of_LCD_Read                    (abs)        000000
__size_of_LCD_SliderCreate            (abs)        000000
__size_of_LCD_SliderDraw              (abs)        000000
__size_of_LCD_SliderUpdate            (abs)        000000
__size_of_LEAVECRITICAL               (abs)        000000
__size_of_Menu_endGame                (abs)        000000
__size_of_Menu_inGameDraw             (abs)        000000
__size_of_Menu_parametersDraw         (abs)        000000
__size_of_Menu_welcomeDraw            (abs)        000000
__size_of_Paddle_addX                 (abs)        000000
__size_of_Paddle_draw                 (abs)        000000
__size_of_Paddle_init                 (abs)        000000
__size_of_RGB2LCD                     (abs)        000000
__size_of_Score_draw                  (abs)        000000
__size_of_Score_init                  (abs)        000000
__size_of_XF_decrementAndQueueTimers  (abs)        000000
__size_of_XF_init                     (abs)        000000
__size_of_XF_popEvent                 (abs)        000000
__size_of_XF_pushEvent                (abs)        000000
__size_of_XF_scheduleTimer            (abs)        000000
__size_of_XF_unscheduleTimer          (abs)        000000
__size_of___aodiv                     (abs)        000000
__size_of___aomod                     (abs)        000000
__size_of___awdiv                     (abs)        000000
__size_of___awmod                     (abs)        000000
__size_of___fldiv                     (abs)        000000
__size_of___fltol                     (abs)        000000
__size_of___lwdiv                     (abs)        000000
__size_of___lwmod                     (abs)        000000
__size_of___wmul                      (abs)        000000
__size_of___xxtofl                    (abs)        000000
__size_of_abs                         (abs)        000000
__size_of_backlightController         (abs)        000000
__size_of_checkCollision              (abs)        000000
__size_of_configMeasure               (abs)        000000
__size_of_configPinSleep              (abs)        000000
__size_of_configTouch                 (abs)        000000
__size_of_displayController           (abs)        000000
__size_of_displayInit                 (abs)        000000
__size_of_displaySM                   (abs)        000000
__size_of_dtoa                        (abs)        000000
__size_of_fputc                       (abs)        000000
__size_of_fputs                       (abs)        000000
__size_of_gameControllerController    (abs)        000000
__size_of_gameControllerInit          (abs)        000000
__size_of_gameControllerSM            (abs)        000000
__size_of_isr                         (abs)        000000
__size_of_levelController             (abs)        000000
__size_of_main                        (abs)        000000
__size_of_mooveBall                   (abs)        000000
__size_of_moovePaddle1                (abs)        000000
__size_of_moovePaddle2                (abs)        000000
__size_of_pad                         (abs)        000000
__size_of_putch                       (abs)        000000
__size_of_sleepController             (abs)        000000
__size_of_sleepInit                   (abs)        000000
__size_of_sleepSM                     (abs)        000000
__size_of_sprintf                     (abs)        000000
__size_of_strlen                      (abs)        000000
__size_of_touchScreenController       (abs)        000000
__size_of_touchScreenInit             (abs)        000000
__size_of_touchScreenSM               (abs)        000000
__size_of_vfpfcnvrt                   (abs)        000000
__size_of_vfprintf                    (abs)        000000
__size_ofi2_ENTERCRITICAL             (abs)        000000
__size_ofi2_LEAVECRITICAL             (abs)        000000
__size_ofi2_XF_pushEvent              (abs)        000000
__size_ofi2_XF_unscheduleTimer        (abs)        000000
__size_ofi2___awmod                   (abs)        000000
__smallconst                          smallconst   000000
_abs                                  text70       0056C0
_arialNarrow_12ptBitmaps              mediumconst  007837
_arialNarrow_12ptDescriptors          mediumconst  007E5E
_arialNarrow_12ptFontInfo             mediumconst  007F7B
_backlightController                  text35       001AD0
_checkCollision                       text30       000072
_configMeasure                        text12       00554E
_configPinSleep                       text21       00582C
_configTouch                          text22       0057EA
_dbuf                                 bssBANK0     0000DB
_displayController                    text47       00406E
_displayInit                          text5        005860
_displaySM                            text46       004B86
_displayState                         bssBANK0     0000D8
_dtoa                                 text65       002F5E
_dtoa$5218                            cstackBANK0  000060
_flags                                bssCOMRAM    00004B
_fputc                                text68       004CB6
_fputs                                text67       0056F2
_g1                                   bssBANK1     000100
_gameControllerController             text24       0021E6
_gameControllerInit                   text4        00584A
_gameControllerSM                     text23       004244
_gameStateMachine                     bssCOMRAM    00004D
_isr                                  intcode      000008
_levelController                      text33       0043DC
_main                                 text0        0058E8
_mooveBall                            text29       00568E
_moovePaddle1                         text26       004846
_moovePaddle2                         text25       00415C
_nout                                 bssBANK0     0000D6
_pad                                  text66       004F5C
_prec                                 bssCOMRAM    000049
_putch                                text69       0058F2
_sleepController                      text20       005722
_sleepInit                            text2        005778
_sleepSM                              text19       00565C
_sleepState                           bssBANK0     0000DA
_sprintf                              text62       0054CA
_strlen                               text74       00550C
_theXF                                bssBANK0     0000B0
_touchScreenController                text11       002CF2
_touchScreenInit                      text3        00580C
_touchScreenSM                        text10       005204
_touchScreenState                     bssBANK0     0000D9
_vfpfcnvrt                            text64       0034F2
_vfprintf                             text63       005440
_width                                bssCOMRAM    000047
abs@a                                 cstackCOMRAM 000024
backlightController@g                 cstackCOMRAM 000018
btemp                                 temp         00004E
checkCollision@g                      cstackCOMRAM 00001B
configMeasure@channel                 cstackCOMRAM 000012
displayController@ev                  cstackBANK0  00009E
displayController@g                   cstackBANK0  00009C
displayInit@g                         cstackBANK0  0000A1
displaySM@ev                          cstackBANK0  0000A5
displaySM@g                           cstackBANK0  0000A1
dtoa@d                                cstackCOMRAM 00002D
dtoa@fp                               cstackCOMRAM 00002C
dtoa@i                                cstackBANK0  000070
dtoa@n                                cstackBANK0  000068
dtoa@p                                cstackBANK0  000062
dtoa@s                                cstackBANK0  000066
dtoa@w                                cstackBANK0  000064
end_of_initialization                 cinit        00564E
fputc@c                               cstackCOMRAM 000012
fputc@fp                              cstackCOMRAM 000014
fputs@c                               cstackCOMRAM 00001C
fputs@fp                              cstackCOMRAM 00001B
fputs@i                               cstackCOMRAM 00001D
fputs@s                               cstackCOMRAM 00001A
gameControllerController@ev           cstackCOMRAM 000039
gameControllerController@g            cstackCOMRAM 000037
gameControllerInit@g                  cstackCOMRAM 00003C
gameControllerSM@ev                   cstackCOMRAM 000040
gameControllerSM@g                    cstackCOMRAM 00003C
i2ENTERCRITICAL@inISR                 cstackCOMRAM 000001
i2LEAVECRITICAL@inISR                 cstackCOMRAM 000001
i2XF_pushEvent@ev                     cstackCOMRAM 000008
i2XF_pushEvent@inISR                  cstackCOMRAM 000007
i2XF_pushEvent@temp                   cstackCOMRAM 000009
i2XF_unscheduleTimer@id               cstackCOMRAM 000003
i2XF_unscheduleTimer@inISR            cstackCOMRAM 000002
i2_ENTERCRITICAL                      text91       0058DC
i2_LEAVECRITICAL                      text90       0058D0
i2_XF_pushEvent                       text88       005358
i2_XF_unscheduleTimer                 text87       0055F6
i2___awmod                            text89       005132
i2___awmod@counter                    cstackCOMRAM 000005
i2___awmod@dividend                   cstackCOMRAM 000001
i2___awmod@divisor                    cstackCOMRAM 000003
i2___awmod@sign                       cstackCOMRAM 000006
int$flags                             temp         00004E
intlevel0                             text         000000
intlevel1                             text         000000
intlevel2                             text         000000
intlevel3                             text         000000
isa$std                               (abs)        000001
isa$xinst                             (abs)        000000
levelController@g                     cstackCOMRAM 000016
mooveBall@g                           cstackCOMRAM 000025
moovePaddle1@g                        cstackCOMRAM 00001C
moovePaddle2@g                        cstackCOMRAM 00001C
pad@buf                               cstackCOMRAM 000020
pad@fp                                cstackCOMRAM 00001F
pad@i                                 cstackCOMRAM 000024
pad@p                                 cstackCOMRAM 000021
pad@w                                 cstackCOMRAM 000026
sleepInit@g                           cstackBANK0  0000A3
sleepSM@ev                            cstackCOMRAM 000016
sprintf@ap                            cstackBANK0  000084
sprintf@f                             cstackBANK0  000085
sprintf@fmt                           cstackBANK0  000080
sprintf@s                             cstackBANK0  00007E
stackhi                               (abs)        0005FF
stacklo                               (abs)        0001D8
start                                 init         00006E
start_initialization                  cinit        00562A
strlen@a                              cstackCOMRAM 000014
strlen@s                              cstackCOMRAM 000012
touchScreenController@g               cstackBANK0  00008B
touchScreenController@i               cstackBANK0  0000A7
touchScreenController@s               cstackBANK0  000093
touchScreenController@valueX          cstackBANK0  0000AB
touchScreenController@valueY          cstackBANK0  0000A9
touchScreenSM@ev                      cstackCOMRAM 000045
touchScreenSM@g                       cstackBANK0  0000AD
ttemp5                                temp         00004F
ttemp6                                temp         000052
ttemp7                                temp         000056
vfpfcnvrt@ap                          cstackCOMRAM 00003F
vfpfcnvrt@fmt                         cstackCOMRAM 00003E
vfpfcnvrt@fp                          cstackCOMRAM 00003D
vfpfcnvrt@ll                          cstackBANK0  000072
vfprintf@ap                           cstackBANK0  00007D
vfprintf@cfmt                         cstackCOMRAM 000040
vfprintf@fmt                          cstackBANK0  00007B
vfprintf@fp                           cstackBANK0  00007A
wtemp8                                temp         00004F


MODULE INFORMATION

Module		Function		Class		Link	Load	Size
C:\Program Files\Microchip\xc8\v2.32\pic\sources\c99\common\nf_sprintf.c
		_sprintf       		CODE           	54CA	0000	66

C:\Program Files\Microchip\xc8\v2.32\pic\sources\c99\common\nf_sprintf.c estimated size: 66

C:\Program Files\Microchip\xc8\v2.32\pic\sources\c99\common\awdiv.c
		___awdiv       		CODE           	4E56	0000	132

C:\Program Files\Microchip\xc8\v2.32\pic\sources\c99\common\awdiv.c estimated size: 132

gameFunction.c
		_moovePaddle1  		CODE           	4846	0000	172
		_moovePaddle2  		CODE           	415C	0000	232
		_checkCollision		CODE           	0072	0000	2218
		_mooveBall     		CODE           	568E	0000	50
		_backlightController		CODE           	1AD0	0000	916
		_levelController		CODE           	43DC	0000	202

gameFunction.c estimated size: 3790

class/gameParameters.c
		_GameParameters_setX		CODE           	588C	0000	22
		_GameParameters_init		CODE           	1E64	0000	898
		_GameParameters_setY		CODE           	5876	0000	22
		_GameParameters_setLevel		CODE           	58A2	0000	22
		_GameParameters_setBackLight		CODE           	558A	0000	56
		_GameParameters_resetPos		CODE           	574E	0000	42

class/gameParameters.c estimated size: 1062

C:\Program Files\Microchip\xc8\v2.32\pic\sources\c99\common\doprnt.c
		_vfpfcnvrt     		CODE           	34F2	0000	336
		_pad           		CODE           	4F5C	0000	128
		_dtoa          		CODE           	2F5E	0000	558
		_vfprintf      		CODE           	5440	0000	72

C:\Program Files\Microchip\xc8\v2.32\pic\sources\c99\common\doprnt.c estimated size: 1094

class/factory.c
		_Factory_exec  		CODE           	53F8	0000	72
		_Factory_init  		CODE           	4568	0000	188

class/factory.c estimated size: 260

class/score.c
		_Score_draw    		CODE           	4310	0000	204
		_Score_init    		CODE           	579E	0000	38

class/score.c estimated size: 242

stateMachine/sleepSM.c
		_sleepSM       		CODE           	565C	0000	50
		_sleepInit     		CODE           	5778	0000	38
		_configPinSleep		CODE           	582C	0000	30
		_sleepController		CODE           	5722	0000	44

stateMachine/sleepSM.c estimated size: 162

C:\Program Files\Microchip\xc8\v2.32\pic\sources\c99\common\lwmod.c
		___lwmod       		CODE           	5488	0000	66

C:\Program Files\Microchip\xc8\v2.32\pic\sources\c99\common\lwmod.c estimated size: 66

C:\Program Files\Microchip\xc8\v2.32\pic\sources\c99\common\nf_fputs.c
		_fputs         		CODE           	56F2	0000	48

C:\Program Files\Microchip\xc8\v2.32\pic\sources\c99\common\nf_fputs.c estimated size: 48

C:\Program Files\Microchip\xc8\v2.32\pic\sources\c99\common\putch.c
		_putch         		CODE           	58F2	0000	2

C:\Program Files\Microchip\xc8\v2.32\pic\sources\c99\common\putch.c estimated size: 2

C:\Program Files\Microchip\xc8\v2.32\pic\sources\c99\common\Umul16.c
		___wmul        		CODE           	57C4	0000	38

C:\Program Files\Microchip\xc8\v2.32\pic\sources\c99\common\Umul16.c estimated size: 38

C:\Program Files\Microchip\xc8\v2.32\pic\sources\c99\common\abs.c
		_abs           		CODE           	56C0	0000	50

C:\Program Files\Microchip\xc8\v2.32\pic\sources\c99\common\abs.c estimated size: 50

stateMachine/touchScreenSM.c
		_configTouch   		CODE           	57EA	0000	34
		_touchScreenInit		CODE           	580C	0000	32
		_touchScreenController		CODE           	2CF2	0000	620
		_configMeasure 		CODE           	554E	0000	60
		_touchScreenSM 		CODE           	5204	0000	94

stateMachine/touchScreenSM.c estimated size: 840

C:\Program Files\Microchip\xc8\v2.32\pic\sources\c99\common\aomod.c
		___aomod       		CODE           	3B3A	0000	292

C:\Program Files\Microchip\xc8\v2.32\pic\sources\c99\common\aomod.c estimated size: 292

libraries/lcd_lowlevel.c
		_LCD_Lowlevel_Init		CODE           	4D46	0000	140
		_LCD_Read      		CODE           	38CA	0000	318

libraries/lcd_lowlevel.c estimated size: 458

shared
		_arialNarrow_12ptFontInfo		MEDIUMCONST    	7F7B	0000	7
		i2_XF_pushEvent		CODE           	5358	0000	82
		_arialNarrow_12ptBitmaps		MEDIUMCONST    	7837	0000	1575
		i2_ENTERCRITICAL		CODE           	58DC	0000	12
		i2_XF_unscheduleTimer		CODE           	55F6	0000	52
		__initialization		CODE           	562A	0000	36
		i2_LEAVECRITICAL		CODE           	58D0	0000	12
		i2___awmod     		CODE           	5132	0000	112
		_arialNarrow_12ptDescriptors		MEDIUMCONST    	7E5E	0000	285

shared estimated size: 2173

C:\Program Files\Microchip\xc8\v2.32\pic\sources\c99\common\awmod.c
		___awmod       		CODE           	50C2	0000	112

C:\Program Files\Microchip\xc8\v2.32\pic\sources\c99\common\awmod.c estimated size: 112

C:\Program Files\Microchip\xc8\v2.32\pic\sources\c99\common\sprcdiv.c
		___fldiv       		CODE           	2A6A	0000	648

C:\Program Files\Microchip\xc8\v2.32\pic\sources\c99\common\sprcdiv.c estimated size: 648

stateMachine/display.c
		_displaySM     		CODE           	4B86	0000	156
		_displayInit   		CODE           	5860	0000	22
		_displayController		CODE           	406E	0000	238

stateMachine/display.c estimated size: 416

class/menu.c
		_Menu_inGameDraw		CODE           	4DD2	0000	132
		_Menu_endGame  		CODE           	4AE6	0000	160
		_Menu_welcomeDraw		CODE           	5050	0000	114
		_Menu_parametersDraw		CODE           	3C5E	0000	282

class/menu.c estimated size: 688

libraries/lcd_highlevel.c
		_LCD_Init      		CODE           	27CC	0000	670
		_LCD_ButtonDraw		CODE           	0E4E	0000	1206
		_LCD_DrawRect  		CODE           	24FA	0000	722
		_LCD_DrawText  		CODE           	1706	0000	970
		_LCD_SliderCreate		CODE           	3F80	0000	238
		_LCD_SliderUpdate		CODE           	1304	0000	1026
		_LCD_InButton  		CODE           	499A	0000	168
		_LCD_SliderDraw		CODE           	3D78	0000	270
		_RGB2LCD       		CODE           	46DE	0000	186
		_LCD_Bitmap    		CODE           	091C	0000	1330
		_LCD_Fill      		CODE           	4798	0000	174
		_LCD_ButtonCreate		CODE           	3E86	0000	250
		_LCD_ButtonUpdate		CODE           	318C	0000	528
		_LCD_InSlider  		CODE           	48F2	0000	168

libraries/lcd_highlevel.c estimated size: 7906

xf/xf.c
		_XF_popEvent   		CODE           	53AA	0000	78
		_XF_init       		CODE           	4FDC	0000	116
		_XF_pushEvent  		CODE           	5262	0000	82
		_ENTERCRITICAL 		CODE           	58C4	0000	12
		_XF_decrementAndQueueTimers		CODE           	4C22	0000	148
		_XF_unscheduleTimer		CODE           	55C2	0000	52
		_XF_scheduleTimer		CODE           	52B4	0000	82
		_LEAVECRITICAL 		CODE           	58B8	0000	12

xf/xf.c estimated size: 582

C:\Program Files\Microchip\xc8\v2.32\pic\sources\c99\common\lwdiv.c
		___lwdiv       		CODE           	5306	0000	82

C:\Program Files\Microchip\xc8\v2.32\pic\sources\c99\common\lwdiv.c estimated size: 82

class/ball.c
		_Ball_Update   		CODE           	4EDA	0000	130
		_Ball_init     		CODE           	51A2	0000	98
		_Ball_draw     		CODE           	339C	0000	342

class/ball.c estimated size: 570

C:\Program Files\Microchip\xc8\v2.32\pic\sources\c99\common\fltol.c
		___fltol       		CODE           	4624	0000	186

C:\Program Files\Microchip\xc8\v2.32\pic\sources\c99\common\fltol.c estimated size: 186

C:\Program Files\Microchip\xc8\v2.32\pic\sources\c99\common\xxtofl.c
		___xxtofl      		CODE           	378A	0000	320

C:\Program Files\Microchip\xc8\v2.32\pic\sources\c99\common\xxtofl.c estimated size: 320

C:\Program Files\Microchip\xc8\v2.32\pic\sources\c99\common\nf_fputc.c
		_fputc         		CODE           	4CB6	0000	144

C:\Program Files\Microchip\xc8\v2.32\pic\sources\c99\common\nf_fputc.c estimated size: 144

C:\Program Files\Microchip\xc8\v2.32\pic\sources\c99\common\aodiv.c
		___aodiv       		CODE           	3642	0000	328

C:\Program Files\Microchip\xc8\v2.32\pic\sources\c99\common\aodiv.c estimated size: 328

stateMachine/gameController.c
		_gameControllerController		CODE           	21E6	0000	788
		_gameControllerInit		CODE           	584A	0000	22
		_gameControllerSM		CODE           	4244	0000	204

stateMachine/gameController.c estimated size: 1014

main.c
		_main          		CODE           	58E8	0000	10
		_isr           		CODE           	0008	0000	102

main.c estimated size: 112

C:\Program Files\Microchip\xc8\v2.32\pic\sources\c99\common\strlen.c
		_strlen        		CODE           	550C	0000	66

C:\Program Files\Microchip\xc8\v2.32\pic\sources\c99\common\strlen.c estimated size: 66

class/paddle.c
		_Paddle_addX   		CODE           	44A6	0000	194
		_Paddle_draw   		CODE           	3A08	0000	306
		_Paddle_init   		CODE           	4A42	0000	164

class/paddle.c estimated size: 664

