Microchip MPLAB XC8 Compiler V2.32

Linker command line:

--edf=C:\Program Files\Microchip\xc8\v2.32\pic\dat\en_msgs.txt -cn \
  -h+dist/default/production\PongV1.X.production.sym \
  --cmf=dist/default/production\PongV1.X.production.cmf -z -Q18LF25K22 \
  -oC:\Users\SEBAST~1.MET\AppData\Local\Temp\xcAsfo8.4 \
  --defsym=__MPLAB_BUILD=1 \
  -Mdist/default/production/PongV1.X.production.map -E1 -ver=XC8 Compiler \
  --acfsm=1493 -ASTACK=0125h-05FFh -pstack=STACK -ACODE=00h-07FFFh \
  -ACONST=00h-07FFFh -ASMALLCONST=0600h-06FFhx122 \
  -AMEDIUMCONST=0600h-07FFFh -ACOMRAM=01h-05Fh -AABS1=00h-05FFh \
  -ABIGRAM=01h-05FFh -ARAM=060h-0FFh,0100h-01FFhx5 -ABANK0=060h-0FFh \
  -ABANK1=0100h-01FFh -ABANK2=0200h-02FFh -ABANK3=0300h-03FFh \
  -ABANK4=0400h-04FFh -ABANK5=0500h-05FFh -ASFR=0F38h-0F5Fh,0F60h-0FFFh \
  -ACONFIG=0300000h-030000Dh -AIDLOC=0200000h-0200007h \
  -AEEDATA=0F00000h-0F000FFh -peeprom_data=EEDATA \
  -preset_vec=00h,intcode=08h,intcodelo,powerup,init -pramtop=0600h \
  -psmallconst=SMALLCONST -pmediumconst=MEDIUMCONST -pconst=CONST \
  -AFARRAM=00h-00h \
  -prdata=COMRAM,nvrram=COMRAM,nvbit=COMRAM,rbss=COMRAM,rbit=COMRAM \
  -pfarbss=FARRAM,fardata=FARRAM,nvFARRAM=FARRAM \
  -pintsave_regs=BIGRAM,bigbss=BIGRAM,bigdata=BIGRAM -pbss=RAM \
  -pidata=CODE,irdata=CODE,ibigdata=CODE,ifardata=CODE -prparam=COMRAM \
  C:\Users\SEBAST~1.MET\AppData\Local\Temp\xcAsfo8.o \
  dist/default/production\PongV1.X.production.o 

Object code version is 3.11

Machine type is 18LF25K22



                Name                               Link     Load   Length Selector   Space Scale
C:\Users\SEBAST~1.MET\AppData\Local\Temp\xcAsfo8.o
                idloc                            200000   200000        8        0       5
                config                           300000   300000        E        0       4
                init                                 B0       B0        4        4       0
                reset_vec                             0        0        4        0       0
dist/default/production\PongV1.X.production.o
                intcode                               8        8       A8        4       0
                idloc                            200000   200000        8        0       5
                config                           300000   300000        E        0       4
                temp                                 4E       4E        1        1       1
                mediumconst                        667A     667A     1986     333D       0
                text53                             21BC     21BC       16        4       0
                text52                             21A6     21A6       16        4       0
                text51                             18F0     18F0       B0        4       0
                text50                             1BEA     1BEA       64        4       0
                text49                             1FC6     1FC6       3C        4       0
                text48                             20F6     20F6       26        4       0
                text47                             10CE     10CE      122        4       0
                text45                             2190     2190       16        4       0
                text44                             217A     217A       16        4       0
                text43                             1840     1840       B0        4       0
                text42                             1D12     1D12       60        4       0
                text41                             148C     148C       C4        4       0
                text40                             20D0     20D0       26        4       0
                text39                             1EB2     1EB2       4E        4       0
                text38                               B4       B4      45E        4       0
                text37                             1612     1612       C2        4       0
                text36                             11F0     11F0      104        4       0
                text35                             178C     178C       B4        4       0
                text34                             206A     206A       34        4       0
                text33                             2036     2036       34        4       0
                text32                             1A3E     1A3E       9E        4       0
                text31                             2164     2164       16        4       0
                text30                             214E     214E       16        4       0
                text29                             1B76     1B76       74        4       0
                text28                             1DC4     1DC4       52        4       0
                text27                             211C     211C       1C        4       0
                text26                              DE2      DE2      188        4       0
                text25                              F6A      F6A      164        4       0
                text24                             1F86     1F86       40        4       0
                text23                             2202     2202        2        4       0
                text22                             13C2     13C2       CA        4       0
                text21                             1F00     1F00       44        4       0
                text20                             1550     1550       C2        4       0
                text19                              512      512      2E4        4       0
                text18                              A9E      A9E      1B8        4       0
                text17                             1CB0     1CB0       62        4       0
                text16                             1D72     1D72       52        4       0
                text15                              C56      C56      18C        4       0
                text14                             1ADC     1ADC       9A        4       0
                text13                             1F44     1F44       42        4       0
                text12                             1E64     1E64       4E        4       0
                text11                             1E16     1E16       4E        4       0
                text10                             19A0     19A0       9E        4       0
                text9                               7F6      7F6      2A8        4       0
                text8                              1C4E     1C4E       62        4       0
                text7                              16D4     16D4       B8        4       0
                text6                              21F8     21F8        A        4       0
                text5                              2002     2002       34        4       0
                text4                              21EE     21EE        A        4       0
                text3                              21E2     21E2        C        4       0
                text2                              2138     2138       16        4       0
                text1                              12F4     12F4       CE        4       0
                text0                              21D2     21D2       10        4       0
                cstackCOMRAM                          1        1       40        1       1
                cstackBANK0                          60       60       53       60       1
                cstackBANK1                         120      120        5      100       1
                bssBANK1                            100      100       20      100       1
                bssBANK0                             B3       B3       4D       60       1
                bssCOMRAM                            41       41        D        1       1
                cinit                              209E     209E       32        4       0

TOTAL           Name                               Link     Load   Length     Space
        CLASS   STACK          

        CLASS   CODE           
                intcode                               8        8       A8         0
                init                                 B0       B0        4         0
                reset_vec                             0        0        4         0
                text53                             21BC     21BC       16         0
                text52                             21A6     21A6       16         0
                text51                             18F0     18F0       B0         0
                text50                             1BEA     1BEA       64         0
                text49                             1FC6     1FC6       3C         0
                text48                             20F6     20F6       26         0
                text47                             10CE     10CE      122         0
                text45                             2190     2190       16         0
                text44                             217A     217A       16         0
                text43                             1840     1840       B0         0
                text42                             1D12     1D12       60         0
                text41                             148C     148C       C4         0
                text40                             20D0     20D0       26         0
                text39                             1EB2     1EB2       4E         0
                text38                               B4       B4      45E         0
                text37                             1612     1612       C2         0
                text36                             11F0     11F0      104         0
                text35                             178C     178C       B4         0
                text34                             206A     206A       34         0
                text33                             2036     2036       34         0
                text32                             1A3E     1A3E       9E         0
                text31                             2164     2164       16         0
                text30                             214E     214E       16         0
                text29                             1B76     1B76       74         0
                text28                             1DC4     1DC4       52         0
                text27                             211C     211C       1C         0
                text26                              DE2      DE2      188         0
                text25                              F6A      F6A      164         0
                text24                             1F86     1F86       40         0
                text23                             2202     2202        2         0
                text22                             13C2     13C2       CA         0
                text21                             1F00     1F00       44         0
                text20                             1550     1550       C2         0
                text19                              512      512      2E4         0
                text18                              A9E      A9E      1B8         0
                text17                             1CB0     1CB0       62         0
                text16                             1D72     1D72       52         0
                text15                              C56      C56      18C         0
                text14                             1ADC     1ADC       9A         0
                text13                             1F44     1F44       42         0
                text12                             1E64     1E64       4E         0
                text11                             1E16     1E16       4E         0
                text10                             19A0     19A0       9E         0
                text9                               7F6      7F6      2A8         0
                text8                              1C4E     1C4E       62         0
                text7                              16D4     16D4       B8         0
                text6                              21F8     21F8        A         0
                text5                              2002     2002       34         0
                text4                              21EE     21EE        A         0
                text3                              21E2     21E2        C         0
                text2                              2138     2138       16         0
                text1                              12F4     12F4       CE         0
                text0                              21D2     21D2       10         0
                cinit                              209E     209E       32         0

        CLASS   CONST          

        CLASS   SMALLCONST     

        CLASS   MEDIUMCONST    
                mediumconst                        667A     667A     1986         0

        CLASS   COMRAM         
                temp                                 4E       4E        1         1
                cstackCOMRAM                          1        1       40         1
                bssCOMRAM                            41       41        D         1

        CLASS   ABS1           

        CLASS   BIGRAM         

        CLASS   RAM            

        CLASS   BANK0          
                cstackBANK0                          60       60       53         1
                bssBANK0                             B3       B3       4D         1

        CLASS   BANK1          
                cstackBANK1                         120      120        5         1
                bssBANK1                            100      100       20         1

        CLASS   BANK2          

        CLASS   BANK3          

        CLASS   BANK4          

        CLASS   BANK5          

        CLASS   SFR            

        CLASS   CONFIG         
                config                           300000   300000        E         4

        CLASS   IDLOC          
                idloc                            200000   200000        8         5

        CLASS   EEDATA         

        CLASS   FARRAM         



SEGMENTS        Name                           Load    Length   Top    Selector   Space  Class

                reset_vec                      000000  000004  000004         0       0  CODE    
                cstackCOMRAM                   000001  00004E  00004F         1       1  COMRAM  
                intcode                        000008  0021FC  002204         4       0  CODE    
                cstackBANK0                    000060  0000A0  000100        60       1  BANK0   
                bssBANK1                       000100  000025  000125       100       1  BANK1   
                mediumconst                    00667A  001986  008000      333D       0  MEDIUMCO


UNUSED ADDRESS RANGES

        Name                Unused          Largest block    Delta
        BANK1            000125-0001FF               DB
        BANK2            000200-0002FF              100
        BANK3            000300-0003FF              100
        BANK4            000400-0004FF              100
        BANK5            000500-0005FF              100
        BIGRAM           00004F-00005F               11
                         000125-0005FF              4DB
        CODE             000004-000007                4
                         002204-006679             4476
        COMRAM           00004F-00005F               11
        CONST            000004-000007                4
                         002204-006679             4476
        EEDATA           F00000-F000FF              100
        MEDIUMCONST      002204-006679             4476
        RAM              000125-0005FF              100
        SFR              000F38-000FFF               28
        SMALLCONST       002204-006679              100
        STACK            000125-0005FF              4DB

                                  Symbol Table

?___aodiv                                  cstackCOMRAM 000012
?___aomod                                  cstackCOMRAM 000012
?___awdiv                                  cstackCOMRAM 000012
?___awmod                                  cstackCOMRAM 000012
?___wmul                                   cstackCOMRAM 00001A
?_abs                                      cstackCOMRAM 000024
?_dtoa                                     cstackCOMRAM 00002D
?_pad                                      cstackCOMRAM 000022
?_sprintf                                  cstackBANK0  000088
?_strlen                                   cstackCOMRAM 000012
?_vfpfcnvrt                                cstackBANK0  000072
?_vfprintf                                 cstackBANK0  000080
?i2___awmod                                cstackCOMRAM 000001
?i2___wmul                                 cstackCOMRAM 000001
Ball_init@b                                cstackCOMRAM 000012
ENTERCRITICAL@inISR                        cstackCOMRAM 000012
Factory_exec@ev                            cstackBANK1  000124
GameParameters_init@s                      cstackCOMRAM 000012
GameParameters_setX@s                      cstackCOMRAM 000012
GameParameters_setX@value                  cstackCOMRAM 000014
GameParameters_setY@s                      cstackCOMRAM 000012
GameParameters_setY@value                  cstackCOMRAM 000014
LCD_DrawText@align                         cstackCOMRAM 000024
LCD_DrawText@bg_color                      cstackCOMRAM 00002B
LCD_DrawText@color                         cstackCOMRAM 000029
LCD_DrawText@font                          cstackCOMRAM 000022
LCD_DrawText@fontByte                      cstackBANK0  000064
LCD_DrawText@fontPixel                     cstackBANK0  000065
LCD_DrawText@i                             cstackBANK0  00006B
LCD_DrawText@msg                           cstackCOMRAM 000020
LCD_DrawText@offset                        cstackBANK0  000060
LCD_DrawText@posX                          cstackCOMRAM 000025
LCD_DrawText@posXEnd                       cstackBANK0  000068
LCD_DrawText@posY                          cstackCOMRAM 000027
LCD_DrawText@posYEnd                       cstackBANK0  000066
LCD_DrawText@tempChar                      cstackBANK0  00006C
LCD_DrawText@width                         cstackBANK0  00006E
LCD_DrawText@x                             cstackBANK0  00006D
LCD_DrawText@y                             cstackBANK0  00006A
LCD_DrawText@yOffset                       cstackBANK0  000062
LCD_Fill@color                             cstackCOMRAM 000012
LCD_Fill@colorH                            cstackCOMRAM 000014
LCD_Fill@colorL                            cstackCOMRAM 000015
LCD_Fill@column                            cstackCOMRAM 000016
LCD_Fill@page                              cstackCOMRAM 000018
LCD_Init@i                                 cstackCOMRAM 000018
LCD_Lowlevel_Init@i                        cstackCOMRAM 000013
LEAVECRITICAL@inISR                        cstackCOMRAM 000012
Paddle_init@p                              cstackCOMRAM 000012
XF_decrementAndQueueTimers@i               cstackCOMRAM 00000C
XF_init@i                                  cstackCOMRAM 000020
XF_popEvent@ev                             cstackCOMRAM 000018
XF_popEvent@inISR                          cstackCOMRAM 000019
XF_pushEvent@ev                            cstackCOMRAM 000008
XF_pushEvent@inISR                         cstackCOMRAM 000007
XF_pushEvent@temp                          cstackCOMRAM 000009
XF_scheduleTimer@ev                        cstackCOMRAM 000015
XF_scheduleTimer@i                         cstackCOMRAM 000017
XF_scheduleTimer@inISR                     cstackCOMRAM 000016
XF_scheduleTimer@tm                        cstackCOMRAM 000013
XF_unscheduleTimer@id                      cstackCOMRAM 000003
XF_unscheduleTimer@inISR                   cstackCOMRAM 000002
_ADCON0                                    (abs)        000FC2
_ADCON2                                    (abs)        000FC0
_ADRESH                                    (abs)        000FC4
_ADRESL                                    (abs)        000FC3
_ANSB1                                     (abs)        0079C9
_ANSB2                                     (abs)        0079CA
_Ball_init                                 text12       001E64
_CCP2CONbits                               (abs)        000F66
_CCPR2L                                    (abs)        000F67
_ENTERCRITICAL                             text45       002190
_Factory_exec                              text13       001F44
_Factory_init                              text1        0012F4
_GIE                                       (abs)        007F97
_GameParameters_init                       text11       001E16
_GameParameters_setX                       text31       002164
_GameParameters_setY                       text30       00214E
_INT1IE                                    (abs)        007F83
_INT1IF                                    (abs)        007F80
_INTEDG1                                   (abs)        007F8D
_LATB1                                     (abs)        007C51
_LATB2                                     (abs)        007C52
_LATB3                                     (abs)        007C53
_LATB4                                     (abs)        007C54
_LATC2                                     (abs)        007C5A
_LATC3                                     (abs)        007C5B
_LATC4                                     (abs)        007C5C
_LATC5                                     (abs)        007C5D
_LCD_DrawText                              text38       0000B4
_LCD_Fill                                  text37       001612
_LCD_Init                                  text9        0007F6
_LCD_Lowlevel_Init                         text10       0019A0
_LEAVECRITICAL                             text44       00217A
_OSCCON                                    (abs)        000FD3
_PLLEN                                     (abs)        007CDE
_PORTA                                     (abs)        000F80
_PORTBbits                                 (abs)        000F81
_PR2                                       (abs)        000FBB
_Paddle_init                               text8        001C4E
_RBPU                                      (abs)        007F8F
_T0CON                                     (abs)        000FD5
_T2CONbits                                 (abs)        000FBA
_TMR0H                                     (abs)        000FD7
_TMR0IE                                    (abs)        007F95
_TMR0IF                                    (abs)        007F92
_TMR0L                                     (abs)        000FD6
_TMR2IF                                    (abs)        007CF1
_TRISA                                     (abs)        000F92
_TRISB1                                    (abs)        007C99
_TRISB2                                    (abs)        007C9A
_TRISB3                                    (abs)        007C9B
_TRISB4                                    (abs)        007C9C
_TRISC1                                    (abs)        007CA1
_TRISC2                                    (abs)        007CA2
_TRISC3                                    (abs)        007CA3
_TRISC4                                    (abs)        007CA4
_TRISC5                                    (abs)        007CA5
_WPUB                                      (abs)        000F61
_XF_decrementAndQueueTimers                text47       0010CE
_XF_init                                   text7        0016D4
_XF_popEvent                               text42       001D12
_XF_pushEvent                              text50       001BEA
_XF_scheduleTimer                          text29       001B76
_XF_unscheduleTimer                        text49       001FC6
__HRAM                                     (abs)        000000
__Habs1                                    abs1         000000
__Hbank0                                   bank0        000000
__Hbank1                                   bank1        000000
__Hbank2                                   bank2        000000
__Hbank3                                   bank3        000000
__Hbank4                                   bank4        000000
__Hbank5                                   bank5        000000
__Hbigbss                                  bigbss       000000
__Hbigdata                                 bigdata      000000
__Hbigram                                  bigram       000000
__Hbss                                     bss          000000
__HbssBANK0                                bssBANK0     000000
__HbssBANK1                                bssBANK1     000000
__HbssCOMRAM                               bssCOMRAM    000000
__Hcinit                                   cinit        000000
__Hclrtext                                 clrtext      000000
__Hcomram                                  comram       000000
__Hconfig                                  config       30000E
__Hconst                                   const        000000
__HcstackBANK0                             cstackBANK0  000000
__HcstackBANK1                             cstackBANK1  000000
__HcstackCOMRAM                            cstackCOMRAM 000000
__Hdata                                    data         000000
__Heeprom_data                             eeprom_data  000000
__Hfarbss                                  farbss       000000
__Hfardata                                 fardata      000000
__Hibigdata                                ibigdata     000000
__Hidata                                   idata        000000
__Hidloc                                   idloc        200008
__Hifardata                                ifardata     000000
__Hinit                                    init         0000B4
__Hintcode                                 intcode      0000B0
__Hintcode_body                            intcode_body 000000
__Hintcodelo                               intcodelo    0000B0
__Hintentry                                intentry     000000
__Hintret                                  intret       000000
__Hintsave_regs                            intsave_regs 000000
__Hirdata                                  irdata       000000
__Hmediumconst                             mediumconst  008000
__HnvFARRAM                                nvFARRAM     000000
__Hnvbit                                   nvbit        000000
__Hnvrram                                  nvrram       000000
__Hparam                                   rparam       000000
__Hpowerup                                 powerup      0000B0
__Hram                                     ram          000000
__Hramtop                                  ramtop       000600
__Hrbit                                    rbit         000000
__Hrbss                                    rbss         000000
__Hrdata                                   rdata        000000
__Hreset_vec                               reset_vec    000004
__Hrparam                                  rparam       000000
__Hsfr                                     sfr          000000
__Hsmallconst                              smallconst   000000
__Hspace_0                                 (abs)        008000
__Hspace_1                                 (abs)        000125
__Hspace_2                                 (abs)        000000
__Hspace_4                                 (abs)        60000E
__Hstack                                   stack        000000
__Hstruct                                  struct       000000
__Htemp                                    temp         00004F
__Htext                                    text         000000
__Htext0                                   text0        000000
__Htext1                                   text1        000000
__Htext10                                  text10       000000
__Htext11                                  text11       000000
__Htext12                                  text12       000000
__Htext13                                  text13       000000
__Htext14                                  text14       000000
__Htext15                                  text15       000000
__Htext16                                  text16       000000
__Htext17                                  text17       000000
__Htext18                                  text18       000000
__Htext19                                  text19       000000
__Htext2                                   text2        000000
__Htext20                                  text20       000000
__Htext21                                  text21       000000
__Htext22                                  text22       000000
__Htext23                                  text23       000000
__Htext24                                  text24       000000
__Htext25                                  text25       000000
__Htext26                                  text26       000000
__Htext27                                  text27       000000
__Htext28                                  text28       000000
__Htext29                                  text29       000000
__Htext3                                   text3        000000
__Htext30                                  text30       000000
__Htext31                                  text31       000000
__Htext32                                  text32       000000
__Htext33                                  text33       000000
__Htext34                                  text34       000000
__Htext35                                  text35       000000
__Htext36                                  text36       000000
__Htext37                                  text37       000000
__Htext38                                  text38       000000
__Htext39                                  text39       000000
__Htext4                                   text4        000000
__Htext40                                  text40       000000
__Htext41                                  text41       000000
__Htext42                                  text42       000000
__Htext43                                  text43       000000
__Htext44                                  text44       000000
__Htext45                                  text45       000000
__Htext47                                  text47       000000
__Htext48                                  text48       000000
__Htext49                                  text49       000000
__Htext5                                   text5        000000
__Htext50                                  text50       000000
__Htext51                                  text51       000000
__Htext52                                  text52       000000
__Htext53                                  text53       000000
__Htext6                                   text6        000000
__Htext7                                   text7        000000
__Htext8                                   text8        000000
__Htext9                                   text9        000000
__LRAM                                     (abs)        000001
__Labs1                                    abs1         000000
__Lbank0                                   bank0        000000
__Lbank1                                   bank1        000000
__Lbank2                                   bank2        000000
__Lbank3                                   bank3        000000
__Lbank4                                   bank4        000000
__Lbank5                                   bank5        000000
__Lbigbss                                  bigbss       000000
__Lbigdata                                 bigdata      000000
__Lbigram                                  bigram       000000
__Lbss                                     bss          000000
__LbssBANK0                                bssBANK0     000000
__LbssBANK1                                bssBANK1     000000
__LbssCOMRAM                               bssCOMRAM    000000
__Lcinit                                   cinit        000000
__Lclrtext                                 clrtext      000000
__Lcomram                                  comram       000000
__Lconfig                                  config       000000
__Lconst                                   const        000000
__LcstackBANK0                             cstackBANK0  000000
__LcstackBANK1                             cstackBANK1  000000
__LcstackCOMRAM                            cstackCOMRAM 000000
__Ldata                                    data         000000
__Leeprom_data                             eeprom_data  000000
__Lfarbss                                  farbss       000000
__Lfardata                                 fardata      000000
__Libigdata                                ibigdata     000000
__Lidata                                   idata        000000
__Lidloc                                   idloc        000000
__Lifardata                                ifardata     000000
__Linit                                    init         0000B0
__Lintcode                                 intcode      000008
__Lintcode_body                            intcode_body 000000
__Lintcodelo                               intcodelo    0000B0
__Lintentry                                intentry     000000
__Lintret                                  intret       000000
__Lintsave_regs                            intsave_regs 000000
__Lirdata                                  irdata       000000
__Lmediumconst                             mediumconst  00667A
__LnvFARRAM                                nvFARRAM     000000
__Lnvbit                                   nvbit        000000
__Lnvrram                                  nvrram       000000
__Lparam                                   rparam       000000
__Lpowerup                                 powerup      0000B0
__Lram                                     ram          000000
__Lramtop                                  ramtop       000600
__Lrbit                                    rbit         000000
__Lrbss                                    rbss         000000
__Lrdata                                   rdata        000000
__Lreset_vec                               reset_vec    000000
__Lrparam                                  rparam       000000
__Lsfr                                     sfr          000000
__Lsmallconst                              smallconst   000000
__Lspace_0                                 (abs)        000000
__Lspace_1                                 (abs)        000000
__Lspace_2                                 (abs)        000000
__Lspace_4                                 (abs)        000000
__Lstack                                   stack        000000
__Lstruct                                  struct       000000
__Ltemp                                    temp         00004E
__Ltext                                    text         000000
__Ltext0                                   text0        000000
__Ltext1                                   text1        000000
__Ltext10                                  text10       000000
__Ltext11                                  text11       000000
__Ltext12                                  text12       000000
__Ltext13                                  text13       000000
__Ltext14                                  text14       000000
__Ltext15                                  text15       000000
__Ltext16                                  text16       000000
__Ltext17                                  text17       000000
__Ltext18                                  text18       000000
__Ltext19                                  text19       000000
__Ltext2                                   text2        000000
__Ltext20                                  text20       000000
__Ltext21                                  text21       000000
__Ltext22                                  text22       000000
__Ltext23                                  text23       000000
__Ltext24                                  text24       000000
__Ltext25                                  text25       000000
__Ltext26                                  text26       000000
__Ltext27                                  text27       000000
__Ltext28                                  text28       000000
__Ltext29                                  text29       000000
__Ltext3                                   text3        000000
__Ltext30                                  text30       000000
__Ltext31                                  text31       000000
__Ltext32                                  text32       000000
__Ltext33                                  text33       000000
__Ltext34                                  text34       000000
__Ltext35                                  text35       000000
__Ltext36                                  text36       000000
__Ltext37                                  text37       000000
__Ltext38                                  text38       000000
__Ltext39                                  text39       000000
__Ltext4                                   text4        000000
__Ltext40                                  text40       000000
__Ltext41                                  text41       000000
__Ltext42                                  text42       000000
__Ltext43                                  text43       000000
__Ltext44                                  text44       000000
__Ltext45                                  text45       000000
__Ltext47                                  text47       000000
__Ltext48                                  text48       000000
__Ltext49                                  text49       000000
__Ltext5                                   text5        000000
__Ltext50                                  text50       000000
__Ltext51                                  text51       000000
__Ltext52                                  text52       000000
__Ltext53                                  text53       000000
__Ltext6                                   text6        000000
__Ltext7                                   text7        000000
__Ltext8                                   text8        000000
__Ltext9                                   text9        000000
__S0                                       (abs)        008000
__S1                                       (abs)        000125
__S2                                       (abs)        000000
__S4                                       (abs)        000000
__S5                                       (abs)        000000
___aodiv                                   text26       000DE2
___aodiv@counter                           cstackCOMRAM 000022
___aodiv@dividend                          cstackCOMRAM 000012
___aodiv@divisor                           cstackCOMRAM 00001A
___aodiv@quotient                          cstackCOMRAM 000024
___aodiv@sign                              cstackCOMRAM 000023
___aomod                                   text25       000F6A
___aomod@counter                           cstackCOMRAM 000022
___aomod@dividend                          cstackCOMRAM 000012
___aomod@divisor                           cstackCOMRAM 00001A
___aomod@sign                              cstackCOMRAM 000023
___awdiv                                   text41       00148C
___awdiv@counter                           cstackCOMRAM 000016
___awdiv@dividend                          cstackCOMRAM 000012
___awdiv@divisor                           cstackCOMRAM 000014
___awdiv@quotient                          cstackCOMRAM 000018
___awdiv@sign                              cstackCOMRAM 000017
___awmod                                   text43       001840
___awmod@counter                           cstackCOMRAM 000016
___awmod@dividend                          cstackCOMRAM 000012
___awmod@divisor                           cstackCOMRAM 000014
___awmod@sign                              cstackCOMRAM 000017
___inthi_sp                                stack        000000
___intlo_sp                                stack        000000
___param_bank                              (abs)        000000
___rparam_used                             (abs)        000001
___sp                                      stack        000000
___wmul                                    text40       0020D0
___wmul@multiplicand                       cstackCOMRAM 00001C
___wmul@multiplier                         cstackCOMRAM 00001A
___wmul@product                            cstackCOMRAM 00001E
__accesstop                                (abs)        000060
__activetblptr                             (abs)        000002
__end_of_Ball_init                         text12       001EB2
__end_of_ENTERCRITICAL                     text45       0021A6
__end_of_Factory_exec                      text13       001F86
__end_of_Factory_init                      text1        0013C2
__end_of_GameParameters_init               text11       001E64
__end_of_GameParameters_setX               text31       00217A
__end_of_GameParameters_setY               text30       002164
__end_of_LCD_DrawText                      text38       000512
__end_of_LCD_Fill                          text37       0016D4
__end_of_LCD_Init                          text9        000A9E
__end_of_LCD_Lowlevel_Init                 text10       001A3E
__end_of_LEAVECRITICAL                     text44       002190
__end_of_Paddle_init                       text8        001CB0
__end_of_XF_decrementAndQueueTimers        text47       0011F0
__end_of_XF_init                           text7        00178C
__end_of_XF_popEvent                       text42       001D72
__end_of_XF_pushEvent                      text50       001C4E
__end_of_XF_scheduleTimer                  text29       001BEA
__end_of_XF_unscheduleTimer                text49       002002
__end_of___aodiv                           text26       000F6A
__end_of___aomod                           text25       0010CE
__end_of___awdiv                           text41       001550
__end_of___awmod                           text43       0018F0
__end_of___wmul                            text40       0020F6
__end_of__initialization                   cinit        0020C2
__end_of_abs                               text24       001FC6
__end_of_arialNarrow_12ptBitmaps           mediumconst  007D8E
__end_of_arialNarrow_12ptDescriptors       mediumconst  007FC8
__end_of_arialNarrow_12ptFontInfo          mediumconst  007FCF
__end_of_arialRoundedMTBold18ptBitmaps     mediumconst  007767
__end_of_arialRoundedMTBold18ptDescriptors mediumconst  007EAB
__end_of_arialRoundedMTBold18ptFontInfo    mediumconst  006682
__end_of_configMeasure                     text28       001E16
__end_of_configTouch                       text27       002138
__end_of_displayController                 text36       0012F4
__end_of_displayInit                       text6        002202
__end_of_displaySM                         text35       001840
__end_of_dtoa                              text19       0007F6
__end_of_fputc                             text22       00148C
__end_of_fputs                             text21       001F44
__end_of_gameControllerController          text5        002036
__end_of_gameControllerInit                text4        0021F8
__end_of_gameControllerSM                  text34       00209E
__end_of_isr                               intcode      0000B0
__end_of_main                              text0        0021E2
__end_of_pad                               text20       001612
__end_of_putch                             text23       002204
__end_of_sleepController                   text33       00206A
__end_of_sleepInit                         text2        00214E
__end_of_sleepSM                           text32       001ADC
__end_of_sprintf                           text16       001DC4
__end_of_strlen                            text39       001F00
__end_of_touchScreenController             text15       000DE2
__end_of_touchScreenInit                   text3        0021EE
__end_of_touchScreenSM                     text14       001B76
__end_of_vfpfcnvrt                         text18       000C56
__end_of_vfprintf                          text17       001D12
__end_ofi2_ENTERCRITICAL                   text53       0021D2
__end_ofi2_LEAVECRITICAL                   text52       0021BC
__end_ofi2___awmod                         text51       0019A0
__end_ofi2___wmul                          text48       00211C
__initialization                           cinit        00209E
__mediumconst                              mediumconst  00667A
__pbssBANK0                                bssBANK0     0000B3
__pbssBANK1                                bssBANK1     000100
__pbssCOMRAM                               bssCOMRAM    000041
__pcinit                                   cinit        00209E
__pcstackBANK0                             cstackBANK0  000060
__pcstackBANK1                             cstackBANK1  000120
__pcstackCOMRAM                            cstackCOMRAM 000001
__pintcode                                 intcode      000008
__pmediumconst                             mediumconst  00667A
__ptext0                                   text0        0021D2
__ptext1                                   text1        0012F4
__ptext10                                  text10       0019A0
__ptext11                                  text11       001E16
__ptext12                                  text12       001E64
__ptext13                                  text13       001F44
__ptext14                                  text14       001ADC
__ptext15                                  text15       000C56
__ptext16                                  text16       001D72
__ptext17                                  text17       001CB0
__ptext18                                  text18       000A9E
__ptext19                                  text19       000512
__ptext2                                   text2        002138
__ptext20                                  text20       001550
__ptext21                                  text21       001F00
__ptext22                                  text22       0013C2
__ptext23                                  text23       002202
__ptext24                                  text24       001F86
__ptext25                                  text25       000F6A
__ptext26                                  text26       000DE2
__ptext27                                  text27       00211C
__ptext28                                  text28       001DC4
__ptext29                                  text29       001B76
__ptext3                                   text3        0021E2
__ptext30                                  text30       00214E
__ptext31                                  text31       002164
__ptext32                                  text32       001A3E
__ptext33                                  text33       002036
__ptext34                                  text34       00206A
__ptext35                                  text35       00178C
__ptext36                                  text36       0011F0
__ptext37                                  text37       001612
__ptext38                                  text38       0000B4
__ptext39                                  text39       001EB2
__ptext4                                   text4        0021EE
__ptext40                                  text40       0020D0
__ptext41                                  text41       00148C
__ptext42                                  text42       001D12
__ptext43                                  text43       001840
__ptext44                                  text44       00217A
__ptext45                                  text45       002190
__ptext47                                  text47       0010CE
__ptext48                                  text48       0020F6
__ptext49                                  text49       001FC6
__ptext5                                   text5        002002
__ptext50                                  text50       001BEA
__ptext51                                  text51       0018F0
__ptext52                                  text52       0021A6
__ptext53                                  text53       0021BC
__ptext6                                   text6        0021F8
__ptext7                                   text7        0016D4
__ptext8                                   text8        001C4E
__ptext9                                   text9        0007F6
__ramtop                                   ramtop       000600
__size_of_Ball_init                        (abs)        000000
__size_of_ENTERCRITICAL                    (abs)        000000
__size_of_Factory_exec                     (abs)        000000
__size_of_Factory_init                     (abs)        000000
__size_of_GameParameters_init              (abs)        000000
__size_of_GameParameters_setX              (abs)        000000
__size_of_GameParameters_setY              (abs)        000000
__size_of_LCD_DrawText                     (abs)        000000
__size_of_LCD_Fill                         (abs)        000000
__size_of_LCD_Init                         (abs)        000000
__size_of_LCD_Lowlevel_Init                (abs)        000000
__size_of_LEAVECRITICAL                    (abs)        000000
__size_of_Paddle_init                      (abs)        000000
__size_of_XF_decrementAndQueueTimers       (abs)        000000
__size_of_XF_init                          (abs)        000000
__size_of_XF_popEvent                      (abs)        000000
__size_of_XF_pushEvent                     (abs)        000000
__size_of_XF_scheduleTimer                 (abs)        000000
__size_of_XF_unscheduleTimer               (abs)        000000
__size_of___aodiv                          (abs)        000000
__size_of___aomod                          (abs)        000000
__size_of___awdiv                          (abs)        000000
__size_of___awmod                          (abs)        000000
__size_of___wmul                           (abs)        000000
__size_of_abs                              (abs)        000000
__size_of_configMeasure                    (abs)        000000
__size_of_configTouch                      (abs)        000000
__size_of_displayController                (abs)        000000
__size_of_displayInit                      (abs)        000000
__size_of_displaySM                        (abs)        000000
__size_of_dtoa                             (abs)        000000
__size_of_fputc                            (abs)        000000
__size_of_fputs                            (abs)        000000
__size_of_gameControllerController         (abs)        000000
__size_of_gameControllerInit               (abs)        000000
__size_of_gameControllerSM                 (abs)        000000
__size_of_isr                              (abs)        000000
__size_of_main                             (abs)        000000
__size_of_pad                              (abs)        000000
__size_of_putch                            (abs)        000000
__size_of_sleepController                  (abs)        000000
__size_of_sleepInit                        (abs)        000000
__size_of_sleepSM                          (abs)        000000
__size_of_sprintf                          (abs)        000000
__size_of_strlen                           (abs)        000000
__size_of_touchScreenController            (abs)        000000
__size_of_touchScreenInit                  (abs)        000000
__size_of_touchScreenSM                    (abs)        000000
__size_of_vfpfcnvrt                        (abs)        000000
__size_of_vfprintf                         (abs)        000000
__size_ofi2_ENTERCRITICAL                  (abs)        000000
__size_ofi2_LEAVECRITICAL                  (abs)        000000
__size_ofi2___awmod                        (abs)        000000
__size_ofi2___wmul                         (abs)        000000
__smallconst                               smallconst   000000
_abs                                       text24       001F86
_arialNarrow_12ptBitmaps                   mediumconst  007767
_arialNarrow_12ptDescriptors               mediumconst  007EAB
_arialNarrow_12ptFontInfo                  mediumconst  007FC8
_arialRoundedMTBold18ptBitmaps             mediumconst  006682
_arialRoundedMTBold18ptDescriptors         mediumconst  007D8E
_arialRoundedMTBold18ptFontInfo            mediumconst  00667B
_b1                                        bssBANK0     0000F8
_configMeasure                             text28       001DC4
_configTouch                               text27       00211C
_dbuf                                      bssBANK1     000100
_displayController                         text36       0011F0
_displayInit                               text6        0021F8
_displaySM                                 text35       00178C
_displayState                              bssCOMRAM    00004C
_dtoa                                      text19       000512
_dtoa$1870                                 cstackBANK0  000060
_flags                                     bssCOMRAM    000049
_fputc                                     text22       0013C2
_fputs                                     text21       001F00
_g1                                        bssBANK0     0000F0
_gameControllerController                  text5        002002
_gameControllerInit                        text4        0021EE
_gameControllerSM                          text34       00206A
_gameControllerState                       bssCOMRAM    00004B
_isr                                       intcode      000008
_main                                      text0        0021D2
_nout                                      bssBANK0     0000D9
_p1                                        bssBANK0     0000E6
_p2                                        bssBANK0     0000DC
_pad                                       text20       001550
_prec                                      bssCOMRAM    000047
_putch                                     text23       002202
_s1                                        bssCOMRAM    000041
_sleepController                           text33       002036
_sleepInit                                 text2        002138
_sleepSM                                   text32       001A3E
_sleepState                                bssCOMRAM    00004D
_sprintf                                   text16       001D72
_strlen                                    text39       001EB2
_theXF                                     bssBANK0     0000B3
_touchScreenController                     text15       000C56
_touchScreenInit                           text3        0021E2
_touchScreenSM                             text14       001ADC
_touchScreenState                          bssBANK0     0000DB
_vfpfcnvrt                                 text18       000A9E
_vfprintf                                  text17       001CB0
_width                                     bssCOMRAM    000045
abs@a                                      cstackCOMRAM 000024
btemp                                      temp         00004E
configMeasure@channel                      cstackCOMRAM 000012
displaySM@ev                               cstackCOMRAM 000037
dtoa@d                                     cstackCOMRAM 00002F
dtoa@fp                                    cstackCOMRAM 00002D
dtoa@i                                     cstackBANK0  000070
dtoa@n                                     cstackBANK0  000068
dtoa@p                                     cstackBANK0  000062
dtoa@s                                     cstackBANK0  000066
dtoa@w                                     cstackBANK0  000064
end_of_initialization                      cinit        0020C2
fputc@c                                    cstackCOMRAM 000012
fputc@fp                                   cstackCOMRAM 000014
fputs@c                                    cstackCOMRAM 00001F
fputs@fp                                   cstackCOMRAM 00001D
fputs@i                                    cstackCOMRAM 000020
fputs@s                                    cstackCOMRAM 00001B
i2ENTERCRITICAL@inISR                      cstackCOMRAM 000001
i2LEAVECRITICAL@inISR                      cstackCOMRAM 000001
i2_ENTERCRITICAL                           text53       0021BC
i2_LEAVECRITICAL                           text52       0021A6
i2___awmod                                 text51       0018F0
i2___awmod@counter                         cstackCOMRAM 000005
i2___awmod@dividend                        cstackCOMRAM 000001
i2___awmod@divisor                         cstackCOMRAM 000003
i2___awmod@sign                            cstackCOMRAM 000006
i2___wmul                                  text48       0020F6
i2___wmul@multiplicand                     cstackCOMRAM 000003
i2___wmul@multiplier                       cstackCOMRAM 000001
i2___wmul@product                          cstackCOMRAM 000005
int$flags                                  temp         00004E
intlevel0                                  text         000000
intlevel1                                  text         000000
intlevel2                                  text         000000
intlevel3                                  text         000000
isa$std                                    (abs)        000001
isa$xinst                                  (abs)        000000
pad@buf                                    cstackCOMRAM 000024
pad@fp                                     cstackCOMRAM 000022
pad@i                                      cstackCOMRAM 000029
pad@p                                      cstackCOMRAM 000026
pad@w                                      cstackCOMRAM 00002B
sleepSM@ev                                 cstackCOMRAM 000016
sprintf@ap                                 cstackBANK0  00008E
sprintf@f                                  cstackBANK0  000090
sprintf@fmt                                cstackBANK0  00008A
sprintf@s                                  cstackBANK0  000088
stackhi                                    (abs)        0005FF
stacklo                                    (abs)        000125
start                                      init         0000B0
start_initialization                       cinit        00209E
strlen@a                                   cstackCOMRAM 000014
strlen@s                                   cstackCOMRAM 000012
touchScreenController@g                    cstackBANK0  000096
touchScreenController@s                    cstackBANK0  00009A
touchScreenController@valueX               cstackBANK0  0000AE
touchScreenController@valueY               cstackBANK0  0000B0
touchScreenSM@ev                           cstackBANK0  0000B2
touchScreenSM@g                            cstackBANK1  000120
ttemp5                                     temp         00004F
ttemp6                                     temp         000052
ttemp7                                     temp         000056
vfpfcnvrt@ap                               cstackBANK0  000076
vfpfcnvrt@fmt                              cstackBANK0  000074
vfpfcnvrt@fp                               cstackBANK0  000072
vfpfcnvrt@ll                               cstackBANK0  000078
vfprintf@ap                                cstackBANK0  000084
vfprintf@cfmt                              cstackBANK0  000086
vfprintf@fmt                               cstackBANK0  000082
vfprintf@fp                                cstackBANK0  000080
wtemp8                                     temp         00004F


MODULE INFORMATION

Module		Function		Class		Link	Load	Size
C:\Program Files\Microchip\xc8\v2.32\pic\sources\c99\common\nf_sprintf.c
		_sprintf       		CODE           	1D72	0000	82

C:\Program Files\Microchip\xc8\v2.32\pic\sources\c99\common\nf_sprintf.c estimated size: 82

C:\Program Files\Microchip\xc8\v2.32\pic\sources\c99\common\awdiv.c
		___awdiv       		CODE           	148C	0000	196

C:\Program Files\Microchip\xc8\v2.32\pic\sources\c99\common\awdiv.c estimated size: 196

class/gameParameters.c
		_GameParameters_setX		CODE           	2164	0000	22
		_GameParameters_init		CODE           	1E16	0000	78
		_GameParameters_setY		CODE           	214E	0000	22

class/gameParameters.c estimated size: 122

C:\Program Files\Microchip\xc8\v2.32\pic\sources\c99\common\doprnt.c
		_vfpfcnvrt     		CODE           	0A9E	0000	440
		_pad           		CODE           	1550	0000	194
		_dtoa          		CODE           	0512	0000	740
		_vfprintf      		CODE           	1CB0	0000	98

C:\Program Files\Microchip\xc8\v2.32\pic\sources\c99\common\doprnt.c estimated size: 1472

class/factory.c
		_Factory_exec  		CODE           	1F44	0000	66
		_Factory_init  		CODE           	12F4	0000	206

class/factory.c estimated size: 272

stateMachine/sleepSM.c
		_sleepSM       		CODE           	1A3E	0000	158
		_sleepInit     		CODE           	2138	0000	22
		_sleepController		CODE           	2036	0000	52

stateMachine/sleepSM.c estimated size: 232

C:\Program Files\Microchip\xc8\v2.32\pic\sources\c99\common\nf_fputs.c
		_fputs         		CODE           	1F00	0000	68

C:\Program Files\Microchip\xc8\v2.32\pic\sources\c99\common\nf_fputs.c estimated size: 68

C:\Program Files\Microchip\xc8\v2.32\pic\sources\c99\common\putch.c
		_putch         		CODE           	2202	0000	2

C:\Program Files\Microchip\xc8\v2.32\pic\sources\c99\common\putch.c estimated size: 2

C:\Program Files\Microchip\xc8\v2.32\pic\sources\c99\common\Umul16.c
		___wmul        		CODE           	20D0	0000	38

C:\Program Files\Microchip\xc8\v2.32\pic\sources\c99\common\Umul16.c estimated size: 38

C:\Program Files\Microchip\xc8\v2.32\pic\sources\c99\common\abs.c
		_abs           		CODE           	1F86	0000	64

C:\Program Files\Microchip\xc8\v2.32\pic\sources\c99\common\abs.c estimated size: 64

stateMachine/touchScreenSM.c
		_configTouch   		CODE           	211C	0000	28
		_touchScreenInit		CODE           	21E2	0000	12
		_touchScreenController		CODE           	0C56	0000	396
		_configMeasure 		CODE           	1DC4	0000	82
		_touchScreenSM 		CODE           	1ADC	0000	154

stateMachine/touchScreenSM.c estimated size: 672

C:\Program Files\Microchip\xc8\v2.32\pic\sources\c99\common\aomod.c
		___aomod       		CODE           	0F6A	0000	356

C:\Program Files\Microchip\xc8\v2.32\pic\sources\c99\common\aomod.c estimated size: 356

libraries/lcd_lowlevel.c
		_LCD_Lowlevel_Init		CODE           	19A0	0000	158

libraries/lcd_lowlevel.c estimated size: 158

shared
		_arialNarrow_12ptFontInfo		MEDIUMCONST    	7FC8	0000	7
		_arialRoundedMTBold18ptDescriptors		MEDIUMCONST    	7D8E	0000	285
		_arialNarrow_12ptBitmaps		MEDIUMCONST    	7767	0000	1575
		i2_ENTERCRITICAL		CODE           	21BC	0000	22
		_arialRoundedMTBold18ptFontInfo		MEDIUMCONST    	667B	0000	7
		i2___wmul      		CODE           	20F6	0000	38
		__initialization		CODE           	209E	0000	36
		i2_LEAVECRITICAL		CODE           	21A6	0000	22
		_arialRoundedMTBold18ptBitmaps		MEDIUMCONST    	6682	0000	4325
		i2___awmod     		CODE           	18F0	0000	176
		_arialNarrow_12ptDescriptors		MEDIUMCONST    	7EAB	0000	285

shared estimated size: 6778

C:\Program Files\Microchip\xc8\v2.32\pic\sources\c99\common\awmod.c
		___awmod       		CODE           	1840	0000	176

C:\Program Files\Microchip\xc8\v2.32\pic\sources\c99\common\awmod.c estimated size: 176

stateMachine/display.c
		_displaySM     		CODE           	178C	0000	180
		_displayInit   		CODE           	21F8	0000	10
		_displayController		CODE           	11F0	0000	260

stateMachine/display.c estimated size: 450

libraries/lcd_highlevel.c
		_LCD_Init      		CODE           	07F6	0000	680
		_LCD_DrawText  		CODE           	00B4	0000	1118
		_LCD_Fill      		CODE           	1612	0000	194

libraries/lcd_highlevel.c estimated size: 1992

xf/xf.c
		_XF_popEvent   		CODE           	1D12	0000	96
		_XF_init       		CODE           	16D4	0000	184
		_XF_pushEvent  		CODE           	1BEA	0000	100
		_ENTERCRITICAL 		CODE           	2190	0000	22
		_XF_decrementAndQueueTimers		CODE           	10CE	0000	290
		_XF_unscheduleTimer		CODE           	1FC6	0000	60
		_XF_scheduleTimer		CODE           	1B76	0000	116
		_LEAVECRITICAL 		CODE           	217A	0000	22

xf/xf.c estimated size: 890

class/ball.c
		_Ball_init     		CODE           	1E64	0000	78

class/ball.c estimated size: 78

C:\Program Files\Microchip\xc8\v2.32\pic\sources\c99\common\nf_fputc.c
		_fputc         		CODE           	13C2	0000	202

C:\Program Files\Microchip\xc8\v2.32\pic\sources\c99\common\nf_fputc.c estimated size: 202

C:\Program Files\Microchip\xc8\v2.32\pic\sources\c99\common\aodiv.c
		___aodiv       		CODE           	0DE2	0000	392

C:\Program Files\Microchip\xc8\v2.32\pic\sources\c99\common\aodiv.c estimated size: 392

stateMachine/gameController.c
		_gameControllerController		CODE           	2002	0000	52
		_gameControllerInit		CODE           	21EE	0000	10
		_gameControllerSM		CODE           	206A	0000	52

stateMachine/gameController.c estimated size: 114

main.c
		_main          		CODE           	21D2	0000	16
		_isr           		CODE           	0008	0000	168

main.c estimated size: 184

C:\Program Files\Microchip\xc8\v2.32\pic\sources\c99\common\strlen.c
		_strlen        		CODE           	1EB2	0000	78

C:\Program Files\Microchip\xc8\v2.32\pic\sources\c99\common\strlen.c estimated size: 78

class/paddle.c
		_Paddle_init   		CODE           	1C4E	0000	98

class/paddle.c estimated size: 98

