Microchip MPLAB XC8 Compiler V2.32

Linker command line:

--edf=C:\Program Files\Microchip\xc8\v2.32\pic\dat\en_msgs.txt -cn \
  -h+dist/default/debug\PongV1.X.debug.sym \
  --cmf=dist/default/debug\PongV1.X.debug.cmf -z -Q18LF25K22 \
  -oC:\Users\SEBAST~1.MET\AppData\Local\Temp\xcAs21g.4 \
  --defsym=__MPLAB_BUILD=1 -Mdist/default/debug/PongV1.X.debug.map -E1 \
  -ver=XC8 Compiler --acfsm=1493 -ASTACK=01F0h-05FFh -pstack=STACK \
  -ACODE=00h-07FFFh -ACONST=00h-07FFFh -ASMALLCONST=0600h-06FFhx122 \
  -AMEDIUMCONST=0600h-07FFFh -ACOMRAM=01h-05Fh -AABS1=00h-05FFh \
  -ABIGRAM=01h-05FFh -ARAM=060h-0FFh,0100h-01FFhx5 -ABANK0=060h-0FFh \
  -ABANK1=0100h-01FFh -ABANK2=0200h-02FFh -ABANK3=0300h-03FFh \
  -ABANK4=0400h-04FFh -ABANK5=0500h-05FFh -ASFR=0F38h-0F5Fh,0F60h-0FFFh \
  -ACONFIG=0300000h-030000Dh -AIDLOC=0200000h-0200007h \
  -AEEDATA=0F00000h-0F000FFh -peeprom_data=EEDATA \
  -preset_vec=00h,intcode=08h,intcodelo,powerup,init -pramtop=0600h \
  -psmallconst=SMALLCONST -pmediumconst=MEDIUMCONST -pconst=CONST \
  -AFARRAM=00h-00h \
  -prdata=COMRAM,nvrram=COMRAM,nvbit=COMRAM,rbss=COMRAM,rbit=COMRAM \
  -pfarbss=FARRAM,fardata=FARRAM,nvFARRAM=FARRAM \
  -pintsave_regs=BIGRAM,bigbss=BIGRAM,bigdata=BIGRAM -pbss=RAM \
  -pidata=CODE,irdata=CODE,ibigdata=CODE,ifardata=CODE -prparam=COMRAM \
  C:\Users\SEBAST~1.MET\AppData\Local\Temp\xcAs21g.o \
  dist/default/debug\PongV1.X.debug.o 

Object code version is 3.11

Machine type is 18LF25K22



                Name                               Link     Load   Length Selector   Space Scale
C:\Users\SEBAST~1.MET\AppData\Local\Temp\xcAs21g.o
                idloc                            200000   200000        8        0       5
                config                           300000   300000        E        0       4
                init                                 B0       B0        4        4       0
                reset_vec                             0        0        4        0       0
dist/default/debug\PongV1.X.debug.o
                intcode                               8        8       A8        4       0
                idloc                            200000   200000        8        0       5
                config                           300000   300000        E        0       4
                temp                                 4E       4E        1        1       1
                mediumconst                        783A     783A      7C6     3C1D       0
                text87                             6390     6390       16        4       0
                text86                             637A     637A       16        4       0
                text85                             614A     614A       3C        4       0
                text84                             583C     583C       B0        4       0
                text83                             5DC0     5DC0       64        4       0
                text82                             62B4     62B4       26        4       0
                text81                             448E     448E      122        4       0
                text79                             6364     6364       16        4       0
                text78                             634E     634E       16        4       0
                text77                             578C     578C       B0        4       0
                text76                             5E86     5E86       60        4       0
                text75                             2D08     2D08      33A        4       0
                text74                             40C4     40C4      156        4       0
                text73                             5338     5338       C2        4       0
                text72                             435C     435C      132        4       0
                text71                             51B2     51B2       C4        4       0
                text70                             628E     628E       26        4       0
                text69                             6034     6034       4E        4       0
                text68                             1DD6     1DD6      44A        4       0
                text67                             3DD8     3DD8      188        4       0
                text66                             3F60     3F60      164        4       0
                text65                             610A     610A       40        4       0
                text64                             63C4     63C4        2        4       0
                text63                             50E8     50E8       CA        4       0
                text62                             60C6     60C6       44        4       0
                text61                             5276     5276       C2        4       0
                text60                             3042     3042      2E2        4       0
                text59                             3C24     3C24      1B4        4       0
                text58                             5E24     5E24       62        4       0
                text57                             5F92     5F92       52        4       0
                text56                             5016     5016       D2        4       0
                text55                             5F3C     5F3C       56        4       0
                text54                             53FA     53FA       BE        4       0
                text53                             5C84     5C84       74        4       0
                text52                             5D5C     5D5C       64        4       0
                text51                              97E      97E      5F6        4       0
                text50                             421A     421A      142        4       0
                text49                             383A     383A      236        4       0
                text48                              F74      F74      4EE        4       0
                text47                             56DC     56DC       B0        4       0
                text46                             1462     1462      4D6        4       0
                text45                             45B0     45B0      10E        4       0
                text44                             5AA0     5AA0       82        4       0
                text43                             5B22     5B22       78        4       0
                text42                             47C4     47C4      104        4       0
                text41                             48C8     48C8      100        4       0
                text40                             5B9A     5B9A       76        4       0
                text39                             49C8     49C8       FA        4       0
                text38                             4BB6     4BB6       EE        4       0
                text37                             562C     562C       B0        4       0
                text36                             6268     6268       26        4       0
                text35                             2220     2220      3E4        4       0
                text34                             4D82     4D82       DE        4       0
                text33                             5C10     5C10       74        4       0
                text32                             6082     6082       44        4       0
                text31                             1938     1938      49E        4       0
                text30                             5A1E     5A1E       82        4       0
                text29                             5CF8     5CF8       64        4       0
                text28                               B4       B4      8CA        4       0
                text27                             6240     6240       28        4       0
                text26                             61EE     61EE       2A        4       0
                text25                             4CA4     4CA4       DE        4       0
                text24                             4F3C     4F3C       DA        4       0
                text23                             4AC2     4AC2       F4        4       0
                text22                             299E     299E      36A        4       0
                text21                             4E60     4E60       DC        4       0
                text20                             63C2     63C2        2        4       0
                text19                             6338     6338       16        4       0
                text18                             6322     6322       16        4       0
                text17                             2604     2604      39A        4       0
                text16                             46BE     46BE      106        4       0
                text15                             3A70     3A70      1B4        4       0
                text14                             5FE4     5FE4       50        4       0
                text13                             62DA     62DA       1A        4       0
                text12                             35CC     35CC      26E        4       0
                text11                             598A     598A       94        4       0
                text10                             5EE6     5EE6       56        4       0
                text9                              58EC     58EC       9E        4       0
                text8                              3324     3324      2A8        4       0
                text7                              5574     5574       B8        4       0
                text6                              62F4     62F4       18        4       0
                text5                              630C     630C       16        4       0
                text4                              6186     6186       36        4       0
                text3                              63B6     63B6        C        4       0
                text2                              6218     6218       28        4       0
                text1                              54B8     54B8       BC        4       0
                text0                              63A6     63A6       10        4       0
                cstackCOMRAM                          1        1       46        1       1
                cstackBANK0                          60       60       55       60       1
                cstackBANK1                         1EF      1EF        1      100       1
                bssBANK1                            100      100       EF      100       1
                bssBANK0                             B5       B5       4B       60       1
                bssCOMRAM                            47       47        7        1       1
                cinit                              61BC     61BC       32        4       0

TOTAL           Name                               Link     Load   Length     Space
        CLASS   STACK          

        CLASS   CODE           
                intcode                               8        8       A8         0
                init                                 B0       B0        4         0
                reset_vec                             0        0        4         0
                text87                             6390     6390       16         0
                text86                             637A     637A       16         0
                text85                             614A     614A       3C         0
                text84                             583C     583C       B0         0
                text83                             5DC0     5DC0       64         0
                text82                             62B4     62B4       26         0
                text81                             448E     448E      122         0
                text79                             6364     6364       16         0
                text78                             634E     634E       16         0
                text77                             578C     578C       B0         0
                text76                             5E86     5E86       60         0
                text75                             2D08     2D08      33A         0
                text74                             40C4     40C4      156         0
                text73                             5338     5338       C2         0
                text72                             435C     435C      132         0
                text71                             51B2     51B2       C4         0
                text70                             628E     628E       26         0
                text69                             6034     6034       4E         0
                text68                             1DD6     1DD6      44A         0
                text67                             3DD8     3DD8      188         0
                text66                             3F60     3F60      164         0
                text65                             610A     610A       40         0
                text64                             63C4     63C4        2         0
                text63                             50E8     50E8       CA         0
                text62                             60C6     60C6       44         0
                text61                             5276     5276       C2         0
                text60                             3042     3042      2E2         0
                text59                             3C24     3C24      1B4         0
                text58                             5E24     5E24       62         0
                text57                             5F92     5F92       52         0
                text56                             5016     5016       D2         0
                text55                             5F3C     5F3C       56         0
                text54                             53FA     53FA       BE         0
                text53                             5C84     5C84       74         0
                text52                             5D5C     5D5C       64         0
                text51                              97E      97E      5F6         0
                text50                             421A     421A      142         0
                text49                             383A     383A      236         0
                text48                              F74      F74      4EE         0
                text47                             56DC     56DC       B0         0
                text46                             1462     1462      4D6         0
                text45                             45B0     45B0      10E         0
                text44                             5AA0     5AA0       82         0
                text43                             5B22     5B22       78         0
                text42                             47C4     47C4      104         0
                text41                             48C8     48C8      100         0
                text40                             5B9A     5B9A       76         0
                text39                             49C8     49C8       FA         0
                text38                             4BB6     4BB6       EE         0
                text37                             562C     562C       B0         0
                text36                             6268     6268       26         0
                text35                             2220     2220      3E4         0
                text34                             4D82     4D82       DE         0
                text33                             5C10     5C10       74         0
                text32                             6082     6082       44         0
                text31                             1938     1938      49E         0
                text30                             5A1E     5A1E       82         0
                text29                             5CF8     5CF8       64         0
                text28                               B4       B4      8CA         0
                text27                             6240     6240       28         0
                text26                             61EE     61EE       2A         0
                text25                             4CA4     4CA4       DE         0
                text24                             4F3C     4F3C       DA         0
                text23                             4AC2     4AC2       F4         0
                text22                             299E     299E      36A         0
                text21                             4E60     4E60       DC         0
                text20                             63C2     63C2        2         0
                text19                             6338     6338       16         0
                text18                             6322     6322       16         0
                text17                             2604     2604      39A         0
                text16                             46BE     46BE      106         0
                text15                             3A70     3A70      1B4         0
                text14                             5FE4     5FE4       50         0
                text13                             62DA     62DA       1A         0
                text12                             35CC     35CC      26E         0
                text11                             598A     598A       94         0
                text10                             5EE6     5EE6       56         0
                text9                              58EC     58EC       9E         0
                text8                              3324     3324      2A8         0
                text7                              5574     5574       B8         0
                text6                              62F4     62F4       18         0
                text5                              630C     630C       16         0
                text4                              6186     6186       36         0
                text3                              63B6     63B6        C         0
                text2                              6218     6218       28         0
                text1                              54B8     54B8       BC         0
                text0                              63A6     63A6       10         0
                cinit                              61BC     61BC       32         0

        CLASS   CONST          

        CLASS   SMALLCONST     

        CLASS   MEDIUMCONST    
                mediumconst                        783A     783A      7C6         0

        CLASS   COMRAM         
                temp                                 4E       4E        1         1
                cstackCOMRAM                          1        1       46         1
                bssCOMRAM                            47       47        7         1

        CLASS   ABS1           

        CLASS   BIGRAM         

        CLASS   RAM            

        CLASS   BANK0          
                cstackBANK0                          60       60       55         1
                bssBANK0                             B5       B5       4B         1

        CLASS   BANK1          
                cstackBANK1                         1EF      1EF        1         1
                bssBANK1                            100      100       EF         1

        CLASS   BANK2          

        CLASS   BANK3          

        CLASS   BANK4          

        CLASS   BANK5          

        CLASS   SFR            

        CLASS   CONFIG         
                config                           300000   300000        E         4

        CLASS   IDLOC          
                idloc                            200000   200000        8         5

        CLASS   EEDATA         

        CLASS   FARRAM         



SEGMENTS        Name                           Load    Length   Top    Selector   Space  Class

                reset_vec                      000000  000004  000004         0       0  CODE    
                cstackCOMRAM                   000001  00004E  00004F         1       1  COMRAM  
                intcode                        000008  0063BE  0063C6         4       0  CODE    
                cstackBANK0                    000060  0000A0  000100        60       1  BANK0   
                bssBANK1                       000100  0000F0  0001F0       100       1  BANK1   
                mediumconst                    00783A  0007C6  008000      3C1D       0  MEDIUMCO


UNUSED ADDRESS RANGES

        Name                Unused          Largest block    Delta
        BANK1            0001F0-0001FF               10
        BANK2            000200-0002FF              100
        BANK3            000300-0003FF              100
        BANK4            000400-0004FF              100
        BANK5            000500-0005FF              100
        BIGRAM           00004F-00005F               11
                         0001F0-0005FF              410
        CODE             000004-000007                4
                         0063C6-007839             1474
        COMRAM           00004F-00005F               11
        CONST            000004-000007                4
                         0063C6-007839             1474
        EEDATA           F00000-F000FF              100
        MEDIUMCONST      0063C6-007839             1474
        RAM              0001F0-0005FF              100
        SFR              000F38-000FFF               28
        SMALLCONST       0063C6-007839              100
        STACK            0001F0-0005FF              410

                                  Symbol Table

?_LCD_Read                            cstackCOMRAM 000012
?_RGB2LCD                             cstackCOMRAM 000012
?___aodiv                             cstackCOMRAM 000012
?___aomod                             cstackCOMRAM 000012
?___awdiv                             cstackCOMRAM 000012
?___awmod                             cstackCOMRAM 000012
?___fldiv                             cstackCOMRAM 000020
?___fltol                             cstackCOMRAM 000039
?___lwdiv                             cstackCOMRAM 000020
?___lwmod                             cstackCOMRAM 000012
?___wmul                              cstackCOMRAM 00001A
?___xxtofl                            cstackCOMRAM 000012
?_abs                                 cstackCOMRAM 000024
?_dtoa                                cstackCOMRAM 00002D
?_pad                                 cstackCOMRAM 000022
?_sprintf                             cstackBANK0  000082
?_strlen                              cstackCOMRAM 000012
?_vfpfcnvrt                           cstackCOMRAM 00003F
?_vfprintf                            cstackBANK0  00007A
?i2___awmod                           cstackCOMRAM 000001
?i2___wmul                            cstackCOMRAM 000001
Ball_Update@b                         cstackCOMRAM 000012
Ball_draw@b                           cstackCOMRAM 000025
Ball_init@b                           cstackCOMRAM 000012
ENTERCRITICAL@inISR                   cstackCOMRAM 000012
Factory_exec@ev                       cstackBANK1  0001EF
GameParameters_init@s                 cstackCOMRAM 00002B
GameParameters_resetPos@s             cstackCOMRAM 000012
GameParameters_setBackLight@s         cstackCOMRAM 000012
GameParameters_setBackLight@value     cstackCOMRAM 000014
GameParameters_setX@s                 cstackCOMRAM 000012
GameParameters_setX@value             cstackCOMRAM 000014
GameParameters_setY@s                 cstackCOMRAM 000012
GameParameters_setY@value             cstackCOMRAM 000014
LCD_Bitmap@bfOffBits                  cstackBANK0  000060
LCD_Bitmap@biHeight                   cstackBANK0  00006B
LCD_Bitmap@biWidth                    cstackBANK0  000076
LCD_Bitmap@bmpPtr                     cstackCOMRAM 000027
LCD_Bitmap@color                      cstackBANK0  00006D
LCD_Bitmap@colorTablePtr              cstackBANK0  000069
LCD_Bitmap@curXPos                    cstackBANK0  00006F
LCD_Bitmap@curYPos                    cstackBANK0  000067
LCD_Bitmap@endOfImage                 cstackBANK0  000064
LCD_Bitmap@i                          cstackBANK0  00007A
LCD_Bitmap@jumpColor                  cstackBANK0  000078
LCD_Bitmap@jumpCount                  cstackBANK0  000065
LCD_Bitmap@newY                       cstackBANK0  000073
LCD_Bitmap@pixelCount                 cstackBANK0  000075
LCD_Bitmap@posX                       cstackCOMRAM 000029
LCD_Bitmap@posY                       cstackCOMRAM 00002B
LCD_Bitmap@strPtr                     cstackBANK0  000071
LCD_ButtonCreate@bgColor              cstackCOMRAM 00001C
LCD_ButtonCreate@button               cstackCOMRAM 000028
LCD_ButtonCreate@font                 cstackCOMRAM 000020
LCD_ButtonCreate@fpOut                cstackCOMRAM 000026
LCD_ButtonCreate@fpPress              cstackCOMRAM 000022
LCD_ButtonCreate@fpReleased           cstackCOMRAM 000024
LCD_ButtonCreate@height               cstackCOMRAM 000018
LCD_ButtonCreate@index                cstackCOMRAM 00002A
LCD_ButtonCreate@posX                 cstackCOMRAM 000012
LCD_ButtonCreate@posY                 cstackCOMRAM 000014
LCD_ButtonCreate@textOrBmp            cstackCOMRAM 00001E
LCD_ButtonCreate@txtColor             cstackCOMRAM 00001A
LCD_ButtonCreate@width                cstackCOMRAM 000016
LCD_ButtonDraw@bmpPtr                 cstackBANK0  00009A
LCD_ButtonDraw@button                 cstackBANK0  00007C
LCD_ButtonDraw@i                      cstackBANK0  000099
LCD_ButtonDraw@tempChar               cstackBANK0  00008A
LCD_ButtonDraw@width                  cstackBANK0  00008B
LCD_ButtonDraw@x1                     cstackBANK0  00008D
LCD_ButtonDraw@x2                     cstackBANK0  00008F
LCD_ButtonDraw@xText                  cstackBANK0  000095
LCD_ButtonDraw@y1                     cstackBANK0  000091
LCD_ButtonDraw@y2                     cstackBANK0  000093
LCD_ButtonDraw@yText                  cstackBANK0  000097
LCD_ButtonUpdate@button               cstackCOMRAM 000025
LCD_ButtonUpdate@colorIn              cstackCOMRAM 00002D
LCD_ButtonUpdate@colorOut             cstackCOMRAM 00002B
LCD_ButtonUpdate@x1                   cstackCOMRAM 000033
LCD_ButtonUpdate@x2                   cstackCOMRAM 00002F
LCD_ButtonUpdate@y1                   cstackCOMRAM 000031
LCD_ButtonUpdate@y2                   cstackCOMRAM 000035
LCD_DrawRect@color                    cstackCOMRAM 00001B
LCD_DrawRect@colorH                   cstackCOMRAM 000021
LCD_DrawRect@colorL                   cstackCOMRAM 000022
LCD_DrawRect@fill                     cstackCOMRAM 00001A
LCD_DrawRect@i                        cstackCOMRAM 000023
LCD_DrawRect@j                        cstackCOMRAM 00001D
LCD_DrawRect@posX1                    cstackCOMRAM 000012
LCD_DrawRect@posX2                    cstackCOMRAM 000016
LCD_DrawRect@posY1                    cstackCOMRAM 000014
LCD_DrawRect@posY2                    cstackCOMRAM 000018
LCD_DrawRect@temp                     cstackCOMRAM 00001F
LCD_DrawText@align                    cstackCOMRAM 000024
LCD_DrawText@bg_color                 cstackCOMRAM 00002B
LCD_DrawText@color                    cstackCOMRAM 000029
LCD_DrawText@font                     cstackCOMRAM 000022
LCD_DrawText@fontByte                 cstackCOMRAM 000037
LCD_DrawText@fontPixel                cstackCOMRAM 000038
LCD_DrawText@i                        cstackCOMRAM 00003E
LCD_DrawText@msg                      cstackCOMRAM 000020
LCD_DrawText@offset                   cstackCOMRAM 000033
LCD_DrawText@posX                     cstackCOMRAM 000025
LCD_DrawText@posXEnd                  cstackCOMRAM 00003B
LCD_DrawText@posY                     cstackCOMRAM 000027
LCD_DrawText@posYEnd                  cstackCOMRAM 000039
LCD_DrawText@tempChar                 cstackCOMRAM 00003F
LCD_DrawText@width                    cstackCOMRAM 000041
LCD_DrawText@x                        cstackCOMRAM 000040
LCD_DrawText@y                        cstackCOMRAM 00003D
LCD_DrawText@yOffset                  cstackCOMRAM 000035
LCD_Fill@color                        cstackCOMRAM 000012
LCD_Fill@colorH                       cstackCOMRAM 000014
LCD_Fill@colorL                       cstackCOMRAM 000015
LCD_Fill@column                       cstackCOMRAM 000016
LCD_Fill@page                         cstackCOMRAM 000018
LCD_InButton@button                   cstackCOMRAM 000012
LCD_InButton@posX                     cstackCOMRAM 000014
LCD_InButton@posY                     cstackCOMRAM 000016
LCD_InSlider@posX                     cstackCOMRAM 000014
LCD_InSlider@posY                     cstackCOMRAM 000016
LCD_InSlider@slider                   cstackCOMRAM 000012
LCD_Init@i                            cstackCOMRAM 000018
LCD_Lowlevel_Init@i                   cstackCOMRAM 000013
LCD_Read@color                        cstackCOMRAM 000018
LCD_Read@posX                         cstackCOMRAM 000012
LCD_Read@posY                         cstackCOMRAM 000014
LCD_Read@temp16                       cstackCOMRAM 00001A
LCD_SliderCreate@bgColor              cstackCOMRAM 00001C
LCD_SliderCreate@borderColor          cstackCOMRAM 00001E
LCD_SliderCreate@cursorWidth          cstackCOMRAM 000020
LCD_SliderCreate@fpPress              cstackCOMRAM 000024
LCD_SliderCreate@height               cstackCOMRAM 000018
LCD_SliderCreate@posX                 cstackCOMRAM 000012
LCD_SliderCreate@posY                 cstackCOMRAM 000014
LCD_SliderCreate@sldColor             cstackCOMRAM 00001A
LCD_SliderCreate@slider               cstackCOMRAM 000026
LCD_SliderCreate@steps                cstackCOMRAM 000022
LCD_SliderCreate@width                cstackCOMRAM 000016
LCD_SliderDraw@slider                 cstackCOMRAM 000037
LCD_SliderDraw@x1                     cstackCOMRAM 00003D
LCD_SliderDraw@x2                     cstackCOMRAM 00003F
LCD_SliderDraw@y1                     cstackCOMRAM 000041
LCD_SliderDraw@y2                     cstackCOMRAM 000043
LCD_SliderUpdate@slider               cstackCOMRAM 000027
LCD_SliderUpdate@x1                   cstackCOMRAM 000035
LCD_SliderUpdate@x2                   cstackCOMRAM 00002F
LCD_SliderUpdate@y1                   cstackCOMRAM 000031
LCD_SliderUpdate@y2                   cstackCOMRAM 000033
LEAVECRITICAL@inISR                   cstackCOMRAM 000012
Menu_endGame@g                        cstackBANK0  00009C
Menu_inGameDraw@g                     cstackBANK0  000092
Menu_parametersDraw@g                 cstackBANK0  00009C
Menu_welcomeDraw@g                    cstackBANK0  00009C
Paddle_addX@add                       cstackCOMRAM 000016
Paddle_addX@p                         cstackCOMRAM 000012
Paddle_addX@value                     cstackCOMRAM 000014
Paddle_draw@p                         cstackCOMRAM 000025
Paddle_init@p                         cstackCOMRAM 000012
Paddle_init@team                      cstackCOMRAM 000014
RGB2LCD@blue                          cstackCOMRAM 00001C
RGB2LCD@color                         cstackCOMRAM 00001E
RGB2LCD@colorTableEntry               cstackCOMRAM 000012
RGB2LCD@green                         cstackCOMRAM 00001A
RGB2LCD@red                           cstackCOMRAM 000018
Score_draw@s                          cstackBANK0  000090
Score_init@s                          cstackCOMRAM 000012
XF_decrementAndQueueTimers@i          cstackCOMRAM 00000C
XF_init@i                             cstackCOMRAM 000020
XF_popEvent@ev                        cstackCOMRAM 000018
XF_popEvent@inISR                     cstackCOMRAM 000019
XF_pushEvent@ev                       cstackCOMRAM 000019
XF_pushEvent@inISR                    cstackCOMRAM 000018
XF_pushEvent@temp                     cstackCOMRAM 00001A
XF_scheduleTimer@ev                   cstackCOMRAM 000015
XF_scheduleTimer@i                    cstackCOMRAM 000017
XF_scheduleTimer@inISR                cstackCOMRAM 000016
XF_scheduleTimer@tm                   cstackCOMRAM 000013
XF_unscheduleTimer@id                 cstackCOMRAM 000003
XF_unscheduleTimer@inISR              cstackCOMRAM 000002
_ADCON0                               (abs)        000FC2
_ADCON2                               (abs)        000FC0
_ADRESH                               (abs)        000FC4
_ADRESL                               (abs)        000FC3
_ANSB1                                (abs)        0079C9
_ANSB2                                (abs)        0079CA
_Ball_Update                          text30       005A1E
_Ball_draw                            text74       0040C4
_Ball_init                            text40       005B9A
_CCP2CONbits                          (abs)        000F66
_CCPR2L                               (abs)        000F67
_ENTERCRITICAL                        text79       006364
_Factory_exec                         text10       005EE6
_Factory_init                         text1        0054B8
_GIE                                  (abs)        007F97
_GameParameters_init                  text35       002220
_GameParameters_resetPos              text26       0061EE
_GameParameters_setBackLight          text32       006082
_GameParameters_setX                  text19       006338
_GameParameters_setY                  text18       006322
_INT1IE                               (abs)        007F83
_INT1IF                               (abs)        007F80
_INTEDG1                              (abs)        007F8D
_LATB1                                (abs)        007C51
_LATB2                                (abs)        007C52
_LATB3                                (abs)        007C53
_LATB4                                (abs)        007C54
_LATC0                                (abs)        007C58
_LATC2                                (abs)        007C5A
_LATC3                                (abs)        007C5B
_LATC4                                (abs)        007C5C
_LATC5                                (abs)        007C5D
_LCD_Bitmap                           text51       00097E
_LCD_ButtonCreate                     text39       0049C8
_LCD_ButtonDraw                       text48       000F74
_LCD_ButtonUpdate                     text49       00383A
_LCD_DrawRect                         text75       002D08
_LCD_DrawText                         text68       001DD6
_LCD_Fill                             text73       005338
_LCD_InButton                         text25       004CA4
_LCD_InSlider                         text34       004D82
_LCD_Init                             text8        003324
_LCD_Lowlevel_Init                    text9        0058EC
_LCD_Read                             text50       00421A
_LCD_SliderCreate                     text38       004BB6
_LCD_SliderDraw                       text45       0045B0
_LCD_SliderUpdate                     text46       001462
_LEAVECRITICAL                        text78       00634E
_Menu_endGame                         text47       0056DC
_Menu_inGameDraw                      text55       005F3C
_Menu_parametersDraw                  text44       005AA0
_Menu_welcomeDraw                     text43       005B22
_OSCCON                               (abs)        000FD3
_PLLEN                                (abs)        007CDE
_PORTA                                (abs)        000F80
_PORTBbits                            (abs)        000F81
_PR2                                  (abs)        000FBB
_Paddle_addX                          text24       004F3C
_Paddle_draw                          text72       00435C
_Paddle_init                          text37       00562C
_RBPU                                 (abs)        007F8F
_RGB2LCD                              text54       0053FA
_Score_draw                           text56       005016
_Score_init                           text36       006268
_T0CON                                (abs)        000FD5
_T2CONbits                            (abs)        000FBA
_TMR0H                                (abs)        000FD7
_TMR0IE                               (abs)        007F95
_TMR0IF                               (abs)        007F92
_TMR0L                                (abs)        000FD6
_TMR2IF                               (abs)        007CF1
_TRISA                                (abs)        000F92
_TRISB1                               (abs)        007C99
_TRISB2                               (abs)        007C9A
_TRISB3                               (abs)        007C9B
_TRISB4                               (abs)        007C9C
_TRISC0                               (abs)        007CA0
_TRISC1                               (abs)        007CA1
_TRISC2                               (abs)        007CA2
_TRISC3                               (abs)        007CA3
_TRISC4                               (abs)        007CA4
_TRISC5                               (abs)        007CA5
_WPUB                                 (abs)        000F61
_XF_decrementAndQueueTimers           text81       00448E
_XF_init                              text7        005574
_XF_popEvent                          text76       005E86
_XF_pushEvent                         text29       005CF8
_XF_scheduleTimer                     text33       005C10
_XF_unscheduleTimer                   text85       00614A
__HRAM                                (abs)        000000
__Habs1                               abs1         000000
__Hbank0                              bank0        000000
__Hbank1                              bank1        000000
__Hbank2                              bank2        000000
__Hbank3                              bank3        000000
__Hbank4                              bank4        000000
__Hbank5                              bank5        000000
__Hbigbss                             bigbss       000000
__Hbigdata                            bigdata      000000
__Hbigram                             bigram       000000
__Hbss                                bss          000000
__HbssBANK0                           bssBANK0     000000
__HbssBANK1                           bssBANK1     000000
__HbssCOMRAM                          bssCOMRAM    000000
__Hcinit                              cinit        000000
__Hclrtext                            clrtext      000000
__Hcomram                             comram       000000
__Hconfig                             config       30000E
__Hconst                              const        000000
__HcstackBANK0                        cstackBANK0  000000
__HcstackBANK1                        cstackBANK1  000000
__HcstackCOMRAM                       cstackCOMRAM 000000
__Hdata                               data         000000
__Heeprom_data                        eeprom_data  000000
__Hfarbss                             farbss       000000
__Hfardata                            fardata      000000
__Hibigdata                           ibigdata     000000
__Hidata                              idata        000000
__Hidloc                              idloc        200008
__Hifardata                           ifardata     000000
__Hinit                               init         0000B4
__Hintcode                            intcode      0000B0
__Hintcode_body                       intcode_body 000000
__Hintcodelo                          intcodelo    0000B0
__Hintentry                           intentry     000000
__Hintret                             intret       000000
__Hintsave_regs                       intsave_regs 000000
__Hirdata                             irdata       000000
__Hmediumconst                        mediumconst  008000
__HnvFARRAM                           nvFARRAM     000000
__Hnvbit                              nvbit        000000
__Hnvrram                             nvrram       000000
__Hparam                              rparam       000000
__Hpowerup                            powerup      0000B0
__Hram                                ram          000000
__Hramtop                             ramtop       000600
__Hrbit                               rbit         000000
__Hrbss                               rbss         000000
__Hrdata                              rdata        000000
__Hreset_vec                          reset_vec    000004
__Hrparam                             rparam       000000
__Hsfr                                sfr          000000
__Hsmallconst                         smallconst   000000
__Hspace_0                            (abs)        008000
__Hspace_1                            (abs)        0001F0
__Hspace_2                            (abs)        000000
__Hspace_4                            (abs)        60000E
__Hstack                              stack        000000
__Hstruct                             struct       000000
__Htemp                               temp         00004F
__Htext                               text         000000
__Htext0                              text0        000000
__Htext1                              text1        000000
__Htext10                             text10       000000
__Htext11                             text11       000000
__Htext12                             text12       000000
__Htext13                             text13       000000
__Htext14                             text14       000000
__Htext15                             text15       000000
__Htext16                             text16       000000
__Htext17                             text17       000000
__Htext18                             text18       000000
__Htext19                             text19       000000
__Htext2                              text2        000000
__Htext20                             text20       000000
__Htext21                             text21       000000
__Htext22                             text22       000000
__Htext23                             text23       000000
__Htext24                             text24       000000
__Htext25                             text25       000000
__Htext26                             text26       000000
__Htext27                             text27       000000
__Htext28                             text28       000000
__Htext29                             text29       000000
__Htext3                              text3        000000
__Htext30                             text30       000000
__Htext31                             text31       000000
__Htext32                             text32       000000
__Htext33                             text33       000000
__Htext34                             text34       000000
__Htext35                             text35       000000
__Htext36                             text36       000000
__Htext37                             text37       000000
__Htext38                             text38       000000
__Htext39                             text39       000000
__Htext4                              text4        000000
__Htext40                             text40       000000
__Htext41                             text41       000000
__Htext42                             text42       000000
__Htext43                             text43       000000
__Htext44                             text44       000000
__Htext45                             text45       000000
__Htext46                             text46       000000
__Htext47                             text47       000000
__Htext48                             text48       000000
__Htext49                             text49       000000
__Htext5                              text5        000000
__Htext50                             text50       000000
__Htext51                             text51       000000
__Htext52                             text52       000000
__Htext53                             text53       000000
__Htext54                             text54       000000
__Htext55                             text55       000000
__Htext56                             text56       000000
__Htext57                             text57       000000
__Htext58                             text58       000000
__Htext59                             text59       000000
__Htext6                              text6        000000
__Htext60                             text60       000000
__Htext61                             text61       000000
__Htext62                             text62       000000
__Htext63                             text63       000000
__Htext64                             text64       000000
__Htext65                             text65       000000
__Htext66                             text66       000000
__Htext67                             text67       000000
__Htext68                             text68       000000
__Htext69                             text69       000000
__Htext7                              text7        000000
__Htext70                             text70       000000
__Htext71                             text71       000000
__Htext72                             text72       000000
__Htext73                             text73       000000
__Htext74                             text74       000000
__Htext75                             text75       000000
__Htext76                             text76       000000
__Htext77                             text77       000000
__Htext78                             text78       000000
__Htext79                             text79       000000
__Htext8                              text8        000000
__Htext81                             text81       000000
__Htext82                             text82       000000
__Htext83                             text83       000000
__Htext84                             text84       000000
__Htext85                             text85       000000
__Htext86                             text86       000000
__Htext87                             text87       000000
__Htext9                              text9        000000
__LRAM                                (abs)        000001
__Labs1                               abs1         000000
__Lbank0                              bank0        000000
__Lbank1                              bank1        000000
__Lbank2                              bank2        000000
__Lbank3                              bank3        000000
__Lbank4                              bank4        000000
__Lbank5                              bank5        000000
__Lbigbss                             bigbss       000000
__Lbigdata                            bigdata      000000
__Lbigram                             bigram       000000
__Lbss                                bss          000000
__LbssBANK0                           bssBANK0     000000
__LbssBANK1                           bssBANK1     000000
__LbssCOMRAM                          bssCOMRAM    000000
__Lcinit                              cinit        000000
__Lclrtext                            clrtext      000000
__Lcomram                             comram       000000
__Lconfig                             config       000000
__Lconst                              const        000000
__LcstackBANK0                        cstackBANK0  000000
__LcstackBANK1                        cstackBANK1  000000
__LcstackCOMRAM                       cstackCOMRAM 000000
__Ldata                               data         000000
__Leeprom_data                        eeprom_data  000000
__Lfarbss                             farbss       000000
__Lfardata                            fardata      000000
__Libigdata                           ibigdata     000000
__Lidata                              idata        000000
__Lidloc                              idloc        000000
__Lifardata                           ifardata     000000
__Linit                               init         0000B0
__Lintcode                            intcode      000008
__Lintcode_body                       intcode_body 000000
__Lintcodelo                          intcodelo    0000B0
__Lintentry                           intentry     000000
__Lintret                             intret       000000
__Lintsave_regs                       intsave_regs 000000
__Lirdata                             irdata       000000
__Lmediumconst                        mediumconst  00783A
__LnvFARRAM                           nvFARRAM     000000
__Lnvbit                              nvbit        000000
__Lnvrram                             nvrram       000000
__Lparam                              rparam       000000
__Lpowerup                            powerup      0000B0
__Lram                                ram          000000
__Lramtop                             ramtop       000600
__Lrbit                               rbit         000000
__Lrbss                               rbss         000000
__Lrdata                              rdata        000000
__Lreset_vec                          reset_vec    000000
__Lrparam                             rparam       000000
__Lsfr                                sfr          000000
__Lsmallconst                         smallconst   000000
__Lspace_0                            (abs)        000000
__Lspace_1                            (abs)        000000
__Lspace_2                            (abs)        000000
__Lspace_4                            (abs)        000000
__Lstack                              stack        000000
__Lstruct                             struct       000000
__Ltemp                               temp         00004E
__Ltext                               text         000000
__Ltext0                              text0        000000
__Ltext1                              text1        000000
__Ltext10                             text10       000000
__Ltext11                             text11       000000
__Ltext12                             text12       000000
__Ltext13                             text13       000000
__Ltext14                             text14       000000
__Ltext15                             text15       000000
__Ltext16                             text16       000000
__Ltext17                             text17       000000
__Ltext18                             text18       000000
__Ltext19                             text19       000000
__Ltext2                              text2        000000
__Ltext20                             text20       000000
__Ltext21                             text21       000000
__Ltext22                             text22       000000
__Ltext23                             text23       000000
__Ltext24                             text24       000000
__Ltext25                             text25       000000
__Ltext26                             text26       000000
__Ltext27                             text27       000000
__Ltext28                             text28       000000
__Ltext29                             text29       000000
__Ltext3                              text3        000000
__Ltext30                             text30       000000
__Ltext31                             text31       000000
__Ltext32                             text32       000000
__Ltext33                             text33       000000
__Ltext34                             text34       000000
__Ltext35                             text35       000000
__Ltext36                             text36       000000
__Ltext37                             text37       000000
__Ltext38                             text38       000000
__Ltext39                             text39       000000
__Ltext4                              text4        000000
__Ltext40                             text40       000000
__Ltext41                             text41       000000
__Ltext42                             text42       000000
__Ltext43                             text43       000000
__Ltext44                             text44       000000
__Ltext45                             text45       000000
__Ltext46                             text46       000000
__Ltext47                             text47       000000
__Ltext48                             text48       000000
__Ltext49                             text49       000000
__Ltext5                              text5        000000
__Ltext50                             text50       000000
__Ltext51                             text51       000000
__Ltext52                             text52       000000
__Ltext53                             text53       000000
__Ltext54                             text54       000000
__Ltext55                             text55       000000
__Ltext56                             text56       000000
__Ltext57                             text57       000000
__Ltext58                             text58       000000
__Ltext59                             text59       000000
__Ltext6                              text6        000000
__Ltext60                             text60       000000
__Ltext61                             text61       000000
__Ltext62                             text62       000000
__Ltext63                             text63       000000
__Ltext64                             text64       000000
__Ltext65                             text65       000000
__Ltext66                             text66       000000
__Ltext67                             text67       000000
__Ltext68                             text68       000000
__Ltext69                             text69       000000
__Ltext7                              text7        000000
__Ltext70                             text70       000000
__Ltext71                             text71       000000
__Ltext72                             text72       000000
__Ltext73                             text73       000000
__Ltext74                             text74       000000
__Ltext75                             text75       000000
__Ltext76                             text76       000000
__Ltext77                             text77       000000
__Ltext78                             text78       000000
__Ltext79                             text79       000000
__Ltext8                              text8        000000
__Ltext81                             text81       000000
__Ltext82                             text82       000000
__Ltext83                             text83       000000
__Ltext84                             text84       000000
__Ltext85                             text85       000000
__Ltext86                             text86       000000
__Ltext87                             text87       000000
__Ltext9                              text9        000000
__S0                                  (abs)        008000
__S1                                  (abs)        0001F0
__S2                                  (abs)        000000
__S4                                  (abs)        000000
__S5                                  (abs)        000000
___aodiv                              text67       003DD8
___aodiv@counter                      cstackCOMRAM 000022
___aodiv@dividend                     cstackCOMRAM 000012
___aodiv@divisor                      cstackCOMRAM 00001A
___aodiv@quotient                     cstackCOMRAM 000024
___aodiv@sign                         cstackCOMRAM 000023
___aomod                              text66       003F60
___aomod@counter                      cstackCOMRAM 000022
___aomod@dividend                     cstackCOMRAM 000012
___aomod@divisor                      cstackCOMRAM 00001A
___aomod@sign                         cstackCOMRAM 000023
___awdiv                              text71       0051B2
___awdiv@counter                      cstackCOMRAM 000016
___awdiv@dividend                     cstackCOMRAM 000012
___awdiv@divisor                      cstackCOMRAM 000014
___awdiv@quotient                     cstackCOMRAM 000018
___awdiv@sign                         cstackCOMRAM 000017
___awmod                              text77       00578C
___awmod@counter                      cstackCOMRAM 000016
___awmod@dividend                     cstackCOMRAM 000012
___awmod@divisor                      cstackCOMRAM 000014
___awmod@sign                         cstackCOMRAM 000017
___fldiv                              text17       002604
___fldiv@a                            cstackCOMRAM 000024
___fldiv@aexp                         cstackCOMRAM 000038
___fldiv@b                            cstackCOMRAM 000020
___fldiv@bexp                         cstackCOMRAM 000037
___fldiv@grs                          cstackCOMRAM 000033
___fldiv@new_exp                      cstackCOMRAM 000031
___fldiv@rem                          cstackCOMRAM 00002C
___fldiv@sign                         cstackCOMRAM 000030
___fltol                              text16       0046BE
___fltol@exp1                         cstackCOMRAM 000042
___fltol@f1                           cstackCOMRAM 000039
___fltol@sign1                        cstackCOMRAM 000041
___inthi_sp                           stack        000000
___intlo_sp                           stack        000000
___lwdiv                              text53       005C84
___lwdiv@counter                      cstackCOMRAM 000024
___lwdiv@dividend                     cstackCOMRAM 000020
___lwdiv@divisor                      cstackCOMRAM 000022
___lwdiv@quotient                     cstackCOMRAM 000025
___lwmod                              text52       005D5C
___lwmod@counter                      cstackCOMRAM 000016
___lwmod@dividend                     cstackCOMRAM 000012
___lwmod@divisor                      cstackCOMRAM 000014
___param_bank                         (abs)        000000
___rparam_used                        (abs)        000001
___sp                                 stack        000000
___wmul                               text70       00628E
___wmul@multiplicand                  cstackCOMRAM 00001C
___wmul@multiplier                    cstackCOMRAM 00001A
___wmul@product                       cstackCOMRAM 00001E
___xxtofl                             text15       003A70
___xxtofl@arg                         cstackCOMRAM 00001C
___xxtofl@exp                         cstackCOMRAM 00001B
___xxtofl@sign                        cstackCOMRAM 00001A
___xxtofl@val                         cstackCOMRAM 000012
__accesstop                           (abs)        000060
__activetblptr                        (abs)        000002
__end_of_Ball_Update                  text30       005AA0
__end_of_Ball_draw                    text74       00421A
__end_of_Ball_init                    text40       005C10
__end_of_ENTERCRITICAL                text79       00637A
__end_of_Factory_exec                 text10       005F3C
__end_of_Factory_init                 text1        005574
__end_of_GameParameters_init          text35       002604
__end_of_GameParameters_resetPos      text26       006218
__end_of_GameParameters_setBackLight  text32       0060C6
__end_of_GameParameters_setX          text19       00634E
__end_of_GameParameters_setY          text18       006338
__end_of_LCD_Bitmap                   text51       000F74
__end_of_LCD_ButtonCreate             text39       004AC2
__end_of_LCD_ButtonDraw               text48       001462
__end_of_LCD_ButtonUpdate             text49       003A70
__end_of_LCD_DrawRect                 text75       003042
__end_of_LCD_DrawText                 text68       002220
__end_of_LCD_Fill                     text73       0053FA
__end_of_LCD_InButton                 text25       004D82
__end_of_LCD_InSlider                 text34       004E60
__end_of_LCD_Init                     text8        0035CC
__end_of_LCD_Lowlevel_Init            text9        00598A
__end_of_LCD_Read                     text50       00435C
__end_of_LCD_SliderCreate             text38       004CA4
__end_of_LCD_SliderDraw               text45       0046BE
__end_of_LCD_SliderUpdate             text46       001938
__end_of_LEAVECRITICAL                text78       006364
__end_of_Menu_endGame                 text47       00578C
__end_of_Menu_inGameDraw              text55       005F92
__end_of_Menu_parametersDraw          text44       005B22
__end_of_Menu_welcomeDraw             text43       005B9A
__end_of_Paddle_addX                  text24       005016
__end_of_Paddle_draw                  text72       00448E
__end_of_Paddle_init                  text37       0056DC
__end_of_RGB2LCD                      text54       0054B8
__end_of_Score_draw                   text56       0050E8
__end_of_Score_init                   text36       00628E
__end_of_XF_decrementAndQueueTimers   text81       0045B0
__end_of_XF_init                      text7        00562C
__end_of_XF_popEvent                  text76       005EE6
__end_of_XF_pushEvent                 text29       005D5C
__end_of_XF_scheduleTimer             text33       005C84
__end_of_XF_unscheduleTimer           text85       006186
__end_of___aodiv                      text67       003F60
__end_of___aomod                      text66       0040C4
__end_of___awdiv                      text71       005276
__end_of___awmod                      text77       00583C
__end_of___fldiv                      text17       00299E
__end_of___fltol                      text16       0047C4
__end_of___lwdiv                      text53       005CF8
__end_of___lwmod                      text52       005DC0
__end_of___wmul                       text70       0062B4
__end_of___xxtofl                     text15       003C24
__end_of__initialization              cinit        0061E0
__end_of_abs                          text65       00614A
__end_of_arialNarrow_12ptBitmaps      mediumconst  007E62
__end_of_arialNarrow_12ptDescriptors  mediumconst  007F7F
__end_of_arialNarrow_12ptFontInfo     mediumconst  007F86
__end_of_backlightController          text31       001DD6
__end_of_checkCollision               text28       00097E
__end_of_configMeasure                text14       006034
__end_of_configTouch                  text13       0062F4
__end_of_displayController            text42       0048C8
__end_of_displayInit                  text6        00630C
__end_of_displaySM                    text41       0049C8
__end_of_dtoa                         text60       003324
__end_of_fputc                        text63       0051B2
__end_of_fputs                        text62       00610A
__end_of_gameControllerController     text22       002D08
__end_of_gameControllerInit           text5        006322
__end_of_gameControllerSM             text21       004F3C
__end_of_isr                          intcode      0000B0
__end_of_main                         text0        0063B6
__end_of_mooveBall                    text27       006268
__end_of_moovePaddle                  text23       004BB6
__end_of_pad                          text61       005338
__end_of_putch                        text64       0063C6
__end_of_sleepController              text4        0061BC
__end_of_sleepInit                    text2        006240
__end_of_sleepSM                      text20       0063C4
__end_of_sprintf                      text57       005FE4
__end_of_strlen                       text69       006082
__end_of_touchScreenController        text12       00383A
__end_of_touchScreenInit              text3        0063C2
__end_of_touchScreenSM                text11       005A1E
__end_of_vfpfcnvrt                    text59       003DD8
__end_of_vfprintf                     text58       005E86
__end_ofi2_ENTERCRITICAL              text87       0063A6
__end_ofi2_LEAVECRITICAL              text86       006390
__end_ofi2_XF_pushEvent               text83       005E24
__end_ofi2___awmod                    text84       0058EC
__end_ofi2___wmul                     text82       0062DA
__initialization                      cinit        0061BC
__mediumconst                         mediumconst  00783A
__pbssBANK0                           bssBANK0     0000B5
__pbssBANK1                           bssBANK1     000100
__pbssCOMRAM                          bssCOMRAM    000047
__pcinit                              cinit        0061BC
__pcstackBANK0                        cstackBANK0  000060
__pcstackBANK1                        cstackBANK1  0001EF
__pcstackCOMRAM                       cstackCOMRAM 000001
__pintcode                            intcode      000008
__pmediumconst                        mediumconst  00783A
__ptext0                              text0        0063A6
__ptext1                              text1        0054B8
__ptext10                             text10       005EE6
__ptext11                             text11       00598A
__ptext12                             text12       0035CC
__ptext13                             text13       0062DA
__ptext14                             text14       005FE4
__ptext15                             text15       003A70
__ptext16                             text16       0046BE
__ptext17                             text17       002604
__ptext18                             text18       006322
__ptext19                             text19       006338
__ptext2                              text2        006218
__ptext20                             text20       0063C2
__ptext21                             text21       004E60
__ptext22                             text22       00299E
__ptext23                             text23       004AC2
__ptext24                             text24       004F3C
__ptext25                             text25       004CA4
__ptext26                             text26       0061EE
__ptext27                             text27       006240
__ptext28                             text28       0000B4
__ptext29                             text29       005CF8
__ptext3                              text3        0063B6
__ptext30                             text30       005A1E
__ptext31                             text31       001938
__ptext32                             text32       006082
__ptext33                             text33       005C10
__ptext34                             text34       004D82
__ptext35                             text35       002220
__ptext36                             text36       006268
__ptext37                             text37       00562C
__ptext38                             text38       004BB6
__ptext39                             text39       0049C8
__ptext4                              text4        006186
__ptext40                             text40       005B9A
__ptext41                             text41       0048C8
__ptext42                             text42       0047C4
__ptext43                             text43       005B22
__ptext44                             text44       005AA0
__ptext45                             text45       0045B0
__ptext46                             text46       001462
__ptext47                             text47       0056DC
__ptext48                             text48       000F74
__ptext49                             text49       00383A
__ptext5                              text5        00630C
__ptext50                             text50       00421A
__ptext51                             text51       00097E
__ptext52                             text52       005D5C
__ptext53                             text53       005C84
__ptext54                             text54       0053FA
__ptext55                             text55       005F3C
__ptext56                             text56       005016
__ptext57                             text57       005F92
__ptext58                             text58       005E24
__ptext59                             text59       003C24
__ptext6                              text6        0062F4
__ptext60                             text60       003042
__ptext61                             text61       005276
__ptext62                             text62       0060C6
__ptext63                             text63       0050E8
__ptext64                             text64       0063C4
__ptext65                             text65       00610A
__ptext66                             text66       003F60
__ptext67                             text67       003DD8
__ptext68                             text68       001DD6
__ptext69                             text69       006034
__ptext7                              text7        005574
__ptext70                             text70       00628E
__ptext71                             text71       0051B2
__ptext72                             text72       00435C
__ptext73                             text73       005338
__ptext74                             text74       0040C4
__ptext75                             text75       002D08
__ptext76                             text76       005E86
__ptext77                             text77       00578C
__ptext78                             text78       00634E
__ptext79                             text79       006364
__ptext8                              text8        003324
__ptext81                             text81       00448E
__ptext82                             text82       0062B4
__ptext83                             text83       005DC0
__ptext84                             text84       00583C
__ptext85                             text85       00614A
__ptext86                             text86       00637A
__ptext87                             text87       006390
__ptext9                              text9        0058EC
__ramtop                              ramtop       000600
__size_of_Ball_Update                 (abs)        000000
__size_of_Ball_draw                   (abs)        000000
__size_of_Ball_init                   (abs)        000000
__size_of_ENTERCRITICAL               (abs)        000000
__size_of_Factory_exec                (abs)        000000
__size_of_Factory_init                (abs)        000000
__size_of_GameParameters_init         (abs)        000000
__size_of_GameParameters_resetPos     (abs)        000000
__size_of_GameParameters_setBackLight (abs)        000000
__size_of_GameParameters_setX         (abs)        000000
__size_of_GameParameters_setY         (abs)        000000
__size_of_LCD_Bitmap                  (abs)        000000
__size_of_LCD_ButtonCreate            (abs)        000000
__size_of_LCD_ButtonDraw              (abs)        000000
__size_of_LCD_ButtonUpdate            (abs)        000000
__size_of_LCD_DrawRect                (abs)        000000
__size_of_LCD_DrawText                (abs)        000000
__size_of_LCD_Fill                    (abs)        000000
__size_of_LCD_InButton                (abs)        000000
__size_of_LCD_InSlider                (abs)        000000
__size_of_LCD_Init                    (abs)        000000
__size_of_LCD_Lowlevel_Init           (abs)        000000
__size_of_LCD_Read                    (abs)        000000
__size_of_LCD_SliderCreate            (abs)        000000
__size_of_LCD_SliderDraw              (abs)        000000
__size_of_LCD_SliderUpdate            (abs)        000000
__size_of_LEAVECRITICAL               (abs)        000000
__size_of_Menu_endGame                (abs)        000000
__size_of_Menu_inGameDraw             (abs)        000000
__size_of_Menu_parametersDraw         (abs)        000000
__size_of_Menu_welcomeDraw            (abs)        000000
__size_of_Paddle_addX                 (abs)        000000
__size_of_Paddle_draw                 (abs)        000000
__size_of_Paddle_init                 (abs)        000000
__size_of_RGB2LCD                     (abs)        000000
__size_of_Score_draw                  (abs)        000000
__size_of_Score_init                  (abs)        000000
__size_of_XF_decrementAndQueueTimers  (abs)        000000
__size_of_XF_init                     (abs)        000000
__size_of_XF_popEvent                 (abs)        000000
__size_of_XF_pushEvent                (abs)        000000
__size_of_XF_scheduleTimer            (abs)        000000
__size_of_XF_unscheduleTimer          (abs)        000000
__size_of___aodiv                     (abs)        000000
__size_of___aomod                     (abs)        000000
__size_of___awdiv                     (abs)        000000
__size_of___awmod                     (abs)        000000
__size_of___fldiv                     (abs)        000000
__size_of___fltol                     (abs)        000000
__size_of___lwdiv                     (abs)        000000
__size_of___lwmod                     (abs)        000000
__size_of___wmul                      (abs)        000000
__size_of___xxtofl                    (abs)        000000
__size_of_abs                         (abs)        000000
__size_of_backlightController         (abs)        000000
__size_of_checkCollision              (abs)        000000
__size_of_configMeasure               (abs)        000000
__size_of_configTouch                 (abs)        000000
__size_of_displayController           (abs)        000000
__size_of_displayInit                 (abs)        000000
__size_of_displaySM                   (abs)        000000
__size_of_dtoa                        (abs)        000000
__size_of_fputc                       (abs)        000000
__size_of_fputs                       (abs)        000000
__size_of_gameControllerController    (abs)        000000
__size_of_gameControllerInit          (abs)        000000
__size_of_gameControllerSM            (abs)        000000
__size_of_isr                         (abs)        000000
__size_of_main                        (abs)        000000
__size_of_mooveBall                   (abs)        000000
__size_of_moovePaddle                 (abs)        000000
__size_of_pad                         (abs)        000000
__size_of_putch                       (abs)        000000
__size_of_sleepController             (abs)        000000
__size_of_sleepInit                   (abs)        000000
__size_of_sleepSM                     (abs)        000000
__size_of_sprintf                     (abs)        000000
__size_of_strlen                      (abs)        000000
__size_of_touchScreenController       (abs)        000000
__size_of_touchScreenInit             (abs)        000000
__size_of_touchScreenSM               (abs)        000000
__size_of_vfpfcnvrt                   (abs)        000000
__size_of_vfprintf                    (abs)        000000
__size_ofi2_ENTERCRITICAL             (abs)        000000
__size_ofi2_LEAVECRITICAL             (abs)        000000
__size_ofi2_XF_pushEvent              (abs)        000000
__size_ofi2___awmod                   (abs)        000000
__size_ofi2___wmul                    (abs)        000000
__smallconst                          smallconst   000000
_abs                                  text65       00610A
_arialNarrow_12ptBitmaps              mediumconst  00783B
_arialNarrow_12ptDescriptors          mediumconst  007E62
_arialNarrow_12ptFontInfo             mediumconst  007F7F
_backlightController                  text31       001938
_checkCollision                       text28       0000B4
_configMeasure                        text14       005FE4
_configTouch                          text13       0062DA
_dbuf                                 bssBANK0     0000E0
_displayController                    text42       0047C4
_displayInit                          text6        0062F4
_displaySM                            text41       0048C8
_displayState                         bssBANK0     0000DD
_dtoa                                 text60       003042
_dtoa$4923                            cstackBANK0  000060
_flags                                bssCOMRAM    00004B
_fputc                                text63       0050E8
_fputs                                text62       0060C6
_g1                                   bssBANK1     000100
_gameControllerController             text22       00299E
_gameControllerInit                   text5        00630C
_gameControllerSM                     text21       004E60
_gameStateMachine                     bssCOMRAM    00004D
_isr                                  intcode      000008
_main                                 text0        0063A6
_mooveBall                            text27       006240
_moovePaddle                          text23       004AC2
_nout                                 bssBANK0     0000DB
_pad                                  text61       005276
_prec                                 bssCOMRAM    000049
_putch                                text64       0063C4
_sleepController                      text4        006186
_sleepInit                            text2        006218
_sleepSM                              text20       0063C2
_sleepState                           bssBANK0     0000DF
_sprintf                              text57       005F92
_strlen                               text69       006034
_theXF                                bssBANK0     0000B5
_touchScreenController                text12       0035CC
_touchScreenInit                      text3        0063B6
_touchScreenSM                        text11       00598A
_touchScreenState                     bssBANK0     0000DE
_vfpfcnvrt                            text59       003C24
_vfprintf                             text58       005E24
_width                                bssCOMRAM    000047
abs@a                                 cstackCOMRAM 000024
backlightController@g                 cstackCOMRAM 000018
btemp                                 temp         00004E
checkCollision@g                      cstackCOMRAM 00001B
configMeasure@channel                 cstackCOMRAM 000012
displayController@ev                  cstackBANK0  0000A0
displayController@g                   cstackBANK0  00009E
displayInit@g                         cstackBANK0  0000A3
displaySM@ev                          cstackBANK0  0000A7
displaySM@g                           cstackBANK0  0000A3
dtoa@d                                cstackCOMRAM 00002F
dtoa@fp                               cstackCOMRAM 00002D
dtoa@i                                cstackBANK0  000070
dtoa@n                                cstackBANK0  000068
dtoa@p                                cstackBANK0  000062
dtoa@s                                cstackBANK0  000066
dtoa@w                                cstackBANK0  000064
end_of_initialization                 cinit        0061E0
fputc@c                               cstackCOMRAM 000012
fputc@fp                              cstackCOMRAM 000014
fputs@c                               cstackCOMRAM 00001F
fputs@fp                              cstackCOMRAM 00001D
fputs@i                               cstackCOMRAM 000020
fputs@s                               cstackCOMRAM 00001B
gameControllerController@ev           cstackCOMRAM 000039
gameControllerController@g            cstackCOMRAM 000037
gameControllerInit@g                  cstackCOMRAM 00003C
gameControllerSM@ev                   cstackCOMRAM 000040
gameControllerSM@g                    cstackCOMRAM 00003C
i2ENTERCRITICAL@inISR                 cstackCOMRAM 000001
i2LEAVECRITICAL@inISR                 cstackCOMRAM 000001
i2XF_pushEvent@ev                     cstackCOMRAM 000008
i2XF_pushEvent@inISR                  cstackCOMRAM 000007
i2XF_pushEvent@temp                   cstackCOMRAM 000009
i2_ENTERCRITICAL                      text87       006390
i2_LEAVECRITICAL                      text86       00637A
i2_XF_pushEvent                       text83       005DC0
i2___awmod                            text84       00583C
i2___awmod@counter                    cstackCOMRAM 000005
i2___awmod@dividend                   cstackCOMRAM 000001
i2___awmod@divisor                    cstackCOMRAM 000003
i2___awmod@sign                       cstackCOMRAM 000006
i2___wmul                             text82       0062B4
i2___wmul@multiplicand                cstackCOMRAM 000003
i2___wmul@multiplier                  cstackCOMRAM 000001
i2___wmul@product                     cstackCOMRAM 000005
int$flags                             temp         00004E
intlevel0                             text         000000
intlevel1                             text         000000
intlevel2                             text         000000
intlevel3                             text         000000
isa$std                               (abs)        000001
isa$xinst                             (abs)        000000
mooveBall@g                           cstackCOMRAM 000025
moovePaddle@g                         cstackCOMRAM 00001C
pad@buf                               cstackCOMRAM 000024
pad@fp                                cstackCOMRAM 000022
pad@i                                 cstackCOMRAM 000029
pad@p                                 cstackCOMRAM 000026
pad@w                                 cstackCOMRAM 00002B
sleepInit@g                           cstackBANK0  0000A5
sprintf@ap                            cstackBANK0  000088
sprintf@f                             cstackBANK0  00008A
sprintf@fmt                           cstackBANK0  000084
sprintf@s                             cstackBANK0  000082
stackhi                               (abs)        0005FF
stacklo                               (abs)        0001F0
start                                 init         0000B0
start_initialization                  cinit        0061BC
strlen@a                              cstackCOMRAM 000014
strlen@s                              cstackCOMRAM 000012
touchScreenController@g               cstackBANK0  000090
touchScreenController@s               cstackBANK0  000098
touchScreenController@valueX          cstackBANK0  0000AE
touchScreenController@valueY          cstackBANK0  0000AC
touchScreenSM@ev                      cstackBANK0  0000B4
touchScreenSM@g                       cstackBANK0  0000B0
ttemp5                                temp         00004F
ttemp6                                temp         000052
ttemp7                                temp         000056
vfpfcnvrt@ap                          cstackCOMRAM 000043
vfpfcnvrt@fmt                         cstackCOMRAM 000041
vfpfcnvrt@fp                          cstackCOMRAM 00003F
vfpfcnvrt@ll                          cstackBANK0  000072
vfprintf@ap                           cstackBANK0  00007E
vfprintf@cfmt                         cstackBANK0  000080
vfprintf@fmt                          cstackBANK0  00007C
vfprintf@fp                           cstackBANK0  00007A
wtemp8                                temp         00004F


MODULE INFORMATION

Module		Function		Class		Link	Load	Size
C:\Program Files\Microchip\xc8\v2.32\pic\sources\c99\common\nf_sprintf.c
		_sprintf       		CODE           	5F92	0000	82

C:\Program Files\Microchip\xc8\v2.32\pic\sources\c99\common\nf_sprintf.c estimated size: 82

C:\Program Files\Microchip\xc8\v2.32\pic\sources\c99\common\awdiv.c
		___awdiv       		CODE           	51B2	0000	196

C:\Program Files\Microchip\xc8\v2.32\pic\sources\c99\common\awdiv.c estimated size: 196

class/gameParameters.c
		_GameParameters_setX		CODE           	6338	0000	22
		_GameParameters_init		CODE           	2220	0000	996
		_GameParameters_setY		CODE           	6322	0000	22
		_GameParameters_setBackLight		CODE           	6082	0000	68
		_GameParameters_resetPos		CODE           	61EE	0000	42

class/gameParameters.c estimated size: 1150

C:\Program Files\Microchip\xc8\v2.32\pic\sources\c99\common\doprnt.c
		_vfpfcnvrt     		CODE           	3C24	0000	436
		_pad           		CODE           	5276	0000	194
		_dtoa          		CODE           	3042	0000	738
		_vfprintf      		CODE           	5E24	0000	98

C:\Program Files\Microchip\xc8\v2.32\pic\sources\c99\common\doprnt.c estimated size: 1466

class/factory.c
		_Factory_exec  		CODE           	5EE6	0000	86
		_Factory_init  		CODE           	54B8	0000	188

class/factory.c estimated size: 274

class/score.c
		_Score_draw    		CODE           	5016	0000	210
		_Score_init    		CODE           	6268	0000	38

class/score.c estimated size: 248

stateMachine/sleepSM.c
		_sleepSM       		CODE           	63C2	0000	2
		_sleepInit     		CODE           	6218	0000	40
		_sleepController		CODE           	6186	0000	54

stateMachine/sleepSM.c estimated size: 96

C:\Program Files\Microchip\xc8\v2.32\pic\sources\c99\common\lwmod.c
		___lwmod       		CODE           	5D5C	0000	100

C:\Program Files\Microchip\xc8\v2.32\pic\sources\c99\common\lwmod.c estimated size: 100

C:\Program Files\Microchip\xc8\v2.32\pic\sources\c99\common\nf_fputs.c
		_fputs         		CODE           	60C6	0000	68

C:\Program Files\Microchip\xc8\v2.32\pic\sources\c99\common\nf_fputs.c estimated size: 68

C:\Program Files\Microchip\xc8\v2.32\pic\sources\c99\common\putch.c
		_putch         		CODE           	63C4	0000	2

C:\Program Files\Microchip\xc8\v2.32\pic\sources\c99\common\putch.c estimated size: 2

C:\Program Files\Microchip\xc8\v2.32\pic\sources\c99\common\Umul16.c
		___wmul        		CODE           	628E	0000	38

C:\Program Files\Microchip\xc8\v2.32\pic\sources\c99\common\Umul16.c estimated size: 38

C:\Program Files\Microchip\xc8\v2.32\pic\sources\c99\common\abs.c
		_abs           		CODE           	610A	0000	64

C:\Program Files\Microchip\xc8\v2.32\pic\sources\c99\common\abs.c estimated size: 64

stateMachine/touchScreenSM.c
		_configTouch   		CODE           	62DA	0000	26
		_touchScreenInit		CODE           	63B6	0000	12
		_touchScreenController		CODE           	35CC	0000	622
		_configMeasure 		CODE           	5FE4	0000	80
		_touchScreenSM 		CODE           	598A	0000	148

stateMachine/touchScreenSM.c estimated size: 888

C:\Program Files\Microchip\xc8\v2.32\pic\sources\c99\common\aomod.c
		___aomod       		CODE           	3F60	0000	356

C:\Program Files\Microchip\xc8\v2.32\pic\sources\c99\common\aomod.c estimated size: 356

libraries/lcd_lowlevel.c
		_LCD_Lowlevel_Init		CODE           	58EC	0000	158
		_LCD_Read      		CODE           	421A	0000	322

libraries/lcd_lowlevel.c estimated size: 480

shared
		_arialNarrow_12ptFontInfo		MEDIUMCONST    	7F7F	0000	7
		i2_XF_pushEvent		CODE           	5DC0	0000	100
		_arialNarrow_12ptBitmaps		MEDIUMCONST    	783B	0000	1575
		i2_ENTERCRITICAL		CODE           	6390	0000	22
		i2___wmul      		CODE           	62B4	0000	38
		__initialization		CODE           	61BC	0000	36
		i2_LEAVECRITICAL		CODE           	637A	0000	22
		i2___awmod     		CODE           	583C	0000	176
		_arialNarrow_12ptDescriptors		MEDIUMCONST    	7E62	0000	285

shared estimated size: 2261

C:\Program Files\Microchip\xc8\v2.32\pic\sources\c99\common\awmod.c
		___awmod       		CODE           	578C	0000	176

C:\Program Files\Microchip\xc8\v2.32\pic\sources\c99\common\awmod.c estimated size: 176

C:\Program Files\Microchip\xc8\v2.32\pic\sources\c99\common\sprcdiv.c
		___fldiv       		CODE           	2604	0000	922

C:\Program Files\Microchip\xc8\v2.32\pic\sources\c99\common\sprcdiv.c estimated size: 922

stateMachine/display.c
		_displaySM     		CODE           	48C8	0000	256
		_displayInit   		CODE           	62F4	0000	24
		_displayController		CODE           	47C4	0000	260

stateMachine/display.c estimated size: 540

class/menu.c
		_Menu_inGameDraw		CODE           	5F3C	0000	86
		_Menu_endGame  		CODE           	56DC	0000	176
		_Menu_welcomeDraw		CODE           	5B22	0000	120
		_Menu_parametersDraw		CODE           	5AA0	0000	130

class/menu.c estimated size: 512

libraries/lcd_highlevel.c
		_LCD_Init      		CODE           	3324	0000	680
		_LCD_ButtonDraw		CODE           	0F74	0000	1262
		_LCD_DrawRect  		CODE           	2D08	0000	826
		_LCD_DrawText  		CODE           	1DD6	0000	1098
		_LCD_SliderCreate		CODE           	4BB6	0000	238
		_LCD_SliderUpdate		CODE           	1462	0000	1238
		_LCD_InButton  		CODE           	4CA4	0000	222
		_LCD_SliderDraw		CODE           	45B0	0000	270
		_RGB2LCD       		CODE           	53FA	0000	190
		_LCD_Bitmap    		CODE           	097E	0000	1526
		_LCD_Fill      		CODE           	5338	0000	194
		_LCD_ButtonCreate		CODE           	49C8	0000	250
		_LCD_ButtonUpdate		CODE           	383A	0000	566
		_LCD_InSlider  		CODE           	4D82	0000	222

libraries/lcd_highlevel.c estimated size: 8782

xf/xf.c
		_XF_popEvent   		CODE           	5E86	0000	96
		_XF_init       		CODE           	5574	0000	184
		_XF_pushEvent  		CODE           	5CF8	0000	100
		_ENTERCRITICAL 		CODE           	6364	0000	22
		_XF_decrementAndQueueTimers		CODE           	448E	0000	290
		_XF_unscheduleTimer		CODE           	614A	0000	60
		_XF_scheduleTimer		CODE           	5C10	0000	116
		_LEAVECRITICAL 		CODE           	634E	0000	22

xf/xf.c estimated size: 890

C:\Program Files\Microchip\xc8\v2.32\pic\sources\c99\common\lwdiv.c
		___lwdiv       		CODE           	5C84	0000	116

C:\Program Files\Microchip\xc8\v2.32\pic\sources\c99\common\lwdiv.c estimated size: 116

class/ball.c
		_Ball_Update   		CODE           	5A1E	0000	130
		_Ball_init     		CODE           	5B9A	0000	118
		_Ball_draw     		CODE           	40C4	0000	342

class/ball.c estimated size: 590

C:\Program Files\Microchip\xc8\v2.32\pic\sources\c99\common\fltol.c
		___fltol       		CODE           	46BE	0000	262

C:\Program Files\Microchip\xc8\v2.32\pic\sources\c99\common\fltol.c estimated size: 262

C:\Program Files\Microchip\xc8\v2.32\pic\sources\c99\common\xxtofl.c
		___xxtofl      		CODE           	3A70	0000	436

C:\Program Files\Microchip\xc8\v2.32\pic\sources\c99\common\xxtofl.c estimated size: 436

C:\Program Files\Microchip\xc8\v2.32\pic\sources\c99\common\nf_fputc.c
		_fputc         		CODE           	50E8	0000	202

C:\Program Files\Microchip\xc8\v2.32\pic\sources\c99\common\nf_fputc.c estimated size: 202

C:\Program Files\Microchip\xc8\v2.32\pic\sources\c99\common\aodiv.c
		___aodiv       		CODE           	3DD8	0000	392

C:\Program Files\Microchip\xc8\v2.32\pic\sources\c99\common\aodiv.c estimated size: 392

stateMachine/gameController.c
		_moovePaddle   		CODE           	4AC2	0000	244
		_checkCollision		CODE           	00B4	0000	2250
		_mooveBall     		CODE           	6240	0000	40
		_gameControllerController		CODE           	299E	0000	874
		_backlightController		CODE           	1938	0000	1182
		_gameControllerInit		CODE           	630C	0000	22
		_gameControllerSM		CODE           	4E60	0000	220

stateMachine/gameController.c estimated size: 4832

main.c
		_main          		CODE           	63A6	0000	16
		_isr           		CODE           	0008	0000	168

main.c estimated size: 184

C:\Program Files\Microchip\xc8\v2.32\pic\sources\c99\common\strlen.c
		_strlen        		CODE           	6034	0000	78

C:\Program Files\Microchip\xc8\v2.32\pic\sources\c99\common\strlen.c estimated size: 78

class/paddle.c
		_Paddle_addX   		CODE           	4F3C	0000	218
		_Paddle_draw   		CODE           	435C	0000	306
		_Paddle_init   		CODE           	562C	0000	176

class/paddle.c estimated size: 700

