Microchip MPLAB XC8 Compiler V2.32

Linker command line:

--edf=C:\Program Files\Microchip\xc8\v2.32\pic\dat\en_msgs.txt -cn \
  -h+dist/default/production\Pong.X.production.sym \
  --cmf=dist/default/production\Pong.X.production.cmf -z -Q18LF25K22 \
  -oC:\Users\SEBAST~1.MET\AppData\Local\Temp\xcAs3ng.4 \
  --defsym=__MPLAB_BUILD=1 -Mdist/default/production/Pong.X.production.map \
  -E1 -ver=XC8 Compiler --acfsm=1493 -ASTACK=060h-05FFh -pstack=STACK \
  -ACODE=00h-07FFFh -ACONST=00h-07FFFh -ASMALLCONST=0600h-06FFhx122 \
  -AMEDIUMCONST=0600h-07FFFh -ACOMRAM=01h-05Fh -AABS1=00h-05FFh \
  -ABIGRAM=01h-05FFh -ARAM=060h-0FFh,0100h-01FFhx5 -ABANK0=060h-0FFh \
  -ABANK1=0100h-01FFh -ABANK2=0200h-02FFh -ABANK3=0300h-03FFh \
  -ABANK4=0400h-04FFh -ABANK5=0500h-05FFh -ASFR=0F38h-0F5Fh,0F60h-0FFFh \
  -ACONFIG=0300000h-030000Dh -AIDLOC=0200000h-0200007h \
  -AEEDATA=0F00000h-0F000FFh -peeprom_data=EEDATA \
  -preset_vec=00h,intcode,intcodelo,powerup,init -pramtop=0600h \
  -psmallconst=SMALLCONST -pmediumconst=MEDIUMCONST -pconst=CONST \
  -AFARRAM=00h-00h \
  -prdata=COMRAM,nvrram=COMRAM,nvbit=COMRAM,rbss=COMRAM,rbit=COMRAM \
  -pfarbss=FARRAM,fardata=FARRAM,nvFARRAM=FARRAM \
  -pintsave_regs=BIGRAM,bigbss=BIGRAM,bigdata=BIGRAM -pbss=RAM \
  -pidata=CODE,irdata=CODE,ibigdata=CODE,ifardata=CODE -prparam=COMRAM \
  C:\Users\SEBAST~1.MET\AppData\Local\Temp\xcAs3ng.o \
  dist/default/production\Pong.X.production.o 

Object code version is 3.11

Machine type is 18LF25K22



                Name                               Link     Load   Length Selector   Space Scale
C:\Users\SEBAST~1.MET\AppData\Local\Temp\xcAs3ng.o
                idloc                            200000   200000        8        0       5
                config                           300000   300000        E        0       4
                init                                  0        0        4        0       0
dist/default/production\Pong.X.production.o
                idloc                            200000   200000        8        0       5
                config                           300000   300000        E        0       4
                mediumconst                        66AA     66AA     1956     3355       0
                text12                             62D4     62D4       16     316A       0
                text11                             62EA     62EA       16     3175       0
                text10                             6544     6544       B0     32A2       0
                text9                              63CC     63CC       5C     31E6       0
                text8                              6316     6316       26     318B       0
                text7                              65F4     65F4       B6     32FA       0
                text6                              6398     6398       34     31CC       0
                text5                              62C0     62C0        A     3160       0
                text4                              62CA     62CA        A     3165       0
                text3                              64A6     64A6       9E     3253       0
                text2                              633C     633C       2C     319E       0
                text1                              6428     6428       7E     3214       0
                text0                              6368     6368       30     31B4       0
                cstackCOMRAM                         30       30        9        1       1
                bssCOMRAM                             1        1       2F        1       1
                cinit                              6300     6300       16     3180       0

TOTAL           Name                               Link     Load   Length     Space
        CLASS   STACK          

        CLASS   CODE           
                init                                  0        0        4         0
                text12                             62D4     62D4       16         0
                text11                             62EA     62EA       16         0
                text10                             6544     6544       B0         0
                text9                              63CC     63CC       5C         0
                text8                              6316     6316       26         0
                text7                              65F4     65F4       B6         0
                text6                              6398     6398       34         0
                text5                              62C0     62C0        A         0
                text4                              62CA     62CA        A         0
                text3                              64A6     64A6       9E         0
                text2                              633C     633C       2C         0
                text1                              6428     6428       7E         0
                text0                              6368     6368       30         0
                cinit                              6300     6300       16         0

        CLASS   CONST          

        CLASS   SMALLCONST     

        CLASS   MEDIUMCONST    
                mediumconst                        66AA     66AA     1956         0

        CLASS   COMRAM         
                cstackCOMRAM                         30       30        9         1
                bssCOMRAM                             1        1       2F         1

        CLASS   ABS1           

        CLASS   BIGRAM         

        CLASS   RAM            

        CLASS   BANK0          

        CLASS   BANK1          

        CLASS   BANK2          

        CLASS   BANK3          

        CLASS   BANK4          

        CLASS   BANK5          

        CLASS   SFR            

        CLASS   CONFIG         
                config                           300000   300000        E         4

        CLASS   IDLOC          
                idloc                            200000   200000        8         5

        CLASS   EEDATA         

        CLASS   FARRAM         



SEGMENTS        Name                           Load    Length   Top    Selector   Space  Class

                reset_vec                      000000  000004  000004         0       0  CODE    
                bssCOMRAM                      000001  000038  000039         1       1  COMRAM  
                text5                          0062C0  00000A  0062CA      3160       0  CODE    
                text4                          0062CA  00000A  0062D4      3165       0  CODE    
                text12                         0062D4  000016  0062EA      316A       0  CODE    
                text11                         0062EA  000016  006300      3175       0  CODE    
                cinit                          006300  000016  006316      3180       0  CODE    
                text8                          006316  000026  00633C      318B       0  CODE    
                text2                          00633C  00002C  006368      319E       0  CODE    
                text0                          006368  000030  006398      31B4       0  CODE    
                text6                          006398  000034  0063CC      31CC       0  CODE    
                text9                          0063CC  00005C  006428      31E6       0  CODE    
                text1                          006428  00007E  0064A6      3214       0  CODE    
                text3                          0064A6  00009E  006544      3253       0  CODE    
                text10                         006544  0000B0  0065F4      32A2       0  CODE    
                text7                          0065F4  0000B6  0066AA      32FA       0  CODE    
                mediumconst                    0066AA  001956  008000      3355       0  MEDIUMCO


UNUSED ADDRESS RANGES

        Name                Unused          Largest block    Delta
        BANK0            000060-0000FF               A0
        BANK1            000100-0001FF              100
        BANK2            000200-0002FF              100
        BANK3            000300-0003FF              100
        BANK4            000400-0004FF              100
        BANK5            000500-0005FF              100
        BIGRAM           000039-0005FF              5C7
        CODE             000004-0062BF             62BC
        COMRAM           000039-00005F               27
        CONST            000004-0062BF             62BC
        EEDATA           F00000-F000FF              100
        MEDIUMCONST      000600-0062BF             5CC0
        RAM              000060-0005FF              100
        SFR              000F38-000FFF               28
        SMALLCONST       000600-0062BF              100
        STACK            000060-0005FF              5A0

                                  Symbol Table

?___awmod                                  cstackCOMRAM 000030
?___wmul                                   cstackCOMRAM 000030
ENTERCRITICAL@inISR                        cstackCOMRAM 000030
LEAVECRITICAL@inISR                        cstackCOMRAM 000030
XF_init@i                                  cstackCOMRAM 000036
XF_popEvent@ev                             cstackCOMRAM 000036
XF_popEvent@inISR                          cstackCOMRAM 000037
_CKE1                                      (abs)        007E3E
_ENTERCRITICAL                             text12       0062D4
_GIE                                       (abs)        007F97
_INT1IE                                    (abs)        007F83
_INTEDG1                                   (abs)        007F8D
_LATB3                                     (abs)        007C53
_LATB4                                     (abs)        007C54
_LATB5                                     (abs)        007C55
_LATC0                                     (abs)        007C58
_LATC1                                     (abs)        007C59
_LATC2                                     (abs)        007C5A
_LATC3                                     (abs)        007C5B
_LATC4                                     (abs)        007C5C
_LATC5                                     (abs)        007C5D
_LATC6                                     (abs)        007C5E
_LEAVECRITICAL                             text11       0062EA
_PORTA                                     (abs)        000F80
_SSPBUF                                    (abs)        000FC9
_SSPCON1                                   (abs)        000FC6
_SSPEN1                                    (abs)        007E35
_SSPIF                                     (abs)        007CF3
_TRISA                                     (abs)        000F92
_TRISB1                                    (abs)        007C99
_TRISB3                                    (abs)        007C9B
_TRISB4                                    (abs)        007C9C
_TRISB5                                    (abs)        007C9D
_TRISC0                                    (abs)        007CA0
_TRISC1                                    (abs)        007CA1
_TRISC2                                    (abs)        007CA2
_TRISC3                                    (abs)        007CA3
_TRISC4                                    (abs)        007CA4
_TRISC5                                    (abs)        007CA5
_TRISC6                                    (abs)        007CA6
_XF_init                                   text7        0065F4
_XF_popEvent                               text9        0063CC
__HRAM                                     (abs)        000000
__Habs1                                    abs1         000000
__Hbank0                                   bank0        000000
__Hbank1                                   bank1        000000
__Hbank2                                   bank2        000000
__Hbank3                                   bank3        000000
__Hbank4                                   bank4        000000
__Hbank5                                   bank5        000000
__Hbigbss                                  bigbss       000000
__Hbigdata                                 bigdata      000000
__Hbigram                                  bigram       000000
__Hbss                                     bss          000000
__HbssCOMRAM                               bssCOMRAM    000000
__Hcinit                                   cinit        000000
__Hclrtext                                 clrtext      000000
__Hcomram                                  comram       000000
__Hconfig                                  config       30000E
__Hconst                                   const        000000
__HcstackCOMRAM                            cstackCOMRAM 000000
__Hdata                                    data         000000
__Heeprom_data                             eeprom_data  000000
__Hfarbss                                  farbss       000000
__Hfardata                                 fardata      000000
__Hibigdata                                ibigdata     000000
__Hidata                                   idata        000000
__Hidloc                                   idloc        200008
__Hifardata                                ifardata     000000
__Hinit                                    init         000004
__Hintcode                                 intcode      000000
__Hintcode_body                            intcode_body 000000
__Hintcodelo                               intcodelo    000000
__Hintentry                                intentry     000000
__Hintret                                  intret       000000
__Hintsave_regs                            intsave_regs 000000
__Hirdata                                  irdata       000000
__Hmediumconst                             mediumconst  008000
__HnvFARRAM                                nvFARRAM     000000
__Hnvbit                                   nvbit        000000
__Hnvrram                                  nvrram       000000
__Hparam                                   rparam       000000
__Hpowerup                                 powerup      000000
__Hram                                     ram          000000
__Hramtop                                  ramtop       000600
__Hrbit                                    rbit         000000
__Hrbss                                    rbss         000000
__Hrdata                                   rdata        000000
__Hreset_vec                               reset_vec    000000
__Hrparam                                  rparam       000000
__Hsfr                                     sfr          000000
__Hsmallconst                              smallconst   000000
__Hspace_0                                 (abs)        008000
__Hspace_1                                 (abs)        000039
__Hspace_2                                 (abs)        000000
__Hspace_4                                 (abs)        60000E
__Hstack                                   stack        000000
__Hstruct                                  struct       000000
__Htemp                                    temp         000000
__Htext                                    text         000000
__Htext0                                   text0        000000
__Htext1                                   text1        000000
__Htext10                                  text10       000000
__Htext11                                  text11       000000
__Htext12                                  text12       000000
__Htext2                                   text2        000000
__Htext3                                   text3        000000
__Htext4                                   text4        000000
__Htext5                                   text5        000000
__Htext6                                   text6        000000
__Htext7                                   text7        000000
__Htext8                                   text8        000000
__Htext9                                   text9        000000
__LRAM                                     (abs)        000001
__Labs1                                    abs1         000000
__Lbank0                                   bank0        000000
__Lbank1                                   bank1        000000
__Lbank2                                   bank2        000000
__Lbank3                                   bank3        000000
__Lbank4                                   bank4        000000
__Lbank5                                   bank5        000000
__Lbigbss                                  bigbss       000000
__Lbigdata                                 bigdata      000000
__Lbigram                                  bigram       000000
__Lbss                                     bss          000000
__LbssCOMRAM                               bssCOMRAM    000000
__Lcinit                                   cinit        000000
__Lclrtext                                 clrtext      000000
__Lcomram                                  comram       000000
__Lconfig                                  config       000000
__Lconst                                   const        000000
__LcstackCOMRAM                            cstackCOMRAM 000000
__Ldata                                    data         000000
__Leeprom_data                             eeprom_data  000000
__Lfarbss                                  farbss       000000
__Lfardata                                 fardata      000000
__Libigdata                                ibigdata     000000
__Lidata                                   idata        000000
__Lidloc                                   idloc        000000
__Lifardata                                ifardata     000000
__Linit                                    init         000000
__Lintcode                                 intcode      000000
__Lintcode_body                            intcode_body 000000
__Lintcodelo                               intcodelo    000000
__Lintentry                                intentry     000000
__Lintret                                  intret       000000
__Lintsave_regs                            intsave_regs 000000
__Lirdata                                  irdata       000000
__Lmediumconst                             mediumconst  0066AA
__LnvFARRAM                                nvFARRAM     000000
__Lnvbit                                   nvbit        000000
__Lnvrram                                  nvrram       000000
__Lparam                                   rparam       000000
__Lpowerup                                 powerup      000000
__Lram                                     ram          000000
__Lramtop                                  ramtop       000600
__Lrbit                                    rbit         000000
__Lrbss                                    rbss         000000
__Lrdata                                   rdata        000000
__Lreset_vec                               reset_vec    000000
__Lrparam                                  rparam       000000
__Lsfr                                     sfr          000000
__Lsmallconst                              smallconst   000000
__Lspace_0                                 (abs)        000000
__Lspace_1                                 (abs)        000000
__Lspace_2                                 (abs)        000000
__Lspace_4                                 (abs)        000000
__Lstack                                   stack        000000
__Lstruct                                  struct       000000
__Ltemp                                    temp         000000
__Ltext                                    text         000000
__Ltext0                                   text0        000000
__Ltext1                                   text1        000000
__Ltext10                                  text10       000000
__Ltext11                                  text11       000000
__Ltext12                                  text12       000000
__Ltext2                                   text2        000000
__Ltext3                                   text3        000000
__Ltext4                                   text4        000000
__Ltext5                                   text5        000000
__Ltext6                                   text6        000000
__Ltext7                                   text7        000000
__Ltext8                                   text8        000000
__Ltext9                                   text9        000000
__S0                                       (abs)        008000
__S1                                       (abs)        000039
__S2                                       (abs)        000000
__S4                                       (abs)        000000
__S5                                       (abs)        000000
___awmod                                   text10       006544
___awmod@counter                           cstackCOMRAM 000034
___awmod@dividend                          cstackCOMRAM 000030
___awmod@divisor                           cstackCOMRAM 000032
___awmod@sign                              cstackCOMRAM 000035
___inthi_sp                                stack        000000
___intlo_sp                                stack        000000
___param_bank                              (abs)        000000
___rparam_used                             (abs)        000001
___sp                                      stack        000000
___wmul                                    text8        006316
___wmul@multiplicand                       cstackCOMRAM 000032
___wmul@multiplier                         cstackCOMRAM 000030
___wmul@product                            cstackCOMRAM 000034
__accesstop                                (abs)        000060
__activetblptr                             (abs)        000002
__end_of_ENTERCRITICAL                     text12       0062EA
__end_of_LEAVECRITICAL                     text11       006300
__end_of_XF_init                           text7        0066AA
__end_of_XF_popEvent                       text9        006428
__end_of___awmod                           text10       0065F4
__end_of___wmul                            text8        00633C
__end_of__initialization                   cinit        00630C
__end_of_arialNarrow_12ptBitmaps           mediumconst  007DC5
__end_of_arialNarrow_12ptDescriptors       mediumconst  007FFF
__end_of_arialNarrow_12ptFontInfo          mediumconst  0066B9
__end_of_arialRoundedMTBold18ptBitmaps     mediumconst  00779E
__end_of_arialRoundedMTBold18ptDescriptors mediumconst  007EE2
__end_of_arialRoundedMTBold18ptFontInfo    mediumconst  0066B2
__end_of_init                              text4        0062D4
__end_of_main                              text0        006398
__end_of_sleepController                   text6        0063CC
__end_of_sleepInit                         text5        0062CA
__end_of_sleepSM                           text3        006544
__end_of_touchScreenController             text2        006368
__end_of_touchScreenSM                     text1        0064A6
__initialization                           cinit        006300
__mediumconst                              mediumconst  0066AA
__pbssCOMRAM                               bssCOMRAM    000001
__pcinit                                   cinit        006300
__pcstackCOMRAM                            cstackCOMRAM 000030
__pmediumconst                             mediumconst  0066AA
__ptext0                                   text0        006368
__ptext1                                   text1        006428
__ptext10                                  text10       006544
__ptext11                                  text11       0062EA
__ptext12                                  text12       0062D4
__ptext2                                   text2        00633C
__ptext3                                   text3        0064A6
__ptext4                                   text4        0062CA
__ptext5                                   text5        0062C0
__ptext6                                   text6        006398
__ptext7                                   text7        0065F4
__ptext8                                   text8        006316
__ptext9                                   text9        0063CC
__ramtop                                   ramtop       000600
__size_of_ENTERCRITICAL                    (abs)        000000
__size_of_LEAVECRITICAL                    (abs)        000000
__size_of_XF_init                          (abs)        000000
__size_of_XF_popEvent                      (abs)        000000
__size_of___awmod                          (abs)        000000
__size_of___wmul                           (abs)        000000
__size_of_init                             (abs)        000000
__size_of_main                             (abs)        000000
__size_of_sleepController                  (abs)        000000
__size_of_sleepInit                        (abs)        000000
__size_of_sleepSM                          (abs)        000000
__size_of_touchScreenController            (abs)        000000
__size_of_touchScreenSM                    (abs)        000000
__smallconst                               smallconst   000000
_arialNarrow_12ptFontInfo                  mediumconst  0066B2
_arialRoundedMTBold18ptFontInfo            mediumconst  0066AB
_dummy                                     bssCOMRAM    00002F
_init                                      text4        0062CA
_main                                      text0        006368
_sleepController                           text6        006398
_sleepInit                                 text5        0062C0
_sleepSM                                   text3        0064A6
_sleepState                                bssCOMRAM    00002E
_theXF                                     bssCOMRAM    000001
_touchScreenController                     text2        00633C
_touchScreenSM                             text1        006428
_touchScreenState                          bssCOMRAM    00002D
_tsc                                       bssCOMRAM    000027
end_of_initialization                      cinit        00630C
intlevel0                                  text         000000
intlevel1                                  text         000000
intlevel2                                  text         000000
intlevel3                                  text         000000
isa$std                                    (abs)        000001
isa$xinst                                  (abs)        000000
main@ev                                    cstackCOMRAM 000038
sleepSM@ev                                 cstackCOMRAM 000034
stackhi                                    (abs)        0005FF
stacklo                                    (abs)        000060
start                                      init         000000
start_initialization                       cinit        006300
touchScreenSM@ev                           cstackCOMRAM 000034


MODULE INFORMATION

Module		Function		Class		Link	Load	Size
sleep.c
		_sleepSM       		CODE           	64A6	0000	158
		_sleepInit     		CODE           	62C0	0000	10
		_sleepController		CODE           	6398	0000	52

sleep.c estimated size: 220

C:\Program Files\Microchip\xc8\v2.32\pic\sources\c99\common\Umul16.c
		___wmul        		CODE           	6316	0000	38

C:\Program Files\Microchip\xc8\v2.32\pic\sources\c99\common\Umul16.c estimated size: 38

shared
		_arialNarrow_12ptFontInfo		MEDIUMCONST    	66B2	0000	7
		_arialRoundedMTBold18ptDescriptors		MEDIUMCONST    	0000	0000	0
		_arialNarrow_12ptBitmaps		MEDIUMCONST    	0000	0000	0
		_arialRoundedMTBold18ptFontInfo		MEDIUMCONST    	66AB	0000	7
		__initialization		CODE           	6300	0000	12
		_arialRoundedMTBold18ptBitmaps		MEDIUMCONST    	0000	0000	0
		_arialNarrow_12ptDescriptors		MEDIUMCONST    	0000	0000	0

shared estimated size: 26

C:\Program Files\Microchip\xc8\v2.32\pic\sources\c99\common\awmod.c
		___awmod       		CODE           	6544	0000	176

C:\Program Files\Microchip\xc8\v2.32\pic\sources\c99\common\awmod.c estimated size: 176

xf.c
		_XF_popEvent   		CODE           	63CC	0000	92
		_XF_init       		CODE           	65F4	0000	182
		_ENTERCRITICAL 		CODE           	62D4	0000	22
		_LEAVECRITICAL 		CODE           	62EA	0000	22

xf.c estimated size: 318

touchScreen.c
		_touchScreenController		CODE           	633C	0000	44
		_touchScreenSM 		CODE           	6428	0000	126

touchScreen.c estimated size: 170

main.c
		_init          		CODE           	62CA	0000	10
		_main          		CODE           	6368	0000	48

main.c estimated size: 58

